BL51 BANKED LINKER/LOCATER V6.22                                                        03/23/2015  20:02:13  PAGE 1


BL51 BANKED LINKER/LOCATER V6.22, INVOKED BY:
C:\KEIL\C51\BIN\BL51.EXE .\obj\test.obj, .\obj\char.obj, .\obj\FFT.obj, .\obj\FLASH.obj, .\obj\HC573.obj, .\obj\KEY.obj,
>>  .\obj\zimo.obj TO .\obj\test PRINT (.\test.m51)


MEMORY MODEL: LARGE


INPUT MODULES INCLUDED:
  .\obj\test.obj (TEST)
  .\obj\char.obj (CHAR)
  .\obj\FFT.obj (FFT)
  .\obj\FLASH.obj (FLASH)
  .\obj\HC573.obj (HC573)
  .\obj\KEY.obj (KEY)
  .\obj\zimo.obj (ZIMO)
  C:\KEIL\C51\LIB\C51L.LIB (?C_STARTUP)
  C:\KEIL\C51\LIB\C51L.LIB (?C?CLDPTR)
  C:\KEIL\C51\LIB\C51L.LIB (?C?CSTPTR)
  C:\KEIL\C51\LIB\C51L.LIB (?C?IMUL)
  C:\KEIL\C51\LIB\C51L.LIB (?C?UIDIV)
  C:\KEIL\C51\LIB\C51L.LIB (?C?SIDIV)
  C:\KEIL\C51\LIB\C51L.LIB (?C_INIT)


LINK MAP OF MODULE:  .\obj\test (TEST)


            TYPE    BASE      LENGTH    RELOCATION   SEGMENT NAME
            -----------------------------------------------------

            * * * * * * *   D A T A   M E M O R Y   * * * * * * *
            REG     0000H     0008H     ABSOLUTE     "REG BANK 0"
            IDATA   0008H     0001H     UNIT         ?STACK

            * * * * * * *  X D A T A   M E M O R Y  * * * * * * *
            XDATA   0000H     021FH     UNIT         ?XD?FFT
            XDATA   021FH     0180H     UNIT         ?XD?CHAR
            XDATA   039FH     00CAH     UNIT         ?XD?TEST
            XDATA   0469H     0034H     UNIT         _XDATA_GROUP_
            XDATA   049DH     0003H     UNIT         ?XD?KEY
            XDATA   04A0H     0001H     UNIT         ?XD?FLASH_DIY?CHAR
            XDATA   04A1H     0001H     UNIT         ?XD?CON?CHAR

            * * * * * * *   C O D E   M E M O R Y   * * * * * * *
            CODE    0000H     0003H     ABSOLUTE     
            CODE    0003H     0008H     UNIT         ?CO?TEST
            CODE    000BH     0003H     ABSOLUTE     
            CODE    000EH     000DH     UNIT         ?PR?_ABSS?FLASH
            CODE    001BH     0003H     ABSOLUTE     
                    001EH     0005H                  *** GAP ***
            CODE    0023H     0003H     ABSOLUTE     
                    0026H     0005H                  *** GAP ***
            CODE    002BH     0003H     ABSOLUTE     
            CODE    002EH     05AFH     UNIT         ?PR?MAIN?TEST
            CODE    05DDH     057EH     UNIT         ?PR?FLASH_10?FLASH
            CODE    0B5BH     0537H     UNIT         ?PR?FLASH_9?FLASH
            CODE    1092H     047FH     UNIT         ?PR?FFT?FFT
BL51 BANKED LINKER/LOCATER V6.22                                                      03/23/2015  20:02:13  PAGE 2


            CODE    1511H     047EH     UNIT         ?PR?_BOX?FLASH
            CODE    198FH     0300H     UNIT         ?PR?FLASH_4?FLASH
            CODE    1C8FH     02CFH     UNIT         ?PR?CON?CHAR
            CODE    1F5EH     01D7H     UNIT         ?C_INITSEG
            CODE    2135H     0190H     UNIT         ?PR?_LINE?FLASH
            CODE    22C5H     0182H     UNIT         ?PR?_ROLL_3_XY?FLASH
            CODE    2447H     0180H     UNIT         ?CO?FFT
            CODE    25C7H     017EH     UNIT         ?CO?FLASH
            CODE    2745H     0174H     UNIT         ?PR?FLASH_7?FLASH
            CODE    28B9H     016BH     UNIT         ?PR?_ROLL_APEAK_XY?FLASH
            CODE    2A24H     015DH     UNIT         ?PR?FLASH_5?FLASH
            CODE    2B81H     015DH     UNIT         ?PR?FLASH_11?FLASH
            CODE    2CDEH     012FH     UNIT         ?PR?_BOX_APEAK_XY?FLASH
            CODE    2E0DH     0127H     UNIT         ?PR?_TRANOUTCHAR?FLASH
            CODE    2F34H     0115H     UNIT         ?PR?LED_DISPLAY?TEST
            CODE    3049H     0108H     UNIT         ?PR?_TRAILLER?FLASH
            CODE    3151H     00FDH     UNIT         ?PR?FLASH_6?FLASH
            CODE    324EH     00CFH     UNIT         ?PR?FLASH_2?FLASH
            CODE    331DH     00CBH     UNIT         ?PR?FLASH_3?FLASH
            CODE    33E8H     00CAH     UNIT         ?PR?_ROLL_APEAK_YZ?FLASH
            CODE    34B2H     00C8H     UNIT         ?C?LIB_CODE
            CODE    357AH     00C6H     UNIT         ?PR?INTERRUPT_UART?TEST
            CODE    3640H     00A7H     UNIT         ?PR?_BOXTOLA?FLASH
            CODE    36E7H     009BH     UNIT         ?PR?AD_CONTROL?TEST
            CODE    3782H     008CH     UNIT         ?C_C51STARTUP
            CODE    380EH     007FH     UNIT         ?PR?_POINT?FLASH
            CODE    388DH     007CH     UNIT         ?PR?ADC_FINISH?TEST
            CODE    3909H     006EH     UNIT         ?PR?_CIRP?FLASH
            CODE    3977H     006EH     UNIT         ?PR?_ROLLDISPLAY?FLASH
            CODE    39E5H     005DH     UNIT         ?PR?FLASH_1?FLASH
            CODE    3A42H     0054H     UNIT         ?PR?FLASH_DIY?CHAR
            CODE    3A96H     004EH     UNIT         ?PR?_LAYER_CS?TEST
            CODE    3AE4H     0043H     UNIT         ?PR?HANG1?HC573
            CODE    3B27H     0043H     UNIT         ?PR?HANG2?HC573
            CODE    3B6AH     003FH     UNIT         ?PR?_MAX?FLASH
            CODE    3BA9H     003DH     UNIT         ?PR?_TYPE?FLASH
            CODE    3BE6H     003CH     UNIT         ?PR?FLASH_8?FLASH
            CODE    3C22H     003BH     UNIT         ?PR?_TRANS?FLASH
            CODE    3C5DH     0033H     UNIT         ?PR?HANG3?HC573
            CODE    3C90H     0033H     UNIT         ?PR?HANG4?HC573
            CODE    3CC3H     0033H     UNIT         ?PR?HANG5?HC573
            CODE    3CF6H     0033H     UNIT         ?PR?HANG6?HC573
            CODE    3D29H     0033H     UNIT         ?PR?HANG7?HC573
            CODE    3D5CH     0033H     UNIT         ?PR?HANG8?HC573
            CODE    3D8FH     002BH     UNIT         ?PR?TRANSSS?FLASH
            CODE    3DBAH     002AH     UNIT         ?PR?KEY_SCAN?KEY
            CODE    3DE4H     0029H     UNIT         ?PR?_CLEAR?FLASH
            CODE    3E0DH     0029H     UNIT         ?PR?_POKE?FLASH
            CODE    3E36H     0022H     UNIT         ?PR?_DELAY?FLASH
            CODE    3E58H     001AH     UNIT         ?PR?_ABS?FLASH
            CODE    3E72H     0019H     UNIT         ?PR?UART_INIT?TEST
            CODE    3E8BH     0017H     UNIT         ?PR?_JUDGEBIT?FLASH
            CODE    3EA2H     000FH     UNIT         ?PR?_MAXT?FLASH
            CODE    3EB1H     0006H     UNIT         ?PR?INIT?TEST



BL51 BANKED LINKER/LOCATER V6.22                                                      03/23/2015  20:02:13  PAGE 3


OVERLAY MAP OF MODULE:   .\obj\test (TEST)


SEGMENT                            XDATA_GROUP
  +--> CALLED SEGMENT            START    LENGTH
------------------------------------------------
?PR?INTERRUPT_UART?TEST          0469H    0004H

*** NEW ROOT ***************************************************

?PR?LED_DISPLAY?TEST             -----    -----
  +--> ?PR?_LAYER_CS?TEST
  +--> ?PR?HANG1?HC573
  +--> ?PR?HANG2?HC573
  +--> ?PR?HANG3?HC573
  +--> ?PR?HANG4?HC573
  +--> ?PR?HANG5?HC573
  +--> ?PR?HANG6?HC573
  +--> ?PR?HANG7?HC573
  +--> ?PR?HANG8?HC573

?PR?_LAYER_CS?TEST               046EH    0001H
  +--> ?CO?TEST

*** NEW ROOT ***************************************************

?PR?ADC_FINISH?TEST              -----    -----
  +--> ?CO?FFT

*** NEW ROOT ***************************************************

?PR?AD_CONTROL?TEST              -----    -----
  +--> ?PR?_LAYER_CS?TEST

*** NEW ROOT ***************************************************

?C_C51STARTUP                    -----    -----
  +--> ?PR?MAIN?TEST
  +--> ?C_INITSEG

?PR?MAIN?TEST                    046FH    0002H
  +--> ?PR?INIT?TEST
  +--> ?PR?_CLEAR?FLASH
  +--> ?PR?KEY_SCAN?KEY
  +--> ?PR?UART_INIT?TEST
  +--> ?PR?FFT?FFT
  +--> ?PR?FLASH_6?FLASH
  +--> ?PR?FLASH_5?FLASH
  +--> ?PR?FLASH_1?FLASH
  +--> ?PR?FLASH_2?FLASH
  +--> ?PR?FLASH_4?FLASH
  +--> ?PR?FLASH_3?FLASH
  +--> ?PR?FLASH_8?FLASH
  +--> ?PR?FLASH_7?FLASH
  +--> ?PR?FLASH_11?FLASH
  +--> ?PR?FLASH_9?FLASH
  +--> ?PR?FLASH_10?FLASH
BL51 BANKED LINKER/LOCATER V6.22                                                      03/23/2015  20:02:13  PAGE 4



?PR?FFT?FFT                      -----    -----
  +--> ?CO?FFT

?PR?FLASH_6?FLASH                0471H    0003H
  +--> ?PR?_ROLL_APEAK_YZ?FLASH
  +--> ?CO?FLASH
  +--> ?PR?_POINT?FLASH
  +--> ?PR?_DELAY?FLASH
  +--> ?PR?_TRANS?FLASH

?PR?_ROLL_APEAK_YZ?FLASH         0474H    0002H
  +--> ?PR?_DELAY?FLASH

?PR?_POINT?FLASH                 0497H    0006H

?PR?_TRANS?FLASH                 0474H    0002H
  +--> ?PR?_DELAY?FLASH

?PR?FLASH_5?FLASH                0471H    0005H
  +--> ?CO?FLASH
  +--> ?PR?_LINE?FLASH
  +--> ?PR?TRANSSS?FLASH
  +--> ?PR?_DELAY?FLASH
  +--> ?PR?_BOX_APEAK_XY?FLASH
  +--> ?PR?_POINT?FLASH

?PR?_LINE?FLASH                  0489H    000EH
  +--> ?CO?FLASH
  +--> ?PR?_ABSS?FLASH
  +--> ?PR?_MAXT?FLASH
  +--> ?PR?_ABS?FLASH
  +--> ?PR?_POINT?FLASH

?PR?_BOX_APEAK_XY?FLASH          0480H    0009H
  +--> ?PR?_MAX?FLASH
  +--> ?PR?_LINE?FLASH

?PR?_MAX?FLASH                   0489H    0006H

?PR?FLASH_1?FLASH                -----    -----
  +--> ?PR?_CLEAR?FLASH
  +--> ?PR?_TYPE?FLASH
  +--> ?PR?_DELAY?FLASH
  +--> ?PR?_ROLLDISPLAY?FLASH
  +--> ?PR?_TRAILLER?FLASH

?PR?_TYPE?FLASH                  -----    -----
  +--> ?CO?FLASH

?PR?_ROLLDISPLAY?FLASH           0471H    0004H
  +--> ?CO?FLASH
  +--> ?PR?_BOXTOLA?FLASH
  +--> ?PR?_DELAY?FLASH

?PR?_BOXTOLA?FLASH               0475H    0002H
  +--> ?PR?_POKE?FLASH
BL51 BANKED LINKER/LOCATER V6.22                                                      03/23/2015  20:02:13  PAGE 5



?PR?_POKE?FLASH                  0477H    0001H
  +--> ?PR?_JUDGEBIT?FLASH
  +--> ?PR?_POINT?FLASH

?PR?_TRAILLER?FLASH              0471H    0004H
  +--> ?PR?_DELAY?FLASH

?PR?FLASH_2?FLASH                0471H    0001H
  +--> ?PR?_CIRP?FLASH
  +--> ?PR?_DELAY?FLASH

?PR?_CIRP?FLASH                  -----    -----
  +--> ?CO?FLASH
  +--> ?PR?_POINT?FLASH

?PR?FLASH_4?FLASH                0471H    000AH
  +--> ?PR?_LINE?FLASH
  +--> ?PR?_DELAY?FLASH

?PR?FLASH_3?FLASH                0471H    0001H
  +--> ?PR?_BOX_APEAK_XY?FLASH
  +--> ?PR?_DELAY?FLASH

?PR?FLASH_8?FLASH                0471H    0001H
  +--> ?PR?_TRANOUTCHAR?FLASH
  +--> ?PR?_DELAY?FLASH

?PR?_TRANOUTCHAR?FLASH           0472H    0006H
  +--> ?PR?_BOX_APEAK_XY?FLASH
  +--> ?CO?FLASH
  +--> ?PR?_DELAY?FLASH

?PR?FLASH_7?FLASH                0471H    0003H
  +--> ?PR?_ROLL_APEAK_YZ?FLASH
  +--> ?PR?_ROLL_APEAK_XY?FLASH
  +--> ?PR?_BOX_APEAK_XY?FLASH
  +--> ?PR?_DELAY?FLASH
  +--> ?PR?_ROLL_3_XY?FLASH

?PR?_ROLL_APEAK_XY?FLASH         0480H    0003H
  +--> ?PR?_LINE?FLASH
  +--> ?PR?_DELAY?FLASH

?PR?_ROLL_3_XY?FLASH             0474H    0003H
  +--> ?PR?_DELAY?FLASH
  +--> ?PR?_BOX_APEAK_XY?FLASH

?PR?FLASH_11?FLASH               0471H    0005H
  +--> ?CO?FLASH
  +--> ?PR?_LINE?FLASH
  +--> ?PR?TRANSSS?FLASH
  +--> ?PR?_DELAY?FLASH
  +--> ?PR?_BOX_APEAK_XY?FLASH
  +--> ?PR?_POINT?FLASH

?PR?FLASH_9?FLASH                0471H    000FH
BL51 BANKED LINKER/LOCATER V6.22                                                      03/23/2015  20:02:13  PAGE 6


  +--> ?PR?_BOX_APEAK_XY?FLASH
  +--> ?PR?_DELAY?FLASH
  +--> ?PR?_ROLL_APEAK_XY?FLASH
  +--> ?PR?_LINE?FLASH
  +--> ?PR?_CLEAR?FLASH
  +--> ?CO?FLASH
  +--> ?PR?_BOX?FLASH

?PR?_BOX?FLASH                   0480H    0009H
  +--> ?PR?_CLEAR?FLASH
  +--> ?PR?_MAX?FLASH

?PR?FLASH_10?FLASH               0471H    0009H
  +--> ?PR?_BOX?FLASH
  +--> ?PR?_DELAY?FLASH
  +--> ?PR?_CLEAR?FLASH
  +--> ?CO?FLASH



SYMBOL TABLE OF MODULE:  .\obj\test (TEST)

  VALUE           TYPE          NAME
  ----------------------------------

  -------         MODULE        TEST
  C:0000H         SYMBOL        _ICE_DUMMY_
  D:0093H         PUBLIC        P0M1
  D:0096H         PUBLIC        P2M0
  D:0080H         PUBLIC        P0
  D:00B2H         PUBLIC        P3M0
  D:0095H         PUBLIC        P2M1
  D:0090H         PUBLIC        P1
  D:00B1H         PUBLIC        P3M1
  D:00A0H         PUBLIC        P2
  C:0003H         PUBLIC        tablew
  D:00B0H         PUBLIC        P3
  B:00A8H.7       PUBLIC        EA
  C:388DH         PUBLIC        ADC_Finish
  B:00A8H.5       PUBLIC        EADC
  D:00A8H         PUBLIC        IE
  C:2F34H         PUBLIC        LED_Display
  D:00FAH         PUBLIC        CCAP0H
  D:00FBH         PUBLIC        CCAP1H
  C:357AH         PUBLIC        interrupt_uart
  D:00BDH         PUBLIC        ADC_RES
  C:3EB1H         PUBLIC        Init
  B:00A8H.4       PUBLIC        ES
  B:00B8H.5       PUBLIC        PADC
  D:00B8H         PUBLIC        IP
  B:0098H.0       PUBLIC        RI
  X:03A0H         PUBLIC        uart_buffer
  B:0098H.1       PUBLIC        TI
  B:00B8H.4       PUBLIC        PS
  D:00D8H         PUBLIC        CCON
  C:002EH         PUBLIC        main
  B:0090H.2       PUBLIC        x1
BL51 BANKED LINKER/LOCATER V6.22                                                      03/23/2015  20:02:13  PAGE 7


  X:03E1H         PUBLIC        LINE
  B:0090H.3       PUBLIC        x2
  B:0090H.4       PUBLIC        x3
  B:00B0H.3       PUBLIC        x4
  X:03E2H         PUBLIC        display2
  B:00B0H.4       PUBLIC        x5
  B:00B0H.5       PUBLIC        x6
  B:00B0H.7       PUBLIC        x7
  B:00B0H.6       PUBLIC        x8
  D:00BCH         PUBLIC        ADC_CONTR
  D:0099H         PUBLIC        SBUF
  D:0087H         PUBLIC        PCON
  D:0098H         PUBLIC        SCON
  X:0422H         PUBLIC        ADC_Count
  D:0089H         PUBLIC        TMOD
  D:0088H         PUBLIC        TCON
  X:0423H         PUBLIC        rec
  D:008EH         PUBLIC        AUXR
  X:0424H         PUBLIC        G
  B:00A8H.1       PUBLIC        ET0
  B:00A8H.3       PUBLIC        ET1
  D:008CH         PUBLIC        TH0
  X:0425H         PUBLIC        flag1
  D:008DH         PUBLIC        TH1
  D:008AH         PUBLIC        TL0
  D:008BH         PUBLIC        TL1
  X:0426H         PUBLIC        T
  B:00B8H.1       PUBLIC        PT0
  C:3E72H         PUBLIC        uart_init
  B:0090H.3       PUBLIC        LED
  B:00B8H.3       PUBLIC        PT1
  B:0088H.4       PUBLIC        TR0
  C:3A9EH         PUBLIC        _layer_cs
  B:0088H.6       PUBLIC        TR1
  D:009DH         PUBLIC        P1ASF
  D:00BEH         PUBLIC        ADC_RESL
  D:00B7H         PUBLIC        IPH
  X:0427H         PUBLIC        uart_cnt
  B:0098H.4       PUBLIC        REN
  D:009CH         PUBLIC        BRT
  C:36E7H         PUBLIC        Ad_Control
  D:00A2H         PUBLIC        AUXR1
  X:0429H         PUBLIC        display
  D:00D0H         PUBLIC        PSW
  D:0094H         PUBLIC        P0M0
  C:3A96H         SYMBOL        L?0158
  -------         PROC          L?0157
  -------         ENDPROC       L?0157
  C:3A96H         SYMBOL        L?0158
  -------         PROC          _LAYER_CS
  D:0007H         SYMBOL        cs
  -------         DO            
  X:046EH         SYMBOL        i
  -------         ENDDO         
  C:3A9EH         LINE#         69
  C:3A9EH         LINE#         70
  C:3A9EH         LINE#         71
BL51 BANKED LINKER/LOCATER V6.22                                                      03/23/2015  20:02:13  PAGE 8


  C:3AA3H         LINE#         72
  C:3AB3H         LINE#         73
  C:3AB7H         LINE#         74
  C:3AB7H         LINE#         75
  C:3AB9H         LINE#         76
  C:3AB9H         LINE#         77
  C:3ABDH         LINE#         78
  C:3ABDH         LINE#         79
  C:3ABFH         LINE#         80
  C:3ABFH         LINE#         81
  C:3AC3H         LINE#         82
  C:3AC3H         LINE#         83
  C:3AC5H         LINE#         84
  C:3AC5H         LINE#         85
  C:3AC9H         LINE#         86
  C:3AC9H         LINE#         87
  C:3ACBH         LINE#         88
  C:3ACBH         LINE#         89
  C:3ACFH         LINE#         90
  C:3ACFH         LINE#         91
  C:3AD1H         LINE#         92
  C:3AD1H         LINE#         93
  C:3AD5H         LINE#         94
  C:3AD5H         LINE#         95
  C:3AD7H         LINE#         96
  C:3AD7H         LINE#         97
  C:3ADBH         LINE#         98
  C:3ADBH         LINE#         99
  C:3ADDH         LINE#         100
  C:3ADDH         LINE#         101
  C:3AE1H         LINE#         102
  C:3AE1H         LINE#         103
  C:3AE3H         LINE#         104
  C:3AE3H         LINE#         105
  -------         ENDPROC       _LAYER_CS
  -------         PROC          INIT
  C:3EB1H         LINE#         107
  C:3EB1H         LINE#         108
  C:3EB1H         LINE#         109
  C:3EB4H         LINE#         110
  C:3EB6H         LINE#         111
  -------         ENDPROC       INIT
  -------         PROC          UART_INIT
  C:3E72H         LINE#         113
  C:3E72H         LINE#         114
  C:3E72H         LINE#         115
  C:3E75H         LINE#         116
  C:3E78H         LINE#         117
  C:3E7BH         LINE#         118
  C:3E7EH         LINE#         119
  C:3E81H         LINE#         120
  C:3E84H         LINE#         121
  C:3E86H         LINE#         122
  C:3E88H         LINE#         123
  C:3E8AH         LINE#         124
  -------         ENDPROC       UART_INIT
  -------         PROC          INTERRUPT_UART
BL51 BANKED LINKER/LOCATER V6.22                                                      03/23/2015  20:02:13  PAGE 9


  -------         DO            
  X:0469H         SYMBOL        i
  X:046BH         SYMBOL        j
  -------         ENDDO         
  C:357AH         LINE#         132
  C:358DH         LINE#         134
  C:3594H         LINE#         135
  C:3598H         LINE#         136
  C:359EH         LINE#         137
  C:359EH         LINE#         138
  C:35AFH         LINE#         139
  C:35B1H         LINE#         140
  C:35B9H         LINE#         141
  C:35B9H         LINE#         142
  C:35C7H         LINE#         143
  C:35DDH         LINE#         144
  C:35DDH         LINE#         145
  C:35E4H         LINE#         146
  C:35E8H         LINE#         147
  C:35EDH         LINE#         148
  C:35EDH         LINE#         149
  C:35EFH         LINE#         150
  C:35F3H         LINE#         151
  C:35F3H         LINE#         152
  C:3601H         LINE#         153
  C:3617H         LINE#         154
  C:3617H         LINE#         155
  C:361EH         LINE#         156
  C:3620H         LINE#         157
  C:3627H         LINE#         158
  C:362BH         LINE#         159
  C:362BH         LINE#         160
  C:362BH         LINE#         162
  C:362DH         LINE#         164
  C:362DH         LINE#         165
  C:362FH         LINE#         166
  C:362FH         LINE#         167
  -------         ENDPROC       INTERRUPT_UART
  -------         PROC          MAIN
  -------         DO            
  X:046FH         SYMBOL        i
  X:0470H         SYMBOL        j
  -------         ENDDO         
  C:002EH         LINE#         169
  C:002EH         LINE#         170
  C:002EH         LINE#         171
  C:0033H         LINE#         172
  C:0035H         LINE#         175
  C:0038H         LINE#         178
  C:0038H         LINE#         179
  C:0038H         LINE#         180
  C:003DH         LINE#         181
  C:0040H         LINE#         182
  C:004BH         LINE#         183
  C:004BH         LINE#         184
  C:004CH         LINE#         185
  C:004FH         LINE#         186
BL51 BANKED LINKER/LOCATER V6.22                                                      03/23/2015  20:02:13  PAGE 10


  C:0052H         LINE#         187
  C:0055H         LINE#         188
  C:0057H         LINE#         189
  C:0059H         LINE#         190
  C:005BH         LINE#         191
  C:005DH         LINE#         192
  C:0060H         LINE#         193
  C:0065H         LINE#         194
  C:0065H         LINE#         195
  C:0065H         LINE#         196
  C:006BH         LINE#         197
  C:006BH         LINE#         198
  C:006BH         LINE#         199
  C:006BH         LINE#         200
  C:0070H         LINE#         202
  C:0074H         LINE#         203
  C:0074H         LINE#         204
  C:0083H         LINE#         205
  C:0083H         LINE#         206
  C:00A0H         LINE#         207
  C:00A8H         LINE#         208
  C:00B2H         LINE#         210
  C:00B7H         LINE#         211
  C:00B7H         LINE#         212
  C:00BCH         LINE#         213
  C:00BCH         LINE#         214
  C:0105H         LINE#         215
  C:0147H         LINE#         216
  C:0190H         LINE#         217
  C:01D2H         LINE#         218
  C:021BH         LINE#         219
  C:025DH         LINE#         220
  C:02A6H         LINE#         221
  C:02E8H         LINE#         222
  C:02F6H         LINE#         223
  C:0304H         LINE#         225
  C:0306H         LINE#         227
  C:030BH         LINE#         228
  C:030BH         LINE#         229
  C:0310H         LINE#         230
  C:0310H         LINE#         231
  C:0350H         LINE#         232
  C:035AH         LINE#         233
  C:0364H         LINE#         234
  C:0366H         LINE#         235
  C:0369H         LINE#         237
  C:0369H         LINE#         240
  C:0374H         LINE#         241
  C:0374H         LINE#         243
  C:0377H         LINE#         244
  C:0379H         LINE#         245
  C:037CH         LINE#         246
  C:037EH         LINE#         247
  C:0381H         LINE#         248
  C:0383H         LINE#         250
  C:0386H         LINE#         251
  C:0389H         LINE#         252
BL51 BANKED LINKER/LOCATER V6.22                                                      03/23/2015  20:02:13  PAGE 11


  C:038BH         LINE#         253
  C:038EH         LINE#         255
  C:0390H         LINE#         256
  C:0392H         LINE#         257
  C:0394H         LINE#         258
  C:0396H         LINE#         259
  C:0398H         LINE#         260
  C:039AH         LINE#         261
  C:039DH         LINE#         262
  C:03A2H         LINE#         263
  C:03A4H         LINE#         264
  C:03A9H         LINE#         265
  C:03ACH         LINE#         266
  C:03AFH         LINE#         267
  C:03B2H         LINE#         268
  C:03B5H         LINE#         269
  C:03B8H         LINE#         270
  C:03B8H         LINE#         271
  C:03B8H         LINE#         272
  C:03BDH         LINE#         273
  C:03BFH         LINE#         274
  C:03C1H         LINE#         276
  C:03C5H         LINE#         277
  C:03C7H         LINE#         278
  C:03C9H         LINE#         279
  C:03CBH         LINE#         280
  C:03D4H         LINE#         281
  C:03E3H         LINE#         282
  C:03E3H         LINE#         283
  C:03F3H         LINE#         284
  C:03FBH         LINE#         285
  C:03FEH         LINE#         288
  C:0401H         LINE#         289
  C:0407H         LINE#         291
  C:0407H         LINE#         294
  C:0412H         LINE#         295
  C:0412H         LINE#         297
  C:0415H         LINE#         298
  C:0418H         LINE#         299
  C:041AH         LINE#         300
  C:041DH         LINE#         302
  C:041FH         LINE#         303
  C:0421H         LINE#         304
  C:0423H         LINE#         305
  C:0425H         LINE#         306
  C:0427H         LINE#         307
  C:0429H         LINE#         308
  C:042CH         LINE#         309
  C:0431H         LINE#         310
  C:0433H         LINE#         311
  C:0438H         LINE#         312
  C:043BH         LINE#         313
  C:043BH         LINE#         314
  C:043BH         LINE#         315
  C:0440H         LINE#         316
  C:0446H         LINE#         317
  C:0448H         LINE#         318
BL51 BANKED LINKER/LOCATER V6.22                                                      03/23/2015  20:02:13  PAGE 12


  C:044AH         LINE#         323
  C:044DH         LINE#         324
  C:045EH         LINE#         325
  C:0461H         LINE#         326
  C:0472H         LINE#         327
  C:0475H         LINE#         328
  C:0486H         LINE#         329
  C:0489H         LINE#         330
  C:049AH         LINE#         331
  C:049DH         LINE#         332
  C:04AEH         LINE#         333
  C:04B1H         LINE#         334
  C:04C2H         LINE#         335
  C:04C5H         LINE#         336
  C:04D6H         LINE#         337
  C:04D9H         LINE#         338
  C:04EAH         LINE#         339
  C:04EDH         LINE#         340
  C:04FEH         LINE#         341
  C:0501H         LINE#         342
  C:0512H         LINE#         343
  C:0515H         LINE#         344
  C:0526H         LINE#         345
  C:0529H         LINE#         346
  C:053AH         LINE#         347
  C:053DH         LINE#         348
  C:054EH         LINE#         349
  C:0551H         LINE#         350
  C:0562H         LINE#         351
  C:0565H         LINE#         352
  C:0576H         LINE#         353
  C:0579H         LINE#         354
  C:058AH         LINE#         355
  C:058DH         LINE#         356
  C:059EH         LINE#         357
  C:05A1H         LINE#         358
  C:05B2H         LINE#         359
  C:05B5H         LINE#         360
  C:05C6H         LINE#         361
  C:05C9H         LINE#         362
  -------         ENDPROC       MAIN
  -------         PROC          LED_DISPLAY
  C:2F34H         LINE#         370
  C:2F51H         LINE#         372
  C:2F54H         LINE#         373
  C:2F57H         LINE#         374
  C:2F5DH         LINE#         375
  C:2F66H         LINE#         376
  C:2FB1H         LINE#         377
  C:2FB1H         LINE#         378
  C:2FB6H         LINE#         379
  C:2FC2H         LINE#         380
  C:2FC7H         LINE#         381
  C:2FD3H         LINE#         382
  C:2FD8H         LINE#         383
  C:2FE3H         LINE#         384
  C:2FE8H         LINE#         385
BL51 BANKED LINKER/LOCATER V6.22                                                      03/23/2015  20:02:13  PAGE 13


  C:2FF3H         LINE#         386
  C:2FF8H         LINE#         387
  C:3003H         LINE#         388
  C:3008H         LINE#         389
  C:3013H         LINE#         390
  C:3018H         LINE#         391
  C:3023H         LINE#         392
  C:3023H         LINE#         393
  C:302CH         LINE#         394
  C:302CH         LINE#         395
  C:302EH         LINE#         396
  -------         ENDPROC       LED_DISPLAY
  -------         PROC          ADC_FINISH
  C:388DH         LINE#         399
  C:38A4H         LINE#         401
  C:38A7H         LINE#         402
  C:38E2H         LINE#         404
  C:38E8H         LINE#         405
  C:38E8H         LINE#         406
  C:38EEH         LINE#         407
  C:38F0H         LINE#         409
  C:38F0H         LINE#         410
  C:38F2H         LINE#         411
  C:38F4H         LINE#         412
  C:38F4H         LINE#         413
  -------         ENDPROC       ADC_FINISH
  -------         PROC          AD_CONTROL
  -------         DO            
  D:0007H         SYMBOL        i
  X:039FH         SYMBOL        layer
  -------         ENDDO         
  C:36E7H         LINE#         415
  C:36F8H         LINE#         419
  C:3700H         LINE#         420
  C:3700H         LINE#         421
  C:3710H         LINE#         422
  C:3711H         LINE#         423
  C:3711H         LINE#         424
  C:371EH         LINE#         425
  C:373CH         LINE#         426
  C:3741H         LINE#         427
  C:3755H         LINE#         429
  C:375EH         LINE#         430
  C:375EH         LINE#         431
  C:3761H         LINE#         432
  C:3763H         LINE#         434
  C:3763H         LINE#         435
  C:3768H         LINE#         436
  C:3768H         LINE#         437
  C:376BH         LINE#         438
  C:376EH         LINE#         439
  C:3770H         LINE#         442
  C:3770H         LINE#         443
  C:3773H         LINE#         444
  C:3773H         LINE#         445
  -------         ENDPROC       AD_CONTROL
  -------         ENDMOD        TEST
BL51 BANKED LINKER/LOCATER V6.22                                                      03/23/2015  20:02:13  PAGE 14



  -------         MODULE        CHAR
  C:0000H         SYMBOL        _ICE_DUMMY_
  D:00A8H         PUBLIC        IE
  D:00B8H         PUBLIC        IP
  D:00D8H         PUBLIC        CCON
  D:0098H         PUBLIC        SCON
  D:0088H         PUBLIC        TCON
  C:3A42H         PUBLIC        flash_diy
  C:1C8FH         PUBLIC        con
  X:021FH         PUBLIC        ch
  B:0088H.4       PUBLIC        TR0
  D:00D0H         PUBLIC        PSW
  -------         PROC          FLASH_DIY
  -------         DO            
  D:0007H         SYMBOL        i
  X:04A0H         SYMBOL        j
  -------         ENDDO         
  C:3A42H         LINE#         67
  C:3A42H         LINE#         68
  C:3A42H         LINE#         72
  C:3A47H         LINE#         73
  C:3A47H         LINE#         75
  C:3A4EH         LINE#         76
  C:3A55H         LINE#         77
  C:3A57H         LINE#         78
  C:3A57H         LINE#         79
  C:3A81H         LINE#         80
  C:3A86H         LINE#         81
  C:3A89H         LINE#         82
  C:3A95H         LINE#         83
  -------         ENDPROC       FLASH_DIY
  -------         PROC          CON
  -------         DO            
  X:04A1H         SYMBOL        i
  D:0007H         SYMBOL        j
  -------         ENDDO         
  C:1C8FH         LINE#         86
  C:1C8FH         LINE#         87
  C:1C8FH         LINE#         92
  C:1C94H         LINE#         93
  C:1C94H         LINE#         94
  C:1C96H         LINE#         95
  C:1C96H         LINE#         96
  C:1CB3H         LINE#         97
  C:1CB8H         LINE#         98
  C:1CC2H         LINE#         102
  C:1CC4H         LINE#         103
  C:1CC4H         LINE#         104
  C:1CC9H         LINE#         105
  C:1CC9H         LINE#         106
  C:1D0EH         LINE#         107
  C:1D53H         LINE#         108
  C:1D98H         LINE#         109
  C:1DDDH         LINE#         110
  C:1E22H         LINE#         111
  C:1E67H         LINE#         112
BL51 BANKED LINKER/LOCATER V6.22                                                      03/23/2015  20:02:13  PAGE 15


  C:1EACH         LINE#         113
  C:1EF1H         LINE#         114
  C:1EFFH         LINE#         115
  C:1F08H         LINE#         117
  C:1F0AH         LINE#         119
  C:1F0FH         LINE#         120
  C:1F0FH         LINE#         121
  C:1F11H         LINE#         122
  C:1F11H         LINE#         123
  C:1F4CH         LINE#         124
  C:1F51H         LINE#         125
  C:1F5BH         LINE#         126
  C:1F5DH         LINE#         127
  -------         ENDPROC       CON
  -------         ENDMOD        CHAR

  -------         MODULE        FFT
  C:0000H         SYMBOL        _ICE_DUMMY_
  X:0000H         PUBLIC        Temp_Real
  X:0002H         PUBLIC        Fft_Real
  X:0102H         PUBLIC        LED_TAB
  D:00A8H         PUBLIC        IE
  D:00B8H         PUBLIC        IP
  C:24C7H         PUBLIC        COS_TAB
  C:2447H         PUBLIC        SIN_TAB
  D:00D8H         PUBLIC        CCON
  X:0112H         PUBLIC        maxa
  D:0098H         PUBLIC        SCON
  D:0088H         PUBLIC        TCON
  X:0114H         PUBLIC        temp
  C:1092H         PUBLIC        FFT
  X:0116H         PUBLIC        b
  X:0117H         PUBLIC        Fft_Image
  X:0217H         PUBLIC        TEMP1
  X:0219H         PUBLIC        i
  X:021AH         PUBLIC        j
  X:021BH         PUBLIC        k
  X:021CH         PUBLIC        p
  C:2547H         PUBLIC        LIST_TAB
  X:021DH         PUBLIC        Temp_Imag
  D:00D0H         PUBLIC        PSW
  -------         PROC          FFT
  C:1092H         LINE#         45
  C:1092H         LINE#         46
  C:1092H         LINE#         47
  C:10A5H         LINE#         48
  C:10A5H         LINE#         49
  C:10ABH         LINE#         50
  C:10BEH         LINE#         51
  C:10D4H         LINE#         52
  C:10D4H         LINE#         53
  C:10DAH         LINE#         54
  C:10F5H         LINE#         55
  C:1102H         LINE#         56
  C:1113H         LINE#         57
  C:1113H         LINE#         58
  C:112CH         LINE#         59
BL51 BANKED LINKER/LOCATER V6.22                                                      03/23/2015  20:02:13  PAGE 16


  C:1144H         LINE#         60
  C:1167H         LINE#         61
  C:11E1H         LINE#         62
  C:1269H         LINE#         63
  C:12E8H         LINE#         64
  C:135DH         LINE#         65
  C:1382H         LINE#         66
  C:13A3H         LINE#         67
  C:13CEH         LINE#         68
  C:13EFH         LINE#         69
  C:13FCH         LINE#         70
  C:1405H         LINE#         71
  C:140EH         LINE#         73
  C:1420H         LINE#         74
  C:1420H         LINE#         75
  C:1466H         LINE#         77
  C:1475H         LINE#         78
  C:148BH         LINE#         80
  C:14ABH         LINE#         81
  C:14B4H         LINE#         82
  C:14C4H         LINE#         83
  C:14C4H         LINE#         84
  C:14DAH         LINE#         85
  C:14E9H         LINE#         86
  C:1510H         LINE#         88
  C:1510H         LINE#         89
  -------         ENDPROC       FFT
  -------         ENDMOD        FFT

  -------         MODULE        FLASH
  C:0000H         SYMBOL        _ICE_DUMMY_
  C:2CF9H         PUBLIC        _box_apeak_xy
  C:3DE4H         PUBLIC        _clear
  D:00A8H         PUBLIC        IE
  C:2713H         PUBLIC        table_3p
  C:3E43H         PUBLIC        _delay
  C:3D8FH         PUBLIC        transss
  C:25CFH         PUBLIC        table_cha
  D:00B8H         PUBLIC        IP
  C:25C7H         PUBLIC        ceng
  C:22D6H         PUBLIC        _roll_3_xy
  C:39E5H         PUBLIC        flash_1
  C:324EH         PUBLIC        flash_2
  C:331DH         PUBLIC        flash_3
  D:00D8H         PUBLIC        CCON
  C:198FH         PUBLIC        flash_4
  C:2A24H         PUBLIC        flash_5
  C:3151H         PUBLIC        flash_6
  C:2745H         PUBLIC        flash_7
  C:2637H         PUBLIC        table_off
  C:3BE6H         PUBLIC        flash_8
  C:0B5BH         PUBLIC        flash_9
  C:21A9H         PUBLIC        _line
  C:3C22H         PUBLIC        _trans
  C:000EH         PUBLIC        _abss
  C:3823H         PUBLIC        _point
  C:3911H         PUBLIC        _cirp
BL51 BANKED LINKER/LOCATER V6.22                                                      03/23/2015  20:02:13  PAGE 17


  C:3E0DH         PUBLIC        _poke
  C:2E0DH         PUBLIC        _tranoutchar
  D:0098H         PUBLIC        SCON
  D:0088H         PUBLIC        TCON
  C:3977H         PUBLIC        _rolldisplay
  C:3E5BH         PUBLIC        _abs
  C:260FH         PUBLIC        table_id
  C:265FH         PUBLIC        dat
  C:3EA2H         PUBLIC        _maxt
  C:3BA9H         PUBLIC        _type
  C:3B6AH         PUBLIC        _max
  C:152CH         PUBLIC        _box
  C:05DDH         PUBLIC        flash_10
  C:2B81H         PUBLIC        flash_11
  C:3E8BH         PUBLIC        _judgebit
  C:3049H         PUBLIC        _trailler
  C:26DFH         PUBLIC        dat2
  C:26FBH         PUBLIC        dat3
  C:28BFH         PUBLIC        _roll_apeak_xy
  C:33EEH         PUBLIC        _roll_apeak_yz
  D:00D0H         PUBLIC        PSW
  C:3640H         PUBLIC        _boxtola
  C:3E36H         SYMBOL        L?0522
  C:3E3EH         SYMBOL        L?0523
  -------         PROC          L?0521
  -------         ENDPROC       L?0521
  C:3E36H         SYMBOL        L?0522
  C:3E3EH         SYMBOL        L?0523
  -------         PROC          _DELAY
  D:0006H         SYMBOL        i
  -------         DO            
  D:0005H         SYMBOL        b
  -------         ENDDO         
  C:3E43H         LINE#         79
  C:3E43H         LINE#         80
  C:3E43H         LINE#         82
  C:3E4DH         LINE#         83
  C:3E4DH         LINE#         84
  C:3E4FH         LINE#         85
  C:3E57H         LINE#         88
  -------         ENDPROC       _DELAY
  -------         PROC          _JUDGEBIT
  D:0007H         SYMBOL        num
  D:0005H         SYMBOL        b
  -------         DO            
  D:0006H         SYMBOL        n
  -------         ENDDO         
  C:3E8BH         LINE#         90
  C:3E8BH         LINE#         91
  C:3E8BH         LINE#         93
  C:3E97H         LINE#         94
  C:3E99H         LINE#         95
  C:3E9DH         LINE#         97
  C:3E9FH         LINE#         98
  C:3EA1H         LINE#         99
  -------         ENDPROC       _JUDGEBIT
  -------         PROC          L?0536
BL51 BANKED LINKER/LOCATER V6.22                                                      03/23/2015  20:02:13  PAGE 18


  -------         ENDPROC       L?0536
  -------         PROC          _ABS
  D:0007H         SYMBOL        a
  -------         DO            
  D:0006H         SYMBOL        b
  -------         ENDDO         
  C:3E5BH         LINE#         101
  C:3E5BH         LINE#         102
  C:3E5BH         LINE#         104
  C:3E61H         LINE#         105
  C:3E69H         LINE#         106
  C:3E6EH         LINE#         107
  C:3E6FH         LINE#         108
  C:3E71H         LINE#         109
  -------         ENDPROC       _ABS
  -------         PROC          _ABSS
  D:0007H         SYMBOL        a
  C:000EH         LINE#         111
  C:000EH         LINE#         112
  C:000EH         LINE#         113
  C:0016H         LINE#         114
  C:001AH         LINE#         115
  C:001AH         LINE#         116
  -------         ENDPROC       _ABSS
  -------         PROC          _MAX
  X:0489H         SYMBOL        a
  X:048CH         SYMBOL        b
  -------         DO            
  D:0006H         SYMBOL        t
  -------         ENDDO         
  C:3B6AH         LINE#         119
  C:3B75H         LINE#         120
  C:3B75H         LINE#         122
  C:3B95H         LINE#         123
  C:3B95H         LINE#         124
  C:3B95H         LINE#         125
  C:3B99H         LINE#         126
  C:3BA8H         LINE#         127
  C:3BA8H         LINE#         128
  -------         ENDPROC       _MAX
  -------         PROC          _MAXT
  D:0007H         SYMBOL        a
  D:0005H         SYMBOL        b
  D:0003H         SYMBOL        c
  C:3EA2H         LINE#         130
  C:3EA2H         LINE#         131
  C:3EA2H         LINE#         132
  C:3EA7H         LINE#         133
  C:3EA9H         LINE#         134
  C:3EAEH         LINE#         135
  C:3EB0H         LINE#         136
  C:3EB0H         LINE#         137
  -------         ENDPROC       _MAXT
  -------         PROC          _CLEAR
  D:0007H         SYMBOL        le
  -------         DO            
  D:0005H         SYMBOL        i
BL51 BANKED LINKER/LOCATER V6.22                                                      03/23/2015  20:02:13  PAGE 19


  D:0006H         SYMBOL        j
  -------         ENDDO         
  C:3DE4H         LINE#         139
  C:3DE4H         LINE#         140
  C:3DE4H         LINE#         142
  C:3DE6H         LINE#         143
  C:3DE6H         LINE#         144
  C:3DE8H         LINE#         145
  C:3E07H         LINE#         146
  C:3E0CH         LINE#         147
  -------         ENDPROC       _CLEAR
  -------         PROC          _TRAILLER
  X:0471H         SYMBOL        speed
  -------         DO            
  X:0473H         SYMBOL        i
  X:0474H         SYMBOL        j
  -------         ENDDO         
  C:3049H         LINE#         148
  C:3051H         LINE#         149
  C:3051H         LINE#         151
  C:3064H         LINE#         152
  C:3064H         LINE#         153
  C:306EH         LINE#         154
  C:306EH         LINE#         155
  C:3071H         LINE#         156
  C:30ECH         LINE#         157
  C:30ECH         LINE#         158
  C:30F7H         LINE#         159
  C:30F7H         LINE#         160
  C:3106H         LINE#         161
  C:3143H         LINE#         162
  C:3143H         LINE#         163
  C:3149H         LINE#         164
  C:3150H         LINE#         165
  -------         ENDPROC       _TRAILLER
  -------         PROC          L?0534
  -------         ENDPROC       L?0534
  -------         PROC          _POINT
  D:0007H         SYMBOL        x
  D:0005H         SYMBOL        y
  D:0003H         SYMBOL        z
  X:049AH         SYMBOL        le
  -------         DO            
  X:049BH         SYMBOL        ch1
  X:049CH         SYMBOL        ch0
  -------         ENDDO         
  C:3823H         LINE#         166
  C:3823H         LINE#         167
  C:3823H         LINE#         169
  C:3832H         LINE#         170
  C:3835H         LINE#         171
  C:383BH         LINE#         172
  C:3862H         LINE#         174
  C:388CH         LINE#         176
  -------         ENDPROC       _POINT
  -------         PROC          _TYPE
  D:0007H         SYMBOL        cha
BL51 BANKED LINKER/LOCATER V6.22                                                      03/23/2015  20:02:13  PAGE 20


  D:0005H         SYMBOL        y
  -------         DO            
  D:0006H         SYMBOL        xx
  -------         ENDDO         
  C:3BA9H         LINE#         178
  C:3BA9H         LINE#         179
  C:3BA9H         LINE#         181
  C:3BABH         LINE#         182
  C:3BABH         LINE#         183
  C:3BE0H         LINE#         184
  C:3BE5H         LINE#         185
  -------         ENDPROC       _TYPE
  -------         PROC          L?0535
  -------         ENDPROC       L?0535
  -------         PROC          _CIRP
  D:0007H         SYMBOL        cpp
  D:0005H         SYMBOL        dir
  D:0001H         SYMBOL        le
  -------         DO            
  D:0005H         SYMBOL        a
  D:0006H         SYMBOL        b
  D:0003H         SYMBOL        c
  D:0004H         SYMBOL        cp
  -------         ENDDO         
  C:3911H         LINE#         190
  C:3913H         LINE#         191
  C:3913H         LINE#         193
  C:393CH         LINE#         194
  C:393CH         LINE#         195
  C:393FH         LINE#         196
  C:3946H         LINE#         198
  C:3948H         LINE#         199
  C:3953H         LINE#         200
  C:3959H         LINE#         201
  C:395EH         LINE#         202
  C:3966H         LINE#         203
  C:396AH         LINE#         204
  C:3976H         LINE#         205
  C:3976H         LINE#         206
  -------         ENDPROC       _CIRP
  -------         PROC          L?0520
  -------         ENDPROC       L?0520
  -------         PROC          _LINE
  D:0001H         SYMBOL        x1
  D:0002H         SYMBOL        y1
  D:0004H         SYMBOL        z1
  X:048CH         SYMBOL        x2
  X:048DH         SYMBOL        y2
  X:048EH         SYMBOL        z2
  X:048FH         SYMBOL        le
  -------         DO            
  X:0490H         SYMBOL        t
  X:0491H         SYMBOL        a
  X:0492H         SYMBOL        b
  X:0493H         SYMBOL        c
  X:0494H         SYMBOL        a1
  X:0495H         SYMBOL        b1
BL51 BANKED LINKER/LOCATER V6.22                                                      03/23/2015  20:02:13  PAGE 21


  X:0496H         SYMBOL        c1
  D:0002H         SYMBOL        i
  -------         ENDDO         
  C:21A9H         LINE#         207
  C:21AFH         LINE#         208
  C:21AFH         LINE#         210
  C:21BAH         LINE#         211
  C:21C4H         LINE#         212
  C:21CEH         LINE#         213
  C:21EFH         LINE#         214
  C:21F6H         LINE#         215
  C:21FDH         LINE#         216
  C:2204H         LINE#         217
  C:2226H         LINE#         218
  C:223DH         LINE#         219
  C:225CH         LINE#         220
  C:226CH         LINE#         221
  C:226CH         LINE#         222
  C:228DH         LINE#         223
  C:2298H         LINE#         224
  C:22A3H         LINE#         225
  C:22AEH         LINE#         226
  C:22B1H         LINE#         227
  -------         ENDPROC       _LINE
  C:151BH         SYMBOL        L?0528
  -------         PROC          L?0527
  -------         ENDPROC       L?0527
  C:151BH         SYMBOL        L?0528
  -------         PROC          _BOX
  X:0480H         SYMBOL        x1
  X:0481H         SYMBOL        z1
  X:0482H         SYMBOL        y1
  X:0483H         SYMBOL        x2
  X:0484H         SYMBOL        z2
  X:0485H         SYMBOL        y2
  X:0486H         SYMBOL        fill
  X:0487H         SYMBOL        le
  -------         DO            
  D:0007H         SYMBOL        i
  D:0004H         SYMBOL        j
  X:0488H         SYMBOL        t
  -------         ENDDO         
  C:152CH         LINE#         230
  C:1537H         LINE#         231
  C:1537H         LINE#         232
  C:153CH         LINE#         233
  C:1552H         LINE#         234
  C:1569H         LINE#         235
  C:1580H         LINE#         236
  C:158FH         LINE#         237
  C:15A7H         LINE#         238
  C:15AEH         LINE#         239
  C:15B2H         LINE#         240
  C:15BBH         LINE#         241
  C:15BBH         LINE#         242
  C:15BEH         LINE#         243
  C:15BEH         LINE#         244
BL51 BANKED LINKER/LOCATER V6.22                                                      03/23/2015  20:02:13  PAGE 22


  C:15D0H         LINE#         245
  C:15D0H         LINE#         246
  C:15DFH         LINE#         247
  C:160CH         LINE#         248
  C:160FH         LINE#         249
  C:160FH         LINE#         251
  C:160FH         LINE#         252
  C:1621H         LINE#         253
  C:1621H         LINE#         254
  C:1630H         LINE#         255
  C:165DH         LINE#         256
  C:1660H         LINE#         257
  C:1660H         LINE#         258
  C:1660H         LINE#         260
  C:1660H         LINE#         261
  C:166CH         LINE#         262
  C:166CH         LINE#         263
  C:1699H         LINE#         264
  C:16CBH         LINE#         265
  C:16FDH         LINE#         266
  C:1728H         LINE#         267
  C:172BH         LINE#         269
  C:172BH         LINE#         270
  C:1758H         LINE#         271
  C:178AH         LINE#         272
  C:17BCH         LINE#         273
  C:17ECH         LINE#         274
  C:17ECH         LINE#         275
  C:1812H         LINE#         276
  C:1819H         LINE#         277
  C:181DH         LINE#         278
  C:1823H         LINE#         279
  C:1823H         LINE#         280
  C:1832H         LINE#         281
  C:1832H         LINE#         282
  C:1841H         LINE#         283
  C:186EH         LINE#         284
  C:187DH         LINE#         285
  C:188FH         LINE#         286
  C:188FH         LINE#         287
  C:189EH         LINE#         288
  C:18CBH         LINE#         289
  C:18DAH         LINE#         290
  C:18DAH         LINE#         292
  C:18DAH         LINE#         293
  C:18E9H         LINE#         294
  C:18E9H         LINE#         295
  C:18F8H         LINE#         296
  C:18F8H         LINE#         297
  C:1922H         LINE#         298
  C:1925H         LINE#         299
  C:1934H         LINE#         300
  C:1943H         LINE#         301
  C:1943H         LINE#         302
  C:1952H         LINE#         303
  C:1952H         LINE#         304
  C:197CH         LINE#         305
BL51 BANKED LINKER/LOCATER V6.22                                                      03/23/2015  20:02:13  PAGE 23


  C:197FH         LINE#         306
  C:198EH         LINE#         307
  C:198EH         LINE#         308
  C:198EH         LINE#         309
  -------         ENDPROC       _BOX
  C:2CDEH         SYMBOL        L?0525
  C:2CEAH         SYMBOL        L?0526
  -------         PROC          L?0524
  -------         ENDPROC       L?0524
  C:2CDEH         SYMBOL        L?0525
  C:2CEAH         SYMBOL        L?0526
  -------         PROC          _BOX_APEAK_XY
  X:0480H         SYMBOL        x1
  X:0481H         SYMBOL        y1
  X:0482H         SYMBOL        z1
  X:0483H         SYMBOL        x2
  X:0484H         SYMBOL        y2
  X:0485H         SYMBOL        z2
  X:0486H         SYMBOL        fill
  X:0487H         SYMBOL        le
  -------         DO            
  X:0488H         SYMBOL        i
  -------         ENDDO         
  C:2CF9H         LINE#         310
  C:2D04H         LINE#         311
  C:2D04H         LINE#         313
  C:2D1BH         LINE#         314
  C:2D21H         LINE#         315
  C:2D21H         LINE#         316
  C:2D39H         LINE#         317
  C:2D39H         LINE#         318
  C:2D64H         LINE#         319
  C:2D6CH         LINE#         320
  C:2D6CH         LINE#         322
  C:2D6CH         LINE#         323
  C:2D93H         LINE#         324
  C:2DBEH         LINE#         325
  C:2DE6H         LINE#         326
  C:2E0CH         LINE#         327
  C:2E0CH         LINE#         328
  -------         ENDPROC       _BOX_APEAK_XY
  -------         PROC          _POKE
  X:0477H         SYMBOL        n
  D:0001H         SYMBOL        x
  D:0004H         SYMBOL        y
  -------         DO            
  D:0002H         SYMBOL        i
  -------         ENDDO         
  C:3E0DH         LINE#         338
  C:3E16H         LINE#         339
  C:3E16H         LINE#         341
  C:3E18H         LINE#         342
  C:3E18H         LINE#         343
  C:3E30H         LINE#         344
  C:3E35H         LINE#         345
  -------         ENDPROC       _POKE
  -------         PROC          _BOXTOLA
BL51 BANKED LINKER/LOCATER V6.22                                                      03/23/2015  20:02:13  PAGE 24


  X:0475H         SYMBOL        i
  X:0476H         SYMBOL        n
  C:3640H         LINE#         346
  C:364AH         LINE#         347
  C:364AH         LINE#         348
  C:366DH         LINE#         349
  C:366DH         LINE#         350
  C:367CH         LINE#         351
  C:367CH         LINE#         352
  C:36A0H         LINE#         353
  C:36A0H         LINE#         354
  C:36B1H         LINE#         355
  C:36B1H         LINE#         356
  C:36D5H         LINE#         357
  C:36D5H         LINE#         358
  C:36E6H         LINE#         359
  C:36E6H         LINE#         361
  -------         ENDPROC       _BOXTOLA
  -------         PROC          _ROLLDISPLAY
  X:0471H         SYMBOL        speed
  -------         DO            
  X:0473H         SYMBOL        j
  X:0474H         SYMBOL        i
  D:0007H         SYMBOL        a
  -------         ENDDO         
  C:3977H         LINE#         362
  C:397FH         LINE#         363
  C:397FH         LINE#         366
  C:3990H         LINE#         367
  C:3990H         LINE#         368
  C:399FH         LINE#         369
  C:399FH         LINE#         370
  C:39A3H         LINE#         371
  C:39C2H         LINE#         372
  C:39CEH         LINE#         373
  C:39D6H         LINE#         374
  C:39DCH         LINE#         375
  C:39E4H         LINE#         376
  -------         ENDPROC       _ROLLDISPLAY
  C:33E8H         SYMBOL        L?0530
  -------         PROC          L?0529
  -------         ENDPROC       L?0529
  C:33E8H         SYMBOL        L?0530
  -------         PROC          _ROLL_APEAK_YZ
  D:0007H         SYMBOL        n
  X:0474H         SYMBOL        speed
  -------         DO            
  D:0003H         SYMBOL        i
  -------         ENDDO         
  C:33EEH         LINE#         377
  C:33F6H         LINE#         378
  C:33F6H         LINE#         380
  C:340AH         LINE#         381
  C:340AH         LINE#         382
  C:340AH         LINE#         383
  C:340CH         LINE#         384
  C:340CH         LINE#         385
BL51 BANKED LINKER/LOCATER V6.22                                                      03/23/2015  20:02:13  PAGE 25


  C:341CH         LINE#         386
  C:342FH         LINE#         387
  C:3432H         LINE#         388
  C:3438H         LINE#         389
  C:3438H         LINE#         390
  C:3438H         LINE#         391
  C:343AH         LINE#         392
  C:343AH         LINE#         393
  C:3451H         LINE#         394
  C:3460H         LINE#         395
  C:3463H         LINE#         396
  C:3469H         LINE#         397
  C:3469H         LINE#         398
  C:3469H         LINE#         399
  C:346BH         LINE#         400
  C:346BH         LINE#         401
  C:347EH         LINE#         402
  C:3486H         LINE#         403
  C:3489H         LINE#         404
  C:348FH         LINE#         405
  C:348FH         LINE#         406
  C:348FH         LINE#         407
  C:3491H         LINE#         408
  C:3491H         LINE#         409
  C:349DH         LINE#         410
  C:34A9H         LINE#         411
  C:34ACH         LINE#         412
  C:34B1H         LINE#         413
  C:34B1H         LINE#         414
  -------         ENDPROC       _ROLL_APEAK_YZ
  C:28B9H         SYMBOL        L?0533
  -------         PROC          L?0532
  -------         ENDPROC       L?0532
  C:28B9H         SYMBOL        L?0533
  -------         PROC          _ROLL_APEAK_XY
  D:0007H         SYMBOL        n
  X:0480H         SYMBOL        speed
  -------         DO            
  X:0482H         SYMBOL        i
  -------         ENDDO         
  C:28BFH         LINE#         415
  C:28C7H         LINE#         416
  C:28C7H         LINE#         418
  C:28DEH         LINE#         419
  C:28DEH         LINE#         420
  C:28DEH         LINE#         421
  C:28E3H         LINE#         422
  C:28E3H         LINE#         423
  C:28FCH         LINE#         424
  C:2917H         LINE#         425
  C:291DH         LINE#         426
  C:2928H         LINE#         427
  C:2928H         LINE#         428
  C:2928H         LINE#         429
  C:293AH         LINE#         430
  C:293AH         LINE#         431
  C:294EH         LINE#         432
BL51 BANKED LINKER/LOCATER V6.22                                                      03/23/2015  20:02:13  PAGE 26


  C:2970H         LINE#         433
  C:2976H         LINE#         434
  C:297CH         LINE#         435
  C:297CH         LINE#         436
  C:297CH         LINE#         437
  C:298EH         LINE#         438
  C:298EH         LINE#         439
  C:29A9H         LINE#         440
  C:29C8H         LINE#         441
  C:29CEH         LINE#         442
  C:29D4H         LINE#         443
  C:29D4H         LINE#         444
  C:29D4H         LINE#         445
  C:29E3H         LINE#         446
  C:29E3H         LINE#         447
  C:29FBH         LINE#         448
  C:2A17H         LINE#         449
  C:2A1DH         LINE#         450
  C:2A23H         LINE#         451
  C:2A23H         LINE#         452
  -------         ENDPROC       _ROLL_APEAK_XY
  -------         PROC          L?0531
  -------         ENDPROC       L?0531
  -------         PROC          _ROLL_3_XY
  D:0007H         SYMBOL        n
  X:0474H         SYMBOL        speed
  -------         DO            
  X:0476H         SYMBOL        i
  -------         ENDDO         
  C:22D6H         LINE#         453
  C:22DEH         LINE#         454
  C:22DEH         LINE#         456
  C:22F5H         LINE#         457
  C:22F5H         LINE#         458
  C:22F5H         LINE#         459
  C:22FAH         LINE#         460
  C:22FAH         LINE#         461
  C:230AH         LINE#         462
  C:2310H         LINE#         463
  C:2318H         LINE#         464
  C:2333H         LINE#         465
  C:2340H         LINE#         466
  C:2340H         LINE#         467
  C:2340H         LINE#         468
  C:2345H         LINE#         469
  C:2345H         LINE#         470
  C:2366H         LINE#         471
  C:236CH         LINE#         472
  C:2374H         LINE#         473
  C:238EH         LINE#         474
  C:239BH         LINE#         475
  C:239BH         LINE#         476
  C:239BH         LINE#         477
  C:23A0H         LINE#         478
  C:23A0H         LINE#         479
  C:23B0H         LINE#         480
  C:23B6H         LINE#         481
BL51 BANKED LINKER/LOCATER V6.22                                                      03/23/2015  20:02:13  PAGE 27


  C:23BEH         LINE#         482
  C:23DBH         LINE#         483
  C:23E8H         LINE#         484
  C:23E8H         LINE#         485
  C:23E8H         LINE#         486
  C:23EDH         LINE#         487
  C:23EDH         LINE#         488
  C:240EH         LINE#         489
  C:2414H         LINE#         490
  C:241CH         LINE#         491
  C:243AH         LINE#         492
  C:2446H         LINE#         493
  C:2446H         LINE#         494
  -------         ENDPROC       _ROLL_3_XY
  -------         PROC          _TRANS
  D:0001H         SYMBOL        z
  X:0474H         SYMBOL        speed
  -------         DO            
  D:0007H         SYMBOL        i
  D:0003H         SYMBOL        j
  -------         ENDDO         
  C:3C22H         LINE#         495
  C:3C2CH         LINE#         496
  C:3C2CH         LINE#         498
  C:3C2EH         LINE#         499
  C:3C2EH         LINE#         500
  C:3C30H         LINE#         501
  C:3C30H         LINE#         502
  C:3C4CH         LINE#         503
  C:3C51H         LINE#         504
  C:3C57H         LINE#         505
  C:3C5CH         LINE#         506
  -------         ENDPROC       _TRANS
  -------         PROC          _TRANOUTCHAR
  X:0472H         SYMBOL        c
  X:0473H         SYMBOL        speed
  -------         DO            
  X:0475H         SYMBOL        i
  D:0004H         SYMBOL        j
  D:0007H         SYMBOL        k
  X:0476H         SYMBOL        a
  X:0477H         SYMBOL        i2
  -------         ENDDO         
  C:2E0DH         LINE#         507
  C:2E18H         LINE#         508
  C:2E18H         LINE#         509
  C:2E1DH         LINE#         510
  C:2E2EH         LINE#         511
  C:2E2EH         LINE#         512
  C:2E34H         LINE#         513
  C:2E4DH         LINE#         514
  C:2E68H         LINE#         515
  C:2E6DH         LINE#         516
  C:2E76H         LINE#         517
  C:2E82H         LINE#         518
  C:2E82H         LINE#         519
  C:2E96H         LINE#         520
BL51 BANKED LINKER/LOCATER V6.22                                                      03/23/2015  20:02:13  PAGE 28


  C:2E99H         LINE#         521
  C:2E9BH         LINE#         522
  C:2E9BH         LINE#         523
  C:2EDCH         LINE#         524
  C:2F1DH         LINE#         525
  C:2F26H         LINE#         526
  C:2F2CH         LINE#         527
  C:2F33H         LINE#         528
  -------         ENDPROC       _TRANOUTCHAR
  -------         PROC          TRANSSS
  -------         DO            
  D:0007H         SYMBOL        i
  D:0006H         SYMBOL        j
  -------         ENDDO         
  C:3D8FH         LINE#         529
  C:3D8FH         LINE#         530
  C:3D8FH         LINE#         532
  C:3D91H         LINE#         533
  C:3D91H         LINE#         534
  C:3D93H         LINE#         535
  C:3DB4H         LINE#         536
  C:3DB9H         LINE#         537
  -------         ENDPROC       TRANSSS
  -------         PROC          FLASH_1
  C:39E5H         LINE#         540
  C:39E5H         LINE#         541
  C:39E5H         LINE#         542
  C:39EAH         LINE#         543
  C:39F0H         LINE#         544
  C:39F7H         LINE#         546
  C:39FEH         LINE#         547
  C:3A05H         LINE#         549
  C:3A0CH         LINE#         551
  C:3A13H         LINE#         552
  C:3A1AH         LINE#         554
  C:3A21H         LINE#         555
  C:3A26H         LINE#         556
  C:3A2DH         LINE#         557
  C:3A34H         LINE#         558
  C:3A3BH         LINE#         559
  -------         ENDPROC       FLASH_1
  -------         PROC          FLASH_2
  -------         DO            
  X:0471H         SYMBOL        i
  -------         ENDDO         
  C:324EH         LINE#         562
  C:324EH         LINE#         563
  C:324EH         LINE#         565
  C:325EH         LINE#         566
  C:325EH         LINE#         567
  C:3261H         LINE#         568
  C:3268H         LINE#         569
  C:3274H         LINE#         570
  C:327CH         LINE#         571
  C:3283H         LINE#         572
  C:3292H         LINE#         573
  C:3292H         LINE#         574
BL51 BANKED LINKER/LOCATER V6.22                                                      03/23/2015  20:02:13  PAGE 29


  C:3299H         LINE#         575
  C:32A0H         LINE#         576
  C:32AEH         LINE#         577
  C:32B6H         LINE#         578
  C:32BDH         LINE#         579
  C:32CDH         LINE#         580
  C:32CDH         LINE#         581
  C:32D0H         LINE#         582
  C:32D7H         LINE#         583
  C:32DFH         LINE#         584
  C:32E6H         LINE#         585
  C:32F5H         LINE#         586
  C:32F5H         LINE#         587
  C:3300H         LINE#         588
  C:3307H         LINE#         589
  C:330FH         LINE#         590
  C:3316H         LINE#         591
  -------         ENDPROC       FLASH_2
  -------         PROC          FLASH_3
  -------         DO            
  X:0471H         SYMBOL        i
  -------         ENDDO         
  C:331DH         LINE#         593
  C:331DH         LINE#         594
  C:331DH         LINE#         596
  C:3322H         LINE#         597
  C:3322H         LINE#         598
  C:3325H         LINE#         599
  C:332CH         LINE#         600
  C:3337H         LINE#         601
  C:3352H         LINE#         602
  C:3360H         LINE#         603
  C:3366H         LINE#         604
  C:3366H         LINE#         605
  C:3369H         LINE#         606
  C:3370H         LINE#         607
  C:337BH         LINE#         608
  C:3396H         LINE#         609
  C:33A4H         LINE#         610
  C:33A9H         LINE#         611
  C:33A9H         LINE#         612
  C:33ACH         LINE#         613
  C:33B3H         LINE#         614
  C:33BEH         LINE#         615
  C:33D9H         LINE#         616
  C:33E7H         LINE#         617
  -------         ENDPROC       FLASH_3
  -------         PROC          FLASH_4
  -------         DO            
  X:0471H         SYMBOL        i
  X:0472H         SYMBOL        j
  X:0473H         SYMBOL        an
  -------         ENDDO         
  C:198FH         LINE#         618
  C:198FH         LINE#         619
  C:198FH         LINE#         621
  C:19A1H         LINE#         622
BL51 BANKED LINKER/LOCATER V6.22                                                      03/23/2015  20:02:13  PAGE 30


  C:19BBH         LINE#         623
  C:19C0H         LINE#         624
  C:19C0H         LINE#         625
  C:19D1H         LINE#         626
  C:19D1H         LINE#         627
  C:1A01H         LINE#         628
  C:1A31H         LINE#         629
  C:1A39H         LINE#         630
  C:1A4AH         LINE#         631
  C:1A4AH         LINE#         632
  C:1A8AH         LINE#         633
  C:1AB9H         LINE#         634
  C:1AC2H         LINE#         635
  C:1AD3H         LINE#         636
  C:1AD3H         LINE#         637
  C:1AEAH         LINE#         638
  C:1AF7H         LINE#         639
  C:1AFFH         LINE#         640
  C:1B06H         LINE#         641
  C:1B17H         LINE#         642
  C:1B1CH         LINE#         643
  C:1B42H         LINE#         644
  C:1B47H         LINE#         645
  C:1B47H         LINE#         646
  C:1B58H         LINE#         647
  C:1B58H         LINE#         648
  C:1B88H         LINE#         649
  C:1BB8H         LINE#         650
  C:1BC0H         LINE#         651
  C:1BD1H         LINE#         652
  C:1BD1H         LINE#         653
  C:1C02H         LINE#         654
  C:1C31H         LINE#         655
  C:1C39H         LINE#         656
  C:1C4AH         LINE#         657
  C:1C4AH         LINE#         658
  C:1C61H         LINE#         659
  C:1C6EH         LINE#         660
  C:1C76H         LINE#         661
  C:1C7DH         LINE#         662
  C:1C8EH         LINE#         663
  -------         ENDPROC       FLASH_4
  -------         PROC          FLASH_5
  -------         DO            
  X:0471H         SYMBOL        i
  X:0472H         SYMBOL        j
  X:0473H         SYMBOL        t
  X:0474H         SYMBOL        x
  X:0475H         SYMBOL        y
  C:272BH         SYMBOL        daa
  -------         ENDDO         
  C:2A24H         LINE#         665
  C:2A24H         LINE#         667
  C:2A24H         LINE#         673
  C:2A29H         LINE#         675
  C:2A29H         LINE#         677
  C:2A38H         LINE#         679
BL51 BANKED LINKER/LOCATER V6.22                                                      03/23/2015  20:02:13  PAGE 31


  C:2A38H         LINE#         681
  C:2A43H         LINE#         683
  C:2A43H         LINE#         685
  C:2A4AH         LINE#         687
  C:2A62H         LINE#         689
  C:2A64H         LINE#         693
  C:2A70H         LINE#         695
  C:2A8BH         LINE#         697
  C:2A8EH         LINE#         699
  C:2A95H         LINE#         701
  C:2A9DH         LINE#         703
  C:2AA9H         LINE#         705
  C:2AB9H         LINE#         707
  C:2AB9H         LINE#         709
  C:2ABEH         LINE#         711
  C:2AC4H         LINE#         715
  C:2AC9H         LINE#         717
  C:2AD8H         LINE#         719
  C:2AD8H         LINE#         721
  C:2AE5H         LINE#         723
  C:2AEBH         LINE#         725
  C:2B08H         LINE#         727
  C:2B0BH         LINE#         729
  C:2B12H         LINE#         731
  C:2B1FH         LINE#         733
  C:2B27H         LINE#         735
  C:2B37H         LINE#         737
  C:2B37H         LINE#         739
  C:2B3CH         LINE#         741
  C:2B42H         LINE#         745
  C:2B47H         LINE#         747
  C:2B56H         LINE#         749
  C:2B56H         LINE#         751
  C:2B5EH         LINE#         753
  C:2B5EH         LINE#         755
  C:2B61H         LINE#         757
  C:2B64H         LINE#         759
  C:2B6BH         LINE#         761
  C:2B78H         LINE#         763
  C:2B80H         LINE#         765
  -------         ENDPROC       FLASH_5
  -------         PROC          FLASH_6
  -------         DO            
  X:0471H         SYMBOL        i
  X:0472H         SYMBOL        j
  X:0473H         SYMBOL        k
  D:0001H         SYMBOL        z
  -------         ENDDO         
  C:3151H         LINE#         767
  C:3151H         LINE#         769
  C:3151H         LINE#         773
  C:3154H         LINE#         775
  C:315DH         LINE#         777
  C:3166H         LINE#         779
  C:316FH         LINE#         781
  C:3172H         LINE#         783
  C:317BH         LINE#         785
BL51 BANKED LINKER/LOCATER V6.22                                                      03/23/2015  20:02:13  PAGE 32


  C:3184H         LINE#         787
  C:3189H         LINE#         789
  C:3189H         LINE#         791
  C:318EH         LINE#         793
  C:318EH         LINE#         795
  C:31A0H         LINE#         797
  C:31A0H         LINE#         799
  C:31CFH         LINE#         801
  C:31CFH         LINE#         803
  C:31D1H         LINE#         805
  C:31D1H         LINE#         807
  C:31E9H         LINE#         809
  C:31EEH         LINE#         811
  C:3203H         LINE#         813
  C:320AH         LINE#         818
  C:320FH         LINE#         821
  C:3216H         LINE#         823
  C:3216H         LINE#         825
  C:321FH         LINE#         827
  C:322EH         LINE#         828
  C:3235H         LINE#         830
  C:323EH         LINE#         832
  C:324DH         LINE#         834
  -------         ENDPROC       FLASH_6
  -------         PROC          FLASH_7
  -------         DO            
  X:0471H         SYMBOL        i
  X:0472H         SYMBOL        a
  -------         ENDDO         
  C:2745H         LINE#         836
  C:2745H         LINE#         838
  C:2745H         LINE#         842
  C:274FH         LINE#         844
  C:2758H         LINE#         846
  C:275BH         LINE#         848
  C:2764H         LINE#         850
  C:276DH         LINE#         852
  C:2776H         LINE#         854
  C:2779H         LINE#         856
  C:2782H         LINE#         858
  C:278BH         LINE#         860
  C:2794H         LINE#         862
  C:2797H         LINE#         864
  C:27A0H         LINE#         866
  C:27A9H         LINE#         868
  C:27ACH         LINE#         870
  C:27B5H         LINE#         872
  C:27BEH         LINE#         874
  C:27C7H         LINE#         876
  C:27CAH         LINE#         878
  C:27D3H         LINE#         880
  C:27DCH         LINE#         882
  C:27EBH         LINE#         884
  C:27EBH         LINE#         886
  C:27F9H         LINE#         888
  C:27FFH         LINE#         890
  C:2807H         LINE#         892
BL51 BANKED LINKER/LOCATER V6.22                                                      03/23/2015  20:02:13  PAGE 33


  C:280EH         LINE#         894
  C:281BH         LINE#         896
  C:281BH         LINE#         898
  C:281EH         LINE#         900
  C:2825H         LINE#         902
  C:2832H         LINE#         904
  C:2839H         LINE#         906
  C:2846H         LINE#         908
  C:284DH         LINE#         910
  C:285AH         LINE#         912
  C:285AH         LINE#         914
  C:285DH         LINE#         916
  C:2864H         LINE#         918
  C:2871H         LINE#         920
  C:2878H         LINE#         922
  C:2885H         LINE#         924
  C:288BH         LINE#         926
  C:288BH         LINE#         928
  C:28A6H         LINE#         930
  C:28ACH         LINE#         932
  C:28B8H         LINE#         934
  -------         ENDPROC       FLASH_7
  -------         PROC          FLASH_8
  -------         DO            
  X:0471H         SYMBOL        i
  -------         ENDDO         
  C:3BE6H         LINE#         936
  C:3BE6H         LINE#         938
  C:3BE6H         LINE#         942
  C:3BF6H         LINE#         944
  C:3BF6H         LINE#         946
  C:3BFDH         LINE#         948
  C:3C04H         LINE#         950
  C:3C0BH         LINE#         951
  C:3C12H         LINE#         952
  C:3C19H         LINE#         954
  C:3C21H         LINE#         956
  -------         ENDPROC       FLASH_8
  -------         PROC          FLASH_9
  -------         DO            
  X:0471H         SYMBOL        i
  X:0472H         SYMBOL        j
  X:0473H         SYMBOL        an
  X:047BH         SYMBOL        x
  X:047CH         SYMBOL        y
  X:047DH         SYMBOL        t
  X:047EH         SYMBOL        x1
  X:047FH         SYMBOL        y1
  -------         ENDDO         
  C:0B5BH         LINE#         958
  C:0B5BH         LINE#         960
  C:0B5BH         LINE#         966
  C:0B60H         LINE#         968
  C:0B60H         LINE#         970
  C:0B7BH         LINE#         972
  C:0B81H         LINE#         974
  C:0B99H         LINE#         976
BL51 BANKED LINKER/LOCATER V6.22                                                      03/23/2015  20:02:13  PAGE 34


  C:0BA0H         LINE#         978
  C:0BAEH         LINE#         980
  C:0BB7H         LINE#         982
  C:0BC0H         LINE#         984
  C:0BC3H         LINE#         986
  C:0BC8H         LINE#         988
  C:0BC8H         LINE#         990
  C:0BEAH         LINE#         992
  C:0C02H         LINE#         994
  C:0C09H         LINE#         996
  C:0C17H         LINE#         998
  C:0C28H         LINE#         1000
  C:0C42H         LINE#         1002
  C:0C47H         LINE#         1004
  C:0C47H         LINE#         1006
  C:0C4CH         LINE#         1008
  C:0C51H         LINE#         1010
  C:0C51H         LINE#         1012
  C:0C51H         LINE#         1014
  C:0C51H         LINE#         1016
  C:0C51H         LINE#         1018
  C:0C51H         LINE#         1020
  C:0C51H         LINE#         1022
  C:0C51H         LINE#         1024
  C:0C54H         LINE#         1026
  C:0C60H         LINE#         1028
  C:0C6FH         LINE#         1030
  C:0C6FH         LINE#         1032
  C:0CA7H         LINE#         1034
  C:0CB4H         LINE#         1036
  C:0CBCH         LINE#         1038
  C:0CC3H         LINE#         1040
  C:0CD4H         LINE#         1042
  C:0CD9H         LINE#         1044
  C:0CD9H         LINE#         1046
  C:0CDEH         LINE#         1048
  C:0CE3H         LINE#         1050
  C:0CE3H         LINE#         1052
  C:0CE3H         LINE#         1054
  C:0CE3H         LINE#         1056
  C:0CE3H         LINE#         1058
  C:0CE3H         LINE#         1060
  C:0CE3H         LINE#         1062
  C:0CE3H         LINE#         1064
  C:0CE6H         LINE#         1066
  C:0CF2H         LINE#         1068
  C:0D01H         LINE#         1070
  C:0D01H         LINE#         1072
  C:0D39H         LINE#         1074
  C:0D46H         LINE#         1076
  C:0D4EH         LINE#         1078
  C:0D55H         LINE#         1080
  C:0D66H         LINE#         1082
  C:0D6BH         LINE#         1084
  C:0D6BH         LINE#         1086
  C:0D70H         LINE#         1090
  C:0D7FH         LINE#         1092
BL51 BANKED LINKER/LOCATER V6.22                                                      03/23/2015  20:02:13  PAGE 35


  C:0D8EH         LINE#         1094
  C:0D96H         LINE#         1096
  C:0DA8H         LINE#         1098
  C:0DB7H         LINE#         1100
  C:0DBFH         LINE#         1102
  C:0DDAH         LINE#         1104
  C:0E00H         LINE#         1106
  C:0E06H         LINE#         1108
  C:0E0DH         LINE#         1110
  C:0E1EH         LINE#         1112
  C:0E23H         LINE#         1114
  C:0E23H         LINE#         1116
  C:0E28H         LINE#         1120
  C:0E37H         LINE#         1122
  C:0E46H         LINE#         1124
  C:0E4EH         LINE#         1126
  C:0E60H         LINE#         1128
  C:0E6FH         LINE#         1130
  C:0E77H         LINE#         1132
  C:0E92H         LINE#         1134
  C:0E98H         LINE#         1136
  C:0E9FH         LINE#         1138
  C:0EB0H         LINE#         1140
  C:0EC1H         LINE#         1142
  C:0EC1H         LINE#         1144
  C:0ED5H         LINE#         1146
  C:0EDCH         LINE#         1148
  C:0EE4H         LINE#         1150
  C:0EF6H         LINE#         1152
  C:0EF6H         LINE#         1154
  C:0F0CH         LINE#         1156
  C:0F13H         LINE#         1158
  C:0F1BH         LINE#         1160
  C:0F21H         LINE#         1162
  C:0F21H         LINE#         1164
  C:0F26H         LINE#         1166
  C:0F46H         LINE#         1168
  C:0F4DH         LINE#         1170
  C:0F5BH         LINE#         1172
  C:0F61H         LINE#         1174
  C:0F61H         LINE#         1176
  C:0F66H         LINE#         1178
  C:0F84H         LINE#         1180
  C:0F8BH         LINE#         1182
  C:0F99H         LINE#         1184
  C:0F9FH         LINE#         1186
  C:0F9FH         LINE#         1188
  C:0FA4H         LINE#         1190
  C:0FBCH         LINE#         1192
  C:0FC3H         LINE#         1194
  C:0FD1H         LINE#         1196
  C:0FD7H         LINE#         1198
  C:0FD7H         LINE#         1200
  C:0FDCH         LINE#         1202
  C:0FFBH         LINE#         1204
  C:1002H         LINE#         1206
  C:1010H         LINE#         1208
BL51 BANKED LINKER/LOCATER V6.22                                                      03/23/2015  20:02:13  PAGE 36


  C:1022H         LINE#         1210
  C:1022H         LINE#         1212
  C:103FH         LINE#         1214
  C:1046H         LINE#         1216
  C:104EH         LINE#         1218
  C:1054H         LINE#         1220
  C:1054H         LINE#         1222
  C:1059H         LINE#         1224
  C:107CH         LINE#         1226
  C:1083H         LINE#         1228
  C:1091H         LINE#         1230
  -------         ENDPROC       FLASH_9
  -------         PROC          FLASH_10
  -------         DO            
  X:0471H         SYMBOL        i
  X:0472H         SYMBOL        j
  X:0473H         SYMBOL        an
  X:0477H         SYMBOL        x
  X:0478H         SYMBOL        y
  X:0479H         SYMBOL        t
  -------         ENDDO         
  C:05DDH         LINE#         1232
  C:05DDH         LINE#         1234
  C:05DDH         LINE#         1238
  C:05E3H         LINE#         1240
  C:05E3H         LINE#         1244
  C:05E3H         LINE#         1246
  C:05E6H         LINE#         1248
  C:060EH         LINE#         1250
  C:061AH         LINE#         1252
  C:063FH         LINE#         1254
  C:0666H         LINE#         1256
  C:068DH         LINE#         1258
  C:06B7H         LINE#         1260
  C:06DBH         LINE#         1262
  C:06E2H         LINE#         1264
  C:06F1H         LINE#         1266
  C:06F6H         LINE#         1268
  C:06F6H         LINE#         1270
  C:070CH         LINE#         1272
  C:0716H         LINE#         1274
  C:071BH         LINE#         1276
  C:071BH         LINE#         1278
  C:0720H         LINE#         1280
  C:072FH         LINE#         1282
  C:072FH         LINE#         1284
  C:0744H         LINE#         1286
  C:0751H         LINE#         1288
  C:0756H         LINE#         1290
  C:0779H         LINE#         1292
  C:079EH         LINE#         1294
  C:07A7H         LINE#         1296
  C:07B6H         LINE#         1298
  C:07CBH         LINE#         1300
  C:07D2H         LINE#         1302
  C:07E1H         LINE#         1304
  C:07E6H         LINE#         1306
BL51 BANKED LINKER/LOCATER V6.22                                                      03/23/2015  20:02:13  PAGE 37


  C:07E6H         LINE#         1308
  C:07EBH         LINE#         1310
  C:07FAH         LINE#         1312
  C:07FAH         LINE#         1314
  C:080FH         LINE#         1316
  C:081CH         LINE#         1318
  C:0821H         LINE#         1320
  C:0844H         LINE#         1322
  C:0869H         LINE#         1324
  C:0872H         LINE#         1326
  C:0881H         LINE#         1328
  C:0896H         LINE#         1330
  C:089DH         LINE#         1332
  C:08ACH         LINE#         1334
  C:08B1H         LINE#         1336
  C:08B1H         LINE#         1338
  C:08B6H         LINE#         1340
  C:08C5H         LINE#         1342
  C:08C5H         LINE#         1344
  C:08DAH         LINE#         1346
  C:08E7H         LINE#         1348
  C:08ECH         LINE#         1350
  C:0911H         LINE#         1352
  C:0936H         LINE#         1354
  C:093FH         LINE#         1356
  C:094EH         LINE#         1358
  C:0963H         LINE#         1360
  C:096AH         LINE#         1362
  C:0979H         LINE#         1364
  C:097EH         LINE#         1366
  C:097EH         LINE#         1368
  C:0983H         LINE#         1370
  C:0992H         LINE#         1372
  C:0992H         LINE#         1374
  C:09A7H         LINE#         1376
  C:09B4H         LINE#         1378
  C:09B9H         LINE#         1380
  C:09DEH         LINE#         1382
  C:0A03H         LINE#         1384
  C:0A0CH         LINE#         1386
  C:0A1BH         LINE#         1388
  C:0A30H         LINE#         1390
  C:0A37H         LINE#         1392
  C:0A46H         LINE#         1394
  C:0A4CH         LINE#         1396
  C:0A4CH         LINE#         1400
  C:0A4CH         LINE#         1402
  C:0A4FH         LINE#         1404
  C:0A77H         LINE#         1406
  C:0A83H         LINE#         1408
  C:0AA8H         LINE#         1410
  C:0ACFH         LINE#         1412
  C:0AF6H         LINE#         1414
  C:0B20H         LINE#         1416
  C:0B44H         LINE#         1418
  C:0B4BH         LINE#         1420
  C:0B5AH         LINE#         1422
BL51 BANKED LINKER/LOCATER V6.22                                                      03/23/2015  20:02:13  PAGE 38


  -------         ENDPROC       FLASH_10
  -------         PROC          FLASH_11
  -------         DO            
  X:0471H         SYMBOL        i
  X:0472H         SYMBOL        j
  X:0473H         SYMBOL        t
  X:0474H         SYMBOL        x
  X:0475H         SYMBOL        y
  C:2738H         SYMBOL        daa
  -------         ENDDO         
  C:2B81H         LINE#         1424
  C:2B81H         LINE#         1426
  C:2B81H         LINE#         1433
  C:2B86H         LINE#         1435
  C:2B86H         LINE#         1437
  C:2B95H         LINE#         1439
  C:2B95H         LINE#         1441
  C:2BA0H         LINE#         1443
  C:2BA0H         LINE#         1445
  C:2BA7H         LINE#         1447
  C:2BBFH         LINE#         1449
  C:2BC1H         LINE#         1453
  C:2BCDH         LINE#         1455
  C:2BE8H         LINE#         1457
  C:2BEBH         LINE#         1459
  C:2BF2H         LINE#         1461
  C:2BFAH         LINE#         1463
  C:2C06H         LINE#         1465
  C:2C16H         LINE#         1467
  C:2C16H         LINE#         1469
  C:2C1BH         LINE#         1471
  C:2C21H         LINE#         1475
  C:2C26H         LINE#         1477
  C:2C35H         LINE#         1479
  C:2C35H         LINE#         1481
  C:2C42H         LINE#         1483
  C:2C48H         LINE#         1485
  C:2C65H         LINE#         1487
  C:2C68H         LINE#         1489
  C:2C6FH         LINE#         1491
  C:2C7CH         LINE#         1493
  C:2C84H         LINE#         1495
  C:2C94H         LINE#         1497
  C:2C94H         LINE#         1499
  C:2C99H         LINE#         1501
  C:2C9FH         LINE#         1505
  C:2CA4H         LINE#         1507
  C:2CB3H         LINE#         1509
  C:2CB3H         LINE#         1511
  C:2CBBH         LINE#         1513
  C:2CBBH         LINE#         1515
  C:2CBEH         LINE#         1517
  C:2CC1H         LINE#         1519
  C:2CC8H         LINE#         1521
  C:2CD5H         LINE#         1523
  C:2CDDH         LINE#         1525
  -------         ENDPROC       FLASH_11
BL51 BANKED LINKER/LOCATER V6.22                                                      03/23/2015  20:02:13  PAGE 39


  -------         ENDMOD        FLASH

  -------         MODULE        HC573
  C:0000H         SYMBOL        _ICE_DUMMY_
  D:0080H         PUBLIC        P0
  D:00A0H         PUBLIC        P2
  B:00A0H.7       PUBLIC        cs1
  B:00A0H.6       PUBLIC        cs2
  B:00A0H.5       PUBLIC        cs3
  B:00A0H.4       PUBLIC        cs4
  B:00A0H.3       PUBLIC        cs5
  B:00A0H.2       PUBLIC        cs6
  B:00A0H.1       PUBLIC        cs7
  D:00A8H         PUBLIC        IE
  B:00A0H.0       PUBLIC        cs8
  D:00B8H         PUBLIC        IP
  D:00D8H         PUBLIC        CCON
  D:0098H         PUBLIC        SCON
  D:0088H         PUBLIC        TCON
  C:3AE4H         PUBLIC        hang1
  C:3B27H         PUBLIC        hang2
  C:3C5DH         PUBLIC        hang3
  C:3C90H         PUBLIC        hang4
  C:3CC3H         PUBLIC        hang5
  C:3CF6H         PUBLIC        hang6
  C:3D29H         PUBLIC        hang7
  C:3D5CH         PUBLIC        hang8
  D:00D0H         PUBLIC        PSW
  -------         PROC          HANG1
  C:3AE4H         LINE#         14
  C:3AE4H         LINE#         15
  C:3AE4H         LINE#         17
  C:3AEDH         LINE#         18
  C:3AF5H         LINE#         19
  C:3AFDH         LINE#         20
  C:3B05H         LINE#         21
  C:3B0DH         LINE#         22
  C:3B15H         LINE#         23
  C:3B1DH         LINE#         24
  C:3B26H         LINE#         25
  -------         ENDPROC       HANG1
  -------         PROC          HANG2
  C:3B27H         LINE#         27
  C:3B27H         LINE#         28
  C:3B27H         LINE#         29
  C:3B30H         LINE#         30
  C:3B38H         LINE#         31
  C:3B40H         LINE#         32
  C:3B48H         LINE#         33
  C:3B50H         LINE#         34
  C:3B58H         LINE#         35
  C:3B61H         LINE#         36
  C:3B69H         LINE#         37
  -------         ENDPROC       HANG2
  -------         PROC          HANG3
  C:3C5DH         LINE#         39
  C:3C5DH         LINE#         40
BL51 BANKED LINKER/LOCATER V6.22                                                      03/23/2015  20:02:13  PAGE 40


  C:3C5DH         LINE#         42
  C:3C64H         LINE#         43
  C:3C6AH         LINE#         44
  C:3C70H         LINE#         45
  C:3C76H         LINE#         46
  C:3C7CH         LINE#         47
  C:3C83H         LINE#         48
  C:3C89H         LINE#         49
  C:3C8FH         LINE#         50
  -------         ENDPROC       HANG3
  -------         PROC          HANG4
  C:3C90H         LINE#         52
  C:3C90H         LINE#         53
  C:3C90H         LINE#         54
  C:3C97H         LINE#         55
  C:3C9DH         LINE#         56
  C:3CA3H         LINE#         57
  C:3CA9H         LINE#         58
  C:3CB0H         LINE#         59
  C:3CB6H         LINE#         60
  C:3CBCH         LINE#         61
  C:3CC2H         LINE#         62
  -------         ENDPROC       HANG4
  -------         PROC          HANG5
  C:3CC3H         LINE#         64
  C:3CC3H         LINE#         65
  C:3CC3H         LINE#         66
  C:3CCAH         LINE#         67
  C:3CD0H         LINE#         68
  C:3CD6H         LINE#         69
  C:3CDDH         LINE#         70
  C:3CE3H         LINE#         71
  C:3CE9H         LINE#         72
  C:3CEFH         LINE#         73
  C:3CF5H         LINE#         74
  -------         ENDPROC       HANG5
  -------         PROC          HANG6
  C:3CF6H         LINE#         76
  C:3CF6H         LINE#         77
  C:3CF6H         LINE#         78
  C:3CFDH         LINE#         79
  C:3D03H         LINE#         80
  C:3D0AH         LINE#         81
  C:3D10H         LINE#         82
  C:3D16H         LINE#         83
  C:3D1CH         LINE#         84
  C:3D22H         LINE#         85
  C:3D28H         LINE#         86
  -------         ENDPROC       HANG6
  -------         PROC          HANG7
  C:3D29H         LINE#         88
  C:3D29H         LINE#         89
  C:3D29H         LINE#         90
  C:3D30H         LINE#         91
  C:3D37H         LINE#         92
  C:3D3DH         LINE#         93
  C:3D43H         LINE#         94
BL51 BANKED LINKER/LOCATER V6.22                                                      03/23/2015  20:02:13  PAGE 41


  C:3D49H         LINE#         95
  C:3D4FH         LINE#         96
  C:3D55H         LINE#         97
  C:3D5BH         LINE#         98
  -------         ENDPROC       HANG7
  -------         PROC          HANG8
  C:3D5CH         LINE#         100
  C:3D5CH         LINE#         101
  C:3D5CH         LINE#         102
  C:3D63H         LINE#         103
  C:3D6AH         LINE#         104
  C:3D70H         LINE#         105
  C:3D76H         LINE#         106
  C:3D7CH         LINE#         107
  C:3D82H         LINE#         108
  C:3D88H         LINE#         109
  C:3D8EH         LINE#         110
  -------         ENDPROC       HANG8
  -------         ENDMOD        HC573

  -------         MODULE        KEY
  C:0000H         SYMBOL        _ICE_DUMMY_
  D:0090H         PUBLIC        P1
  D:00A8H         PUBLIC        IE
  X:049DH         PUBLIC        key1flag
  D:00B8H         PUBLIC        IP
  X:049EH         PUBLIC        key2flag
  X:049FH         PUBLIC        key3flag
  D:00D8H         PUBLIC        CCON
  D:0098H         PUBLIC        SCON
  D:0088H         PUBLIC        TCON
  C:3DBAH         PUBLIC        key_scan
  D:00D0H         PUBLIC        PSW
  B:0090H.5       PUBLIC        key1
  B:0090H.6       PUBLIC        key2
  B:0090H.7       PUBLIC        key3
  -------         PROC          KEY_SCAN
  C:3DBAH         LINE#         13
  C:3DBAH         LINE#         14
  C:3DBAH         LINE#         19
  C:3DC8H         LINE#         20
  C:3DD6H         LINE#         21
  C:3DE3H         LINE#         22
  -------         ENDPROC       KEY_SCAN
  -------         ENDMOD        KEY

  -------         MODULE        ZIMO
  C:0000H         SYMBOL        _ICE_DUMMY_
  D:00A8H         PUBLIC        IE
  D:00B8H         PUBLIC        IP
  D:00D8H         PUBLIC        CCON
  D:0098H         PUBLIC        SCON
  D:0088H         PUBLIC        TCON
  D:00D0H         PUBLIC        PSW
  -------         ENDMOD        ZIMO

  -------         MODULE        ?C?CLDPTR
BL51 BANKED LINKER/LOCATER V6.22                                                      03/23/2015  20:02:13  PAGE 42


  C:34B2H         PUBLIC        ?C?CLDPTR
  -------         ENDMOD        ?C?CLDPTR

  -------         MODULE        ?C?CSTPTR
  C:34CBH         PUBLIC        ?C?CSTPTR
  -------         ENDMOD        ?C?CSTPTR

  -------         MODULE        ?C?IMUL
  C:34DDH         PUBLIC        ?C?IMUL
  -------         ENDMOD        ?C?IMUL

  -------         MODULE        ?C?UIDIV
  C:34EFH         PUBLIC        ?C?UIDIV
  -------         ENDMOD        ?C?UIDIV

  -------         MODULE        ?C?SIDIV
  C:3544H         PUBLIC        ?C?SIDIV
  -------         ENDMOD        ?C?SIDIV

*** WARNING L16: UNCALLED SEGMENT, IGNORED FOR OVERLAY PROCESS
    SEGMENT: ?PR?FLASH_DIY?CHAR

*** WARNING L15: MULTIPLE CALL TO SEGMENT
    SEGMENT: ?PR?_LAYER_CS?TEST
    CALLER1: ?PR?LED_DISPLAY?TEST
    CALLER2: ?PR?AD_CONTROL?TEST

Program Size: data=9.0 xdata=1186 code=16045
LINK/LOCATE RUN COMPLETE.  2 WARNING(S),  0 ERROR(S)
