BL51 BANKED LINKER/LOCATER V6.22                                                        01/10/2019  19:42:26  PAGE 1


BL51 BANKED LINKER/LOCATER V6.22, INVOKED BY:
C:\KEIL_V5\C51\BIN\BL51.EXE STARTUP.obj, Text1.obj TO m RAMSIZE (256)


INPUT MODULES INCLUDED:
  STARTUP.obj (?C_STARTUP)
  Text1.obj (TEXT1)


LINK MAP OF MODULE:  m (?C_STARTUP)


            TYPE    BASE      LENGTH    RELOCATION   SEGMENT NAME
            -----------------------------------------------------

            * * * * * * *   D A T A   M E M O R Y   * * * * * * *
            REG     0000H     0008H     ABSOLUTE     "REG BANK 0"
            IDATA   0008H     0001H     UNIT         ?STACK

            * * * * * * *  X D A T A   M E M O R Y  * * * * * * *
            XDATA   0000H     0485H     UNIT         ?XD?_LIGHTEFFECT1?TEXT1
            XDATA   0485H     00C0H     UNIT         ?XD?TEXT1
            XDATA   0545H     000CH     UNIT         ?XD?_THEATERCHASE?TEXT1
            XDATA   0551H     0008H     UNIT         ?XD?_THEATERCHASERAINBOW?TEXT1
            XDATA   0559H     0008H     UNIT         ?XD?_COLORWIPE?TEXT1
            XDATA   0561H     0008H     UNIT         ?XD?LIGHTSUNSHINEWITHMUSIC?TEXT1
            XDATA   0569H     0008H     UNIT         ?XD?_LIGHTEFFECT2?TEXT1
            XDATA   0571H     0006H     UNIT         ?XD?_RAINBOW?TEXT1
            XDATA   0577H     0006H     UNIT         ?XD?_RAINBOWCYCLE?TEXT1
            XDATA   057DH     0005H     UNIT         ?XD?_SETPOINTCOLOUR?TEXT1
            XDATA   0582H     0005H     UNIT         ?XD?_SETPIXELCOLOR?TEXT1
            XDATA   0587H     0005H     UNIT         ?XD?_SENTPIXELCOLOR?TEXT1
            XDATA   058CH     0004H     UNIT         ?XD?LIGHTEFFECT1_1?TEXT1
            XDATA   0590H     0004H     UNIT         ?XD?LIGHTEFFECT1_8?TEXT1
            XDATA   0594H     0004H     UNIT         ?XD?LIGHTEFFECT8_1?TEXT1
            XDATA   0598H     0004H     UNIT         ?XD?LIGHTEFFECT8_8?TEXT1
            XDATA   059CH     0002H     UNIT         ?XD?RESET?TEXT1
            XDATA   059EH     0002H     UNIT         ?XD?_COLOR?TEXT1
            XDATA   05A0H     0002H     UNIT         ?XD?_LIGHTEFFECT8?TEXT1
            XDATA   05A2H     0001H     UNIT         ?XD?_WHEEL?TEXT1
            XDATA   05A3H     0001H     UNIT         ?XD?MAIN?TEXT1
            XDATA   05A4H     0001H     UNIT         ?XD?_WS2812ASM?TEXT1

            * * * * * * *   C O D E   M E M O R Y   * * * * * * *
            CODE    0000H     0003H     ABSOLUTE     
            CODE    0003H     0480H     UNIT         ?CO?TEXT1
            CODE    0483H     0200H     UNIT         ?PR?_LIGHTCONTROLL?TEXT1
            CODE    0683H     01A0H     UNIT         ?PR?LIGHTSUNSHINEWITHMUSIC?TEXT1
            CODE    0823H     012FH     UNIT         ?PR?_LIGHTEFFECT1?TEXT1
            CODE    0952H     0128H     UNIT         ?PR?LIGHTEFFECT8_1?TEXT1
            CODE    0A7AH     0126H     UNIT         ?PR?LIGHTEFFECT1_8?TEXT1
            CODE    0BA0H     0112H     UNIT         ?PR?LIGHTEFFECT1_1?TEXT1
            CODE    0CB2H     0102H     UNIT         ?PR?LIGHTEFFECT8_8?TEXT1
            CODE    0DB4H     00FAH     UNIT         ?PR?_THEATERCHASE?TEXT1
            CODE    0EAEH     00FAH     UNIT         ?PR?_THEATERCHASERAINBOW?TEXT1
            CODE    0FA8H     00CCH     UNIT         ?C_INITSEG
            CODE    1074H     0099H     UNIT         ?PR?_SEND_2811_24BITS?TEXT1
            CODE    110DH     007FH     UNIT         ?PR?_LIGHTEFFECT2?TEXT1
BL51 BANKED LINKER/LOCATER V6.22                                                      01/10/2019  19:42:26  PAGE 2


            CODE    118CH     007DH     UNIT         ?PR?_RAINBOWCYCLE?TEXT1
            CODE    1209H     0078H     UNIT         ?PR?_RAINBOW?TEXT1
            CODE    1281H     0066H     UNIT         ?PR?_SETPIXELCOLOR?TEXT1
            CODE    12E7H     0066H     UNIT         ?PR?_SENTPIXELCOLOR?TEXT1
            CODE    134DH     005CH     UNIT         ?PR?_COLOR?TEXT1
            CODE    13A9H     0054H     UNIT         ?PR?_COLORWIPE?TEXT1
            CODE    13FDH     0052H     UNIT         ?PR?_WHEEL?TEXT1
            CODE    144FH     004CH     UNIT         ?PR?_LIGHTEFFECT8?TEXT1
            CODE    149BH     004BH     UNIT         ?PR?ZIDINGYI1?TEXT1
            CODE    14E6H     004AH     UNIT         ?PR?_SETPOINTCOLOUR?TEXT1
            CODE    1530H     0039H     UNIT         ?PR?RESET?TEXT1
            CODE    1569H     0036H     UNIT         ?PR?_SET_COLOUR?TEXT1
            CODE    159FH     0029H     UNIT         ?PR?_SENDBYTETO7279?TEXT1
            CODE    15C8H     0027H     UNIT         ?PR?_HAL_DELAY?TEXT1
            CODE    15EFH     0026H     UNIT         ?PR?RECEIVEDBYTETOMCU?TEXT1
            CODE    1615H     0020H     UNIT         ?PR?_DELAYMS?TEXT1
            CODE    1635H     001AH     UNIT         ?PR?MAIN?TEXT1
            CODE    164FH     0017H     UNIT         ?PR?UARTINIT?TEXT1
            CODE    1666H     0015H     UNIT         ?PR?_DELAY1MS?TEXT1
            CODE    167BH     0013H     UNIT         ?PR?_SENDBYTES2COMPUTER?TEXT1
            CODE    168EH     0013H     UNIT         ?PR?_WS2812ASM?TEXT1
            CODE    16A1H     0012H     UNIT         ?PR?RGB_SET_UP?TEXT1
            CODE    16B3H     000FH     UNIT         ?PR?GETNUM?TEXT1
            CODE    16C2H     000CH     UNIT         ?C_C51STARTUP
            CODE    16CEH     000BH     UNIT         ?PR?DELAY50US?TEXT1
            CODE    16D9H     000BH     UNIT         ?PR?RGB_SET_DOWN?TEXT1
            CODE    16E4H     0009H     UNIT         ?PR?KEY_READ?TEXT1
            CODE    16EDH     0008H     UNIT         ?PR?LONG_DELAY?TEXT1
            CODE    16F5H     0008H     UNIT         ?PR?SHORT_DELAY?TEXT1
            CODE    16FDH     0008H     UNIT         ?PR?_SENDBYTE2COMPUTER?TEXT1
            CODE    1705H     0005H     UNIT         ?PR?RGB_RST?TEXT1
            CODE    170AH     0003H     UNIT         ?PR?PIXELUPDATE?TEXT1



UNRESOLVED EXTERNAL SYMBOLS:
   ?C?CASTF
   ?C?CLDPTR
   ?C?COPY
   ?C?FCASTC
   ?C?FCASTI
   ?C?FPDIV
   ?C?LSHL
   ?C?LSTKXDATA
   ?C?LSTXDATA
   ?C?SIDIV
   ?C?UIDIV
   ?C?ULSHR
   ?C_START
   RAND



SYMBOL TABLE OF MODULE:  m (?C_STARTUP)

  VALUE           TYPE          NAME
  ----------------------------------
BL51 BANKED LINKER/LOCATER V6.22                                                      01/10/2019  19:42:26  PAGE 3



  -------         MODULE        ?C_STARTUP
  C:16C2H         SEGMENT       ?C_C51STARTUP
  I:0008H         SEGMENT       ?STACK
  C:0000H         PUBLIC        ?C_STARTUP
  D:00E0H         SYMBOL        ACC
  D:00F0H         SYMBOL        B
  D:0083H         SYMBOL        DPH
  D:0082H         SYMBOL        DPL
  N:0000H         SYMBOL        IBPSTACK
  N:0100H         SYMBOL        IBPSTACKTOP
  N:0080H         SYMBOL        IDATALEN
  C:16C5H         SYMBOL        IDATALOOP
  N:0000H         SYMBOL        PBPSTACK
  N:0100H         SYMBOL        PBPSTACKTOP
  N:0000H         SYMBOL        PDATALEN
  N:0000H         SYMBOL        PDATASTART
  N:0000H         SYMBOL        PPAGE
  N:0000H         SYMBOL        PPAGEENABLE
  D:00A0H         SYMBOL        PPAGE_SFR
  D:0081H         SYMBOL        SP
  C:16C2H         SYMBOL        STARTUP1
  N:0000H         SYMBOL        XBPSTACK
  N:0000H         SYMBOL        XBPSTACKTOP
  N:0000H         SYMBOL        XDATALEN
  N:0000H         SYMBOL        XDATASTART
  C:0000H         LINE#         126
  C:16C2H         LINE#         133
  C:16C4H         LINE#         134
  C:16C5H         LINE#         135
  C:16C6H         LINE#         136
  C:16C8H         LINE#         185
  C:16CBH         LINE#         196
  -------         ENDMOD        ?C_STARTUP

  -------         MODULE        TEXT1
  C:15C8H         SEGMENT       ?PR?_HAL_DELAY?TEXT1
  C:1530H         SEGMENT       ?PR?RESET?TEXT1
  X:059CH         SEGMENT       ?XD?RESET?TEXT1
  C:16CEH         SEGMENT       ?PR?DELAY50US?TEXT1
  C:16A1H         SEGMENT       ?PR?RGB_SET_UP?TEXT1
  C:16D9H         SEGMENT       ?PR?RGB_SET_DOWN?TEXT1
  C:1074H         SEGMENT       ?PR?_SEND_2811_24BITS?TEXT1
  C:1705H         SEGMENT       ?PR?RGB_RST?TEXT1
  C:1569H         SEGMENT       ?PR?_SET_COLOUR?TEXT1
  C:14E6H         SEGMENT       ?PR?_SETPOINTCOLOUR?TEXT1
  X:057DH         SEGMENT       ?XD?_SETPOINTCOLOUR?TEXT1
  C:1281H         SEGMENT       ?PR?_SETPIXELCOLOR?TEXT1
  X:0582H         SEGMENT       ?XD?_SETPIXELCOLOR?TEXT1
  C:12E7H         SEGMENT       ?PR?_SENTPIXELCOLOR?TEXT1
  X:0587H         SEGMENT       ?XD?_SENTPIXELCOLOR?TEXT1
  C:170AH         SEGMENT       ?PR?PIXELUPDATE?TEXT1
  C:134DH         SEGMENT       ?PR?_COLOR?TEXT1
  X:059EH         SEGMENT       ?XD?_COLOR?TEXT1
  C:13FDH         SEGMENT       ?PR?_WHEEL?TEXT1
  X:05A2H         SEGMENT       ?XD?_WHEEL?TEXT1
  C:1209H         SEGMENT       ?PR?_RAINBOW?TEXT1
BL51 BANKED LINKER/LOCATER V6.22                                                      01/10/2019  19:42:26  PAGE 4


  X:0571H         SEGMENT       ?XD?_RAINBOW?TEXT1
  C:118CH         SEGMENT       ?PR?_RAINBOWCYCLE?TEXT1
  X:0577H         SEGMENT       ?XD?_RAINBOWCYCLE?TEXT1
  C:0DB4H         SEGMENT       ?PR?_THEATERCHASE?TEXT1
  X:0545H         SEGMENT       ?XD?_THEATERCHASE?TEXT1
  C:0EAEH         SEGMENT       ?PR?_THEATERCHASERAINBOW?TEXT1
  X:0551H         SEGMENT       ?XD?_THEATERCHASERAINBOW?TEXT1
  C:13A9H         SEGMENT       ?PR?_COLORWIPE?TEXT1
  X:0559H         SEGMENT       ?XD?_COLORWIPE?TEXT1
  C:149BH         SEGMENT       ?PR?ZIDINGYI1?TEXT1
  C:144FH         SEGMENT       ?PR?_LIGHTEFFECT8?TEXT1
  X:05A0H         SEGMENT       ?XD?_LIGHTEFFECT8?TEXT1
  C:0BA0H         SEGMENT       ?PR?LIGHTEFFECT1_1?TEXT1
  X:058CH         SEGMENT       ?XD?LIGHTEFFECT1_1?TEXT1
  C:0A7AH         SEGMENT       ?PR?LIGHTEFFECT1_8?TEXT1
  X:0590H         SEGMENT       ?XD?LIGHTEFFECT1_8?TEXT1
  C:0952H         SEGMENT       ?PR?LIGHTEFFECT8_1?TEXT1
  X:0594H         SEGMENT       ?XD?LIGHTEFFECT8_1?TEXT1
  C:0CB2H         SEGMENT       ?PR?LIGHTEFFECT8_8?TEXT1
  X:0598H         SEGMENT       ?XD?LIGHTEFFECT8_8?TEXT1
  C:16B3H         SEGMENT       ?PR?GETNUM?TEXT1
  C:0683H         SEGMENT       ?PR?LIGHTSUNSHINEWITHMUSIC?TEXT1
  X:0561H         SEGMENT       ?XD?LIGHTSUNSHINEWITHMUSIC?TEXT1
  C:110DH         SEGMENT       ?PR?_LIGHTEFFECT2?TEXT1
  X:0569H         SEGMENT       ?XD?_LIGHTEFFECT2?TEXT1
  C:0823H         SEGMENT       ?PR?_LIGHTEFFECT1?TEXT1
  X:0000H         SEGMENT       ?XD?_LIGHTEFFECT1?TEXT1
  C:0483H         SEGMENT       ?PR?_LIGHTCONTROLL?TEXT1
  C:16EDH         SEGMENT       ?PR?LONG_DELAY?TEXT1
  C:16F5H         SEGMENT       ?PR?SHORT_DELAY?TEXT1
  C:159FH         SEGMENT       ?PR?_SENDBYTETO7279?TEXT1
  C:15EFH         SEGMENT       ?PR?RECEIVEDBYTETOMCU?TEXT1
  C:16E4H         SEGMENT       ?PR?KEY_READ?TEXT1
  C:1615H         SEGMENT       ?PR?_DELAYMS?TEXT1
  C:16FDH         SEGMENT       ?PR?_SENDBYTE2COMPUTER?TEXT1
  C:167BH         SEGMENT       ?PR?_SENDBYTES2COMPUTER?TEXT1
  C:164FH         SEGMENT       ?PR?UARTINIT?TEXT1
  C:1666H         SEGMENT       ?PR?_DELAY1MS?TEXT1
  C:1635H         SEGMENT       ?PR?MAIN?TEXT1
  X:05A3H         SEGMENT       ?XD?MAIN?TEXT1
  C:168EH         SEGMENT       ?PR?_WS2812ASM?TEXT1
  X:05A4H         SEGMENT       ?XD?_WS2812ASM?TEXT1
  C:0FA8H         SEGMENT       ?C_INITSEG
  C:0003H         SEGMENT       ?CO?TEXT1
  X:0485H         SEGMENT       ?XD?TEXT1
  X:0559H         PUBLIC        ?_COLORWIPE?BYTE
  X:0587H         PUBLIC        ?_SENTPIXELCOLOR?BYTE
  X:0582H         PUBLIC        ?_SETPIXELCOLOR?BYTE
  X:057DH         PUBLIC        ?_SETPOINTCOLOUR?BYTE
  X:0545H         PUBLIC        ?_THEATERCHASE?BYTE
  X:0485H         PUBLIC        BUF_B
  X:04C5H         PUBLIC        BUF_G
  X:0505H         PUBLIC        BUF_R
  C:16CEH         PUBLIC        DELAY50US
  C:16B3H         PUBLIC        GETNUM
  C:16E4H         PUBLIC        KEY_READ
  C:0BA0H         PUBLIC        LIGHTEFFECT1_1
BL51 BANKED LINKER/LOCATER V6.22                                                      01/10/2019  19:42:26  PAGE 5


  C:0A7AH         PUBLIC        LIGHTEFFECT1_8
  C:0952H         PUBLIC        LIGHTEFFECT8_1
  C:0CB2H         PUBLIC        LIGHTEFFECT8_8
  C:0683H         PUBLIC        LIGHTSUNSHINEWITHMUSIC
  C:16EDH         PUBLIC        LONG_DELAY
  C:1635H         PUBLIC        MAIN
  C:170AH         PUBLIC        PIXELUPDATE
  C:15EFH         PUBLIC        RECEIVEDBYTETOMCU
  C:1530H         PUBLIC        RESET
  C:1705H         PUBLIC        RGB_RST
  C:16D9H         PUBLIC        RGB_SET_DOWN
  C:16A1H         PUBLIC        RGB_SET_UP
  C:16F5H         PUBLIC        SHORT_DELAY
  C:164FH         PUBLIC        UARTINIT
  C:149BH         PUBLIC        ZIDINGYI1
  C:135FH         PUBLIC        _COLOR
  C:13A9H         PUBLIC        _COLORWIPE
  C:1666H         PUBLIC        _DELAY1MS
  C:1615H         PUBLIC        _DELAYMS
  C:15CDH         PUBLIC        _HAL_DELAY
  C:0483H         PUBLIC        _LIGHTCONTROLL
  C:0823H         PUBLIC        _LIGHTEFFECT1
  C:110DH         PUBLIC        _LIGHTEFFECT2
  C:144FH         PUBLIC        _LIGHTEFFECT8
  C:1209H         PUBLIC        _RAINBOW
  C:118CH         PUBLIC        _RAINBOWCYCLE
  C:16FDH         PUBLIC        _SENDBYTE2COMPUTER
  C:167BH         PUBLIC        _SENDBYTES2COMPUTER
  C:159FH         PUBLIC        _SENDBYTETO7279
  C:1098H         PUBLIC        _SEND_2811_24BITS
  C:12E7H         PUBLIC        _SENTPIXELCOLOR
  C:1281H         PUBLIC        _SETPIXELCOLOR
  C:14E6H         PUBLIC        _SETPOINTCOLOUR
  C:1569H         PUBLIC        _SET_COLOUR
  C:0DBDH         PUBLIC        _THEATERCHASE
  C:0EAEH         PUBLIC        _THEATERCHASERAINBOW
  C:13FDH         PUBLIC        _WHEEL
  C:168EH         PUBLIC        _WS2812ASM
  C:15D1H         SYMBOL        ?C0001
  C:15E5H         SYMBOL        ?C0003
  C:15D5H         SYMBOL        ?C0004
  C:15EEH         SYMBOL        ?C0007
  C:1537H         SYMBOL        ?C0008
  C:1568H         SYMBOL        ?C0011
  C:16D6H         SYMBOL        ?C0012
  C:16D4H         SYMBOL        ?C0015
  C:16D6H         SYMBOL        ?C0016
  C:109DH         SYMBOL        ?C0020
  C:10C0H         SYMBOL        ?C0021
  C:10B5H         SYMBOL        ?C0022
  C:10B2H         SYMBOL        ?C0023
  C:10C3H         SYMBOL        ?C0025
  C:10E6H         SYMBOL        ?C0026
  C:10DBH         SYMBOL        ?C0027
  C:10D8H         SYMBOL        ?C0028
  C:10E9H         SYMBOL        ?C0030
  C:1101H         SYMBOL        ?C0032
BL51 BANKED LINKER/LOCATER V6.22                                                      01/10/2019  19:42:26  PAGE 6


  C:10FEH         SYMBOL        ?C0033
  C:110CH         SYMBOL        ?C0035
  C:156BH         SYMBOL        ?C0037
  C:1594H         SYMBOL        ?C0038
  C:1596H         SYMBOL        ?C0040
  C:159EH         SYMBOL        ?C0043
  C:14F2H         SYMBOL        ?C0044
  C:1525H         SYMBOL        ?C0045
  C:1527H         SYMBOL        ?C0047
  C:152FH         SYMBOL        ?C0050
  C:1285H         SYMBOL        ?C0051
  C:12DCH         SYMBOL        ?C0052
  C:12DEH         SYMBOL        ?C0054
  C:12E6H         SYMBOL        ?C0057
  C:12EBH         SYMBOL        ?C0058
  C:1342H         SYMBOL        ?C0059
  C:1344H         SYMBOL        ?C0061
  C:134CH         SYMBOL        ?C0064
  C:13A8H         SYMBOL        ?C0066
  C:141BH         SYMBOL        ?C0067
  C:144EH         SYMBOL        ?C0068
  C:1437H         SYMBOL        ?C0069
  C:1218H         SYMBOL        ?C0070
  C:127EH         SYMBOL        ?C0071
  C:121FH         SYMBOL        ?C0073
  C:1258H         SYMBOL        ?C0074
  C:119BH         SYMBOL        ?C0077
  C:11A2H         SYMBOL        ?C0080
  C:11E8H         SYMBOL        ?C0081
  C:1208H         SYMBOL        ?C0083
  C:0DCAH         SYMBOL        ?C0084
  C:0E8BH         SYMBOL        ?C0086
  C:0DD1H         SYMBOL        ?C0087
  C:0DD8H         SYMBOL        ?C0090
  C:0E1CH         SYMBOL        ?C0091
  C:0E2CH         SYMBOL        ?C0093
  C:0E66H         SYMBOL        ?C0094
  C:0EADH         SYMBOL        ?C0096
  C:0EBBH         SYMBOL        ?C0097
  C:0FA5H         SYMBOL        ?C0098
  C:0F83H         SYMBOL        ?C0099
  C:0EC2H         SYMBOL        ?C0100
  C:0F61H         SYMBOL        ?C0102
  C:0EC9H         SYMBOL        ?C0103
  C:0F17H         SYMBOL        ?C0104
  C:0F27H         SYMBOL        ?C0106
  C:13BCH         SYMBOL        ?C0110
  C:13FAH         SYMBOL        ?C0111
  C:149BH         SYMBOL        ?C0114
  C:0BA7H         SYMBOL        ?C0118
  C:0C5CH         SYMBOL        ?C0119
  C:0C4BH         SYMBOL        ?C0120
  C:0BC2H         SYMBOL        ?C0121
  C:0C63H         SYMBOL        ?C0124
  C:0CB1H         SYMBOL        ?C0127
  C:0A81H         SYMBOL        ?C0128
  C:0B43H         SYMBOL        ?C0129
BL51 BANKED LINKER/LOCATER V6.22                                                      01/10/2019  19:42:26  PAGE 7


  C:0B32H         SYMBOL        ?C0130
  C:0A9CH         SYMBOL        ?C0131
  C:0B4AH         SYMBOL        ?C0134
  C:0B9FH         SYMBOL        ?C0137
  C:0959H         SYMBOL        ?C0138
  C:0A1BH         SYMBOL        ?C0139
  C:0A0AH         SYMBOL        ?C0140
  C:0974H         SYMBOL        ?C0141
  C:0A22H         SYMBOL        ?C0144
  C:0A79H         SYMBOL        ?C0147
  C:0CB9H         SYMBOL        ?C0148
  C:0D55H         SYMBOL        ?C0149
  C:0D44H         SYMBOL        ?C0150
  C:0CD4H         SYMBOL        ?C0151
  C:0D5CH         SYMBOL        ?C0154
  C:0DB3H         SYMBOL        ?C0157
  C:16C1H         SYMBOL        ?C0158
  C:068AH         SYMBOL        ?C0159
  C:0800H         SYMBOL        ?C0161
  C:06A1H         SYMBOL        ?C0162
  C:07EFH         SYMBOL        ?C0164
  C:0706H         SYMBOL        ?C0165
  C:0734H         SYMBOL        ?C0167
  C:0767H         SYMBOL        ?C0170
  C:077BH         SYMBOL        ?C0171
  C:078EH         SYMBOL        ?C0172
  C:07A2H         SYMBOL        ?C0173
  C:07B5H         SYMBOL        ?C0174
  C:07C8H         SYMBOL        ?C0175
  C:07DCH         SYMBOL        ?C0176
  C:0822H         SYMBOL        ?C0178
  C:114FH         SYMBOL        ?C0179
  C:118BH         SYMBOL        ?C0182
  C:086EH         SYMBOL        ?C0183
  C:094FH         SYMBOL        ?C0184
  C:0553H         SYMBOL        ?C0188
  C:0556H         SYMBOL        ?C0189
  C:0558H         SYMBOL        ?C0190
  C:055AH         SYMBOL        ?C0191
  C:055CH         SYMBOL        ?C0192
  C:0560H         SYMBOL        ?C0193
  C:0562H         SYMBOL        ?C0194
  C:0576H         SYMBOL        ?C0195
  C:0578H         SYMBOL        ?C0196
  C:057BH         SYMBOL        ?C0197
  C:0580H         SYMBOL        ?C0198
  C:0585H         SYMBOL        ?C0199
  C:058AH         SYMBOL        ?C0200
  C:058FH         SYMBOL        ?C0201
  C:0594H         SYMBOL        ?C0202
  C:0599H         SYMBOL        ?C0203
  C:059CH         SYMBOL        ?C0204
  C:059FH         SYMBOL        ?C0205
  C:05A4H         SYMBOL        ?C0206
  C:05A9H         SYMBOL        ?C0207
  C:05AEH         SYMBOL        ?C0208
  C:05B3H         SYMBOL        ?C0209
BL51 BANKED LINKER/LOCATER V6.22                                                      01/10/2019  19:42:26  PAGE 8


  C:05B8H         SYMBOL        ?C0210
  C:05BDH         SYMBOL        ?C0211
  C:05C0H         SYMBOL        ?C0212
  C:05C4H         SYMBOL        ?C0213
  C:05C9H         SYMBOL        ?C0214
  C:05CEH         SYMBOL        ?C0215
  C:05D2H         SYMBOL        ?C0216
  C:05D6H         SYMBOL        ?C0217
  C:05DCH         SYMBOL        ?C0218
  C:05E0H         SYMBOL        ?C0219
  C:05E6H         SYMBOL        ?C0220
  C:05E9H         SYMBOL        ?C0221
  C:05EDH         SYMBOL        ?C0222
  C:05F3H         SYMBOL        ?C0223
  C:05F7H         SYMBOL        ?C0224
  C:05FFH         SYMBOL        ?C0225
  C:0607H         SYMBOL        ?C0226
  C:060BH         SYMBOL        ?C0227
  C:0613H         SYMBOL        ?C0228
  C:0615H         SYMBOL        ?C0229
  C:0619H         SYMBOL        ?C0230
  C:061DH         SYMBOL        ?C0231
  C:0621H         SYMBOL        ?C0232
  C:0625H         SYMBOL        ?C0233
  C:0629H         SYMBOL        ?C0234
  C:062DH         SYMBOL        ?C0235
  C:062FH         SYMBOL        ?C0236
  C:0636H         SYMBOL        ?C0237
  C:063AH         SYMBOL        ?C0238
  C:063EH         SYMBOL        ?C0239
  C:0642H         SYMBOL        ?C0240
  C:0646H         SYMBOL        ?C0241
  C:064AH         SYMBOL        ?C0242
  C:0651H         SYMBOL        ?C0243
  C:0658H         SYMBOL        ?C0244
  C:065BH         SYMBOL        ?C0247
  C:0663H         SYMBOL        ?C0248
  C:066CH         SYMBOL        ?C0249
  C:067FH         SYMBOL        ?C0251
  C:0682H         SYMBOL        ?C0253
  C:16EFH         SYMBOL        ?C0254
  C:16F4H         SYMBOL        ?C0257
  C:16F7H         SYMBOL        ?C0258
  C:16FCH         SYMBOL        ?C0261
  C:15A8H         SYMBOL        ?C0262
  C:15C5H         SYMBOL        ?C0263
  C:15B0H         SYMBOL        ?C0265
  C:15B2H         SYMBOL        ?C0266
  C:15F7H         SYMBOL        ?C0268
  C:1610H         SYMBOL        ?C0269
  C:1606H         SYMBOL        ?C0271
  C:1614H         SYMBOL        ?C0272
  C:16ECH         SYMBOL        ?C0273
  C:1618H         SYMBOL        ?C0274
  C:162DH         SYMBOL        ?C0276
  C:1622H         SYMBOL        ?C0277
  C:1634H         SYMBOL        ?C0280
BL51 BANKED LINKER/LOCATER V6.22                                                      01/10/2019  19:42:26  PAGE 9


  C:16FFH         SYMBOL        ?C0281
  C:1702H         SYMBOL        ?C0282
  C:167BH         SYMBOL        ?C0284
  C:168DH         SYMBOL        ?C0286
  C:1668H         SYMBOL        ?C0288
  C:1675H         SYMBOL        ?C0291
  C:1673H         SYMBOL        ?C0294
  C:1675H         SYMBOL        ?C0295
  C:167AH         SYMBOL        ?C0296
  C:1638H         SYMBOL        ?C0297
  C:15E3H         SYMBOL        ?C0301
  C:15EAH         SYMBOL        ?C0302
  C:1566H         SYMBOL        ?C0303
  C:10A5H         SYMBOL        ?C0304
  C:10A7H         SYMBOL        ?C0305
  C:10BAH         SYMBOL        ?C0306
  C:10CBH         SYMBOL        ?C0307
  C:10CDH         SYMBOL        ?C0308
  C:10E0H         SYMBOL        ?C0309
  C:10F1H         SYMBOL        ?C0310
  C:10F3H         SYMBOL        ?C0311
  C:1106H         SYMBOL        ?C0312
  C:1256H         SYMBOL        ?C0313
  C:126FH         SYMBOL        ?C0314
  C:11B7H         SYMBOL        ?C0315
  C:11E6H         SYMBOL        ?C0316
  C:11FFH         SYMBOL        ?C0317
  C:0E77H         SYMBOL        ?C0318
  C:0E99H         SYMBOL        ?C0319
  C:0F6FH         SYMBOL        ?C0320
  C:0F91H         SYMBOL        ?C0321
  C:13F8H         SYMBOL        ?C0322
  C:0BDBH         SYMBOL        ?C0323
  C:0C0BH         SYMBOL        ?C0324
  C:0C48H         SYMBOL        ?C0325
  C:0CAFH         SYMBOL        ?C0326
  C:0AB8H         SYMBOL        ?C0327
  C:0AEDH         SYMBOL        ?C0328
  C:0B2FH         SYMBOL        ?C0329
  C:0B9DH         SYMBOL        ?C0330
  C:0990H         SYMBOL        ?C0331
  C:09C2H         SYMBOL        ?C0332
  C:0A07H         SYMBOL        ?C0333
  C:0A77H         SYMBOL        ?C0334
  C:0CDDH         SYMBOL        ?C0335
  C:0D04H         SYMBOL        ?C0336
  C:0D33H         SYMBOL        ?C0337
  C:0DB1H         SYMBOL        ?C0338
  C:06C1H         SYMBOL        ?C0339
  C:0746H         SYMBOL        ?C0340
  C:0752H         SYMBOL        ?C0341
  C:07FDH         SYMBOL        ?C0342
  C:080EH         SYMBOL        ?C0343
  C:1189H         SYMBOL        ?C0344
  C:08A5H         SYMBOL        ?C0345
  C:08CAH         SYMBOL        ?C0346
  C:08FDH         SYMBOL        ?C0347
BL51 BANKED LINKER/LOCATER V6.22                                                      01/10/2019  19:42:26  PAGE 10


  C:094CH         SYMBOL        ?C0348
  C:0487H         SYMBOL        ?C0349
  C:0493H         SYMBOL        ?C0350
  C:1627H         SYMBOL        ?C0351
  C:1632H         SYMBOL        ?C0352
  C:1435H         SYMBOL        ?C0353
  C:144BH         SYMBOL        ?C0354
  C:0731H         SYMBOL        ?C0355
  C:0779H         SYMBOL        ?C0356
  C:078CH         SYMBOL        ?C0357
  C:07A0H         SYMBOL        ?C0358
  C:07B3H         SYMBOL        ?C0359
  C:07C6H         SYMBOL        ?C0360
  C:07DAH         SYMBOL        ?C0361
  C:07ECH         SYMBOL        ?C0362
  C:0558H         SYMBOL        ?C0363
  C:0560H         SYMBOL        ?C0364
  C:05C9H         SYMBOL        ?C0365
  C:05C2H         SYMBOL        ?C0366
  C:0562H         SYMBOL        ?C0367
  C:05E6H         SYMBOL        ?C0368
  C:059CH         SYMBOL        ?C0369
  C:0582H         SYMBOL        ?C0370
  C:0587H         SYMBOL        ?C0371
  C:058CH         SYMBOL        ?C0372
  C:0591H         SYMBOL        ?C0373
  C:0596H         SYMBOL        ?C0374
  C:05A1H         SYMBOL        ?C0375
  C:05BDH         SYMBOL        ?C0376
  C:0613H         SYMBOL        ?C0377
  C:05A6H         SYMBOL        ?C0378
  C:05ABH         SYMBOL        ?C0379
  C:05B0H         SYMBOL        ?C0380
  C:05B5H         SYMBOL        ?C0381
  C:05BAH         SYMBOL        ?C0382
  C:05C6H         SYMBOL        ?C0383
  C:062DH         SYMBOL        ?C0384
  C:05D8H         SYMBOL        ?C0385
  C:05DEH         SYMBOL        ?C0386
  C:05DAH         SYMBOL        ?C0387
  C:05D4H         SYMBOL        ?C0388
  C:05F5H         SYMBOL        ?C0389
  C:05E4H         SYMBOL        ?C0390
  C:05EBH         SYMBOL        ?C0391
  C:05F1H         SYMBOL        ?C0392
  C:0609H         SYMBOL        ?C0393
  C:0603H         SYMBOL        ?C0394
  C:05F9H         SYMBOL        ?C0395
  C:0605H         SYMBOL        ?C0396
  C:0611H         SYMBOL        ?C0397
  C:0617H         SYMBOL        ?C0398
  C:0661H         SYMBOL        ?C0399
  C:062FH         SYMBOL        ?C0400
  C:061BH         SYMBOL        ?C0401
  C:061FH         SYMBOL        ?C0402
  C:0623H         SYMBOL        ?C0403
  C:0627H         SYMBOL        ?C0404
BL51 BANKED LINKER/LOCATER V6.22                                                      01/10/2019  19:42:26  PAGE 11


  C:062BH         SYMBOL        ?C0405
  C:0638H         SYMBOL        ?C0406
  C:0651H         SYMBOL        ?C0407
  C:063CH         SYMBOL        ?C0408
  C:0640H         SYMBOL        ?C0409
  C:0644H         SYMBOL        ?C0410
  C:0648H         SYMBOL        ?C0411
  C:064CH         SYMBOL        ?C0412
  C:066CH         SYMBOL        ?C0414
  C:0669H         SYMBOL        ?C0415
  C:066CH         SYMBOL        ?C0416
  X:058CH         SYMBOL        ?LIGHTEFFECT1_1?BYTE
  X:0590H         SYMBOL        ?LIGHTEFFECT1_8?BYTE
  X:0594H         SYMBOL        ?LIGHTEFFECT8_1?BYTE
  X:0598H         SYMBOL        ?LIGHTEFFECT8_8?BYTE
  X:0561H         SYMBOL        ?LIGHTSUNSHINEWITHMUSIC?BYTE
  X:05A3H         SYMBOL        ?MAIN?BYTE
  X:059CH         SYMBOL        ?RESET?BYTE
  X:059EH         SYMBOL        ?_COLOR?BYTE
  X:0000H         SYMBOL        ?_LIGHTEFFECT1?BYTE
  X:0569H         SYMBOL        ?_LIGHTEFFECT2?BYTE
  X:05A0H         SYMBOL        ?_LIGHTEFFECT8?BYTE
  X:0571H         SYMBOL        ?_RAINBOW?BYTE
  X:0577H         SYMBOL        ?_RAINBOWCYCLE?BYTE
  X:0551H         SYMBOL        ?_THEATERCHASERAINBOW?BYTE
  X:05A2H         SYMBOL        ?_WHEEL?BYTE
  X:05A4H         SYMBOL        ?_WS2812ASM?BYTE
  B:00D0H.6       SYMBOL        AC
  D:00E0H         SYMBOL        ACC
  D:008EH         SYMBOL        AUXR
  D:00F0H         SYMBOL        B
  X:059FH         SYMBOL        B?1267
  X:0305H         SYMBOL        B?28109
  X:0581H         SYMBOL        B?857
  X:0588H         SYMBOL        C?1063
  X:0545H         SYMBOL        C?1675
  X:0559H         SYMBOL        C?1884
  X:0583H         SYMBOL        C?960
  B:0090H.7       SYMBOL        CLK
  B:0090H.6       SYMBOL        CS
  B:00D0H.7       SYMBOL        CY
  B:0090H.4       SYMBOL        DAT
  X:05A4H         SYMBOL        DATAA?41128
  D:0083H         SYMBOL        DPH
  D:0082H         SYMBOL        DPL
  B:00A8H.7       SYMBOL        EA
  B:00A8H.4       SYMBOL        ES
  B:00A8H.1       SYMBOL        ET0
  B:00A8H.3       SYMBOL        ET1
  B:00A8H.0       SYMBOL        EX0
  B:00A8H.2       SYMBOL        EX1
  B:00D0H.5       SYMBOL        F0
  X:0569H         SYMBOL        FRE?27101
  X:0185H         SYMBOL        G?28108
  X:0580H         SYMBOL        G?856
  X:059CH         SYMBOL        I?143
  X:0573H         SYMBOL        I?1470
BL51 BANKED LINKER/LOCATER V6.22                                                      01/10/2019  19:42:26  PAGE 12


  X:0579H         SYMBOL        I?1573
  X:054FH         SYMBOL        I?1679
  X:0557H         SYMBOL        I?1783
  X:055FH         SYMBOL        I?1886
  X:058CH         SYMBOL        I?2188
  X:0590H         SYMBOL        I?2290
  X:0594H         SYMBOL        I?2392
  X:0598H         SYMBOL        I?2494
  X:0563H         SYMBOL        I?2697
  X:056BH         SYMBOL        I?27102
  X:0003H         SYMBOL        I?28106
  D:00A8H         SYMBOL        IE
  B:0088H.1       SYMBOL        IE0
  B:0088H.3       SYMBOL        IE1
  B:00B0H.2       SYMBOL        INT0
  B:00B0H.3       SYMBOL        INT1
  D:00B8H         SYMBOL        IP
  B:0088H.0       SYMBOL        IT0
  B:0088H.2       SYMBOL        IT1
  X:0575H         SYMBOL        J?1471
  X:057BH         SYMBOL        J?1574
  X:054BH         SYMBOL        J?1677
  X:0553H         SYMBOL        J?1781
  X:0565H         SYMBOL        J?2698
  X:0001H         SYMBOL        J?28105
  X:058EH         SYMBOL        K?2189
  X:0592H         SYMBOL        K?2291
  X:0596H         SYMBOL        K?2393
  X:059AH         SYMBOL        K?2495
  B:0090H.5       SYMBOL        KEY
  X:05A3H         SYMBOL        KEYVALUE?40127
  C:1074H         SYMBOL        L?0417
  C:1074H         SYMBOL        L?0418
  C:0DB4H         SYMBOL        L?0419
  C:0DB4H         SYMBOL        L?0420
  C:134DH         SYMBOL        L?0421
  C:15C8H         SYMBOL        L?0422
  C:15C8H         SYMBOL        L?0423
  X:0587H         SYMBOL        NUM?1062
  X:05A0H         SYMBOL        NUM?2087
  X:057DH         SYMBOL        NUM?854
  X:0582H         SYMBOL        NUM?959
  B:00D0H.2       SYMBOL        OV
  B:00D0H.0       SYMBOL        P
  D:0080H         SYMBOL        P0
  D:0090H         SYMBOL        P1
  B:0090H.0       SYMBOL        P10
  B:0090H.1       SYMBOL        P11
  B:0090H.3       SYMBOL        P13
  D:00A0H         SYMBOL        P2
  D:00B0H         SYMBOL        P3
  D:0087H         SYMBOL        PCON
  X:056DH         SYMBOL        PERTIME?27103
  B:00B8H.4       SYMBOL        PS
  D:00D0H         SYMBOL        PSW
  B:00B8H.1       SYMBOL        PT0
  B:00B8H.3       SYMBOL        PT1
BL51 BANKED LINKER/LOCATER V6.22                                                      01/10/2019  19:42:26  PAGE 13


  B:00B8H.0       SYMBOL        PX0
  B:00B8H.2       SYMBOL        PX1
  X:054DH         SYMBOL        Q?1678
  X:0555H         SYMBOL        Q?1782
  X:059EH         SYMBOL        R?1265
  X:0005H         SYMBOL        R?28107
  X:057FH         SYMBOL        R?855
  X:0561H         SYMBOL        RANDNUMBER?2696
  B:0098H.2       SYMBOL        RB8
  B:00B0H.7       SYMBOL        RD
  B:0098H.4       SYMBOL        REN
  B:0098H.0       SYMBOL        RI
  B:00D0H.3       SYMBOL        RS0
  B:00D0H.4       SYMBOL        RS1
  B:00B0H.0       SYMBOL        RXD
  D:0099H         SYMBOL        SBUF
  D:0098H         SYMBOL        SCON
  B:0098H.7       SYMBOL        SM0
  B:0098H.6       SYMBOL        SM1
  B:0098H.5       SYMBOL        SM2
  D:0081H         SYMBOL        SP
  B:00B0H.4       SYMBOL        T0
  B:00B0H.5       SYMBOL        T1
  B:0098H.3       SYMBOL        TB8
  D:0088H         SYMBOL        TCON
  N:0000H         SYMBOL        TEXT1
  B:0088H.5       SYMBOL        TF0
  B:0088H.7       SYMBOL        TF1
  D:008CH         SYMBOL        TH0
  D:008DH         SYMBOL        TH1
  B:0098H.1       SYMBOL        TI
  X:0000H         SYMBOL        TIME?28104
  D:008AH         SYMBOL        TL0
  D:008BH         SYMBOL        TL1
  D:0089H         SYMBOL        TMOD
  B:0088H.4       SYMBOL        TR0
  B:0088H.6       SYMBOL        TR1
  B:00B0H.1       SYMBOL        TXD
  X:0571H         SYMBOL        WAIT?1469
  X:0577H         SYMBOL        WAIT?1572
  X:0549H         SYMBOL        WAIT?1676
  X:0551H         SYMBOL        WAIT?1780
  X:055DH         SYMBOL        WAIT?1885
  X:05A2H         SYMBOL        WHEELPOS?1368
  B:00B0H.6       SYMBOL        WR
  B:0090H.2       SYMBOL        WS2812
  C:1696H         SYMBOL        WS2812LOOP
  X:0567H         SYMBOL        XUHAO?2699
  C:0003H         SYMBOL        _?IX1000
  C:0183H         SYMBOL        _?IX1001
  C:0303H         SYMBOL        _?IX1002
  C:15C8H         LINE#         1604
  C:15C9H         LINE#         1605
  C:15CAH         LINE#         1606
  C:15CBH         LINE#         1607
  C:15CCH         LINE#         1608
  C:15CDH         LINE#         1619
BL51 BANKED LINKER/LOCATER V6.22                                                      01/10/2019  19:42:26  PAGE 14


  C:15CFH         LINE#         1620
  C:15D1H         LINE#         1625
  C:15D3H         LINE#         1626
  C:15D5H         LINE#         1628
  C:15D6H         LINE#         1629
  C:15D7H         LINE#         1630
  C:15D9H         LINE#         1631
  C:15DAH         LINE#         1632
  C:15DCH         LINE#         1633
  C:15DEH         LINE#         1634
  C:15DFH         LINE#         1635
  C:15E0H         LINE#         1636
  C:15E2H         LINE#         1637
  C:15E3H         LINE#         1639
  C:15E5H         LINE#         1641
  C:15E6H         LINE#         1642
  C:15E7H         LINE#         1643
  C:15E9H         LINE#         1644
  C:15EAH         LINE#         1646
  C:15EBH         LINE#         1647
  C:15ECH         LINE#         1648
  C:15EEH         LINE#         1652
  C:1530H         LINE#         1666
  C:1531H         LINE#         1667
  C:1534H         LINE#         1668
  C:1535H         LINE#         1669
  C:1536H         LINE#         1670
  C:1537H         LINE#         1672
  C:153AH         LINE#         1673
  C:153BH         LINE#         1674
  C:153CH         LINE#         1675
  C:153DH         LINE#         1676
  C:153EH         LINE#         1677
  C:153FH         LINE#         1678
  C:1540H         LINE#         1679
  C:1542H         LINE#         1680
  C:1543H         LINE#         1681
  C:1545H         LINE#         1682
  C:1547H         LINE#         1687
  C:1549H         LINE#         1688
  C:154CH         LINE#         1689
  C:1553H         LINE#         1694
  C:1555H         LINE#         1695
  C:1558H         LINE#         1698
  C:155BH         LINE#         1699
  C:155CH         LINE#         1700
  C:155DH         LINE#         1701
  C:155EH         LINE#         1702
  C:1560H         LINE#         1703
  C:1563H         LINE#         1704
  C:1564H         LINE#         1705
  C:1565H         LINE#         1706
  C:1566H         LINE#         1708
  C:1568H         LINE#         1712
  C:16CEH         LINE#         1729
  C:16CFH         LINE#         1732
  C:16D0H         LINE#         1736
BL51 BANKED LINKER/LOCATER V6.22                                                      01/10/2019  19:42:26  PAGE 15


  C:16D2H         LINE#         1740
  C:16D4H         LINE#         1747
  C:16D6H         LINE#         1752
  C:16D8H         LINE#         1755
  C:16A1H         LINE#         1768
  C:16A3H         LINE#         1772
  C:16A4H         LINE#         1773
  C:16A5H         LINE#         1774
  C:16A6H         LINE#         1775
  C:16A7H         LINE#         1776
  C:16A8H         LINE#         1777
  C:16A9H         LINE#         1778
  C:16AAH         LINE#         1779
  C:16ABH         LINE#         1780
  C:16ACH         LINE#         1781
  C:16ADH         LINE#         1784
  C:16AEH         LINE#         1785
  C:16AFH         LINE#         1786
  C:16B0H         LINE#         1789
  C:16B2H         LINE#         1792
  C:16D9H         LINE#         1805
  C:16DBH         LINE#         1809
  C:16DCH         LINE#         1810
  C:16DDH         LINE#         1811
  C:16DEH         LINE#         1812
  C:16DFH         LINE#         1813
  C:16E0H         LINE#         1814
  C:16E1H         LINE#         1817
  C:16E3H         LINE#         1820
  C:1074H         LINE#         1831
  C:1076H         LINE#         1832
  C:1077H         LINE#         1833
  C:1079H         LINE#         1834
  C:107AH         LINE#         1835
  C:107CH         LINE#         1836
  C:107EH         LINE#         1837
  C:107FH         LINE#         1838
  C:1080H         LINE#         1839
  C:1082H         LINE#         1840
  C:1083H         LINE#         1841
  C:1085H         LINE#         1842
  C:1086H         LINE#         1843
  C:1088H         LINE#         1844
  C:108AH         LINE#         1845
  C:108BH         LINE#         1846
  C:108CH         LINE#         1847
  C:108EH         LINE#         1848
  C:108FH         LINE#         1849
  C:1091H         LINE#         1850
  C:1092H         LINE#         1851
  C:1094H         LINE#         1852
  C:1096H         LINE#         1853
  C:1097H         LINE#         1854
  C:1098H         LINE#         1859
  C:109AH         LINE#         1867
  C:109BH         LINE#         1868
  C:109CH         LINE#         1869
BL51 BANKED LINKER/LOCATER V6.22                                                      01/10/2019  19:42:26  PAGE 16


  C:109DH         LINE#         1878
  C:109FH         LINE#         1879
  C:10A0H         LINE#         1880
  C:10A2H         LINE#         1881
  C:10A3H         LINE#         1882
  C:10A5H         LINE#         1884
  C:10A6H         LINE#         1885
  C:10A7H         LINE#         1887
  C:10A9H         LINE#         1888
  C:10AAH         LINE#         1891
  C:10ADH         LINE#         1896
  C:10B0H         LINE#         1899
  C:10B2H         LINE#         1906
  C:10B5H         LINE#         1912
  C:10B6H         LINE#         1913
  C:10B9H         LINE#         1914
  C:10BAH         LINE#         1916
  C:10BBH         LINE#         1917
  C:10BDH         LINE#         1918
  C:10BEH         LINE#         1919
  C:10C0H         LINE#         1924
  C:10C1H         LINE#         1925
  C:10C2H         LINE#         1926
  C:10C3H         LINE#         1932
  C:10C5H         LINE#         1933
  C:10C6H         LINE#         1934
  C:10C8H         LINE#         1935
  C:10C9H         LINE#         1936
  C:10CBH         LINE#         1938
  C:10CCH         LINE#         1939
  C:10CDH         LINE#         1941
  C:10CFH         LINE#         1942
  C:10D0H         LINE#         1945
  C:10D3H         LINE#         1950
  C:10D6H         LINE#         1953
  C:10D8H         LINE#         1960
  C:10DBH         LINE#         1966
  C:10DCH         LINE#         1967
  C:10DFH         LINE#         1968
  C:10E0H         LINE#         1970
  C:10E1H         LINE#         1971
  C:10E3H         LINE#         1972
  C:10E4H         LINE#         1973
  C:10E6H         LINE#         1978
  C:10E7H         LINE#         1979
  C:10E8H         LINE#         1980
  C:10E9H         LINE#         1986
  C:10EBH         LINE#         1987
  C:10ECH         LINE#         1988
  C:10EEH         LINE#         1989
  C:10EFH         LINE#         1990
  C:10F1H         LINE#         1992
  C:10F2H         LINE#         1993
  C:10F3H         LINE#         1995
  C:10F5H         LINE#         1996
  C:10F6H         LINE#         1999
  C:10F9H         LINE#         2004
BL51 BANKED LINKER/LOCATER V6.22                                                      01/10/2019  19:42:26  PAGE 17


  C:10FCH         LINE#         2007
  C:10FEH         LINE#         2014
  C:1101H         LINE#         2020
  C:1102H         LINE#         2021
  C:1105H         LINE#         2022
  C:1106H         LINE#         2024
  C:1107H         LINE#         2025
  C:1109H         LINE#         2026
  C:110AH         LINE#         2027
  C:110CH         LINE#         2031
  C:1705H         LINE#         2045
  C:1707H         LINE#         2048
  C:1569H         LINE#         2068
  C:156AH         LINE#         2069
  C:156BH         LINE#         2075
  C:156DH         LINE#         2076
  C:156EH         LINE#         2077
  C:1570H         LINE#         2078
  C:1571H         LINE#         2079
  C:1573H         LINE#         2080
  C:1575H         LINE#         2081
  C:1576H         LINE#         2082
  C:1577H         LINE#         2085
  C:1579H         LINE#         2086
  C:157AH         LINE#         2087
  C:157CH         LINE#         2088
  C:157DH         LINE#         2089
  C:157FH         LINE#         2090
  C:1581H         LINE#         2091
  C:1582H         LINE#         2092
  C:1583H         LINE#         2095
  C:1585H         LINE#         2096
  C:1586H         LINE#         2097
  C:1588H         LINE#         2098
  C:1589H         LINE#         2099
  C:158BH         LINE#         2100
  C:158DH         LINE#         2101
  C:158EH         LINE#         2102
  C:158FH         LINE#         2105
  C:1590H         LINE#         2106
  C:1591H         LINE#         2107
  C:1594H         LINE#         2111
  C:1595H         LINE#         2112
  C:1596H         LINE#         2118
  C:1599H         LINE#         2121
  C:159AH         LINE#         2122
  C:159BH         LINE#         2123
  C:159EH         LINE#         2127
  C:14E6H         LINE#         2137
  C:14E9H         LINE#         2138
  C:14EAH         LINE#         2139
  C:14EBH         LINE#         2140
  C:14ECH         LINE#         2141
  C:14EDH         LINE#         2142
  C:14EEH         LINE#         2145
  C:14F0H         LINE#         2152
  C:14F1H         LINE#         2153
BL51 BANKED LINKER/LOCATER V6.22                                                      01/10/2019  19:42:26  PAGE 18


  C:14F2H         LINE#         2159
  C:14F5H         LINE#         2160
  C:14F6H         LINE#         2161
  C:14F7H         LINE#         2162
  C:14F8H         LINE#         2163
  C:14FAH         LINE#         2164
  C:14FCH         LINE#         2165
  C:14FDH         LINE#         2166
  C:14FFH         LINE#         2167
  C:1501H         LINE#         2168
  C:1502H         LINE#         2169
  C:1503H         LINE#         2172
  C:1505H         LINE#         2173
  C:1506H         LINE#         2174
  C:1508H         LINE#         2175
  C:1509H         LINE#         2176
  C:150BH         LINE#         2177
  C:150DH         LINE#         2178
  C:150EH         LINE#         2179
  C:150FH         LINE#         2182
  C:1512H         LINE#         2183
  C:1513H         LINE#         2184
  C:1514H         LINE#         2185
  C:1516H         LINE#         2186
  C:1517H         LINE#         2187
  C:1519H         LINE#         2188
  C:151AH         LINE#         2189
  C:151CH         LINE#         2190
  C:151EH         LINE#         2191
  C:151FH         LINE#         2192
  C:1520H         LINE#         2195
  C:1521H         LINE#         2196
  C:1522H         LINE#         2197
  C:1525H         LINE#         2201
  C:1526H         LINE#         2202
  C:1527H         LINE#         2208
  C:152AH         LINE#         2211
  C:152BH         LINE#         2212
  C:152CH         LINE#         2213
  C:152FH         LINE#         2217
  C:1281H         LINE#         2230
  C:1283H         LINE#         2240
  C:1284H         LINE#         2241
  C:1285H         LINE#         2249
  C:1288H         LINE#         2250
  C:1289H         LINE#         2251
  C:128AH         LINE#         2252
  C:128BH         LINE#         2253
  C:128CH         LINE#         2254
  C:128DH         LINE#         2255
  C:128EH         LINE#         2256
  C:128FH         LINE#         2257
  C:1290H         LINE#         2258
  C:1291H         LINE#         2259
  C:1292H         LINE#         2260
  C:1293H         LINE#         2261
  C:1295H         LINE#         2262
BL51 BANKED LINKER/LOCATER V6.22                                                      01/10/2019  19:42:26  PAGE 19


  C:1298H         LINE#         2263
  C:129AH         LINE#         2264
  C:129BH         LINE#         2265
  C:129DH         LINE#         2266
  C:129EH         LINE#         2267
  C:12A0H         LINE#         2268
  C:12A2H         LINE#         2269
  C:12A3H         LINE#         2270
  C:12A4H         LINE#         2274
  C:12A7H         LINE#         2275
  C:12A8H         LINE#         2276
  C:12A9H         LINE#         2277
  C:12AAH         LINE#         2278
  C:12ABH         LINE#         2279
  C:12ACH         LINE#         2280
  C:12ADH         LINE#         2281
  C:12AEH         LINE#         2282
  C:12AFH         LINE#         2283
  C:12B0H         LINE#         2284
  C:12B1H         LINE#         2285
  C:12B2H         LINE#         2286
  C:12B4H         LINE#         2287
  C:12B7H         LINE#         2288
  C:12B9H         LINE#         2289
  C:12BAH         LINE#         2290
  C:12BCH         LINE#         2291
  C:12BDH         LINE#         2292
  C:12BFH         LINE#         2293
  C:12C1H         LINE#         2294
  C:12C2H         LINE#         2295
  C:12C3H         LINE#         2299
  C:12C6H         LINE#         2300
  C:12C7H         LINE#         2301
  C:12C8H         LINE#         2302
  C:12C9H         LINE#         2303
  C:12CAH         LINE#         2304
  C:12CBH         LINE#         2305
  C:12CDH         LINE#         2306
  C:12CEH         LINE#         2307
  C:12D0H         LINE#         2308
  C:12D1H         LINE#         2309
  C:12D3H         LINE#         2310
  C:12D5H         LINE#         2311
  C:12D6H         LINE#         2312
  C:12D7H         LINE#         2316
  C:12D8H         LINE#         2317
  C:12D9H         LINE#         2318
  C:12DCH         LINE#         2323
  C:12DDH         LINE#         2324
  C:12DEH         LINE#         2332
  C:12E1H         LINE#         2336
  C:12E2H         LINE#         2337
  C:12E3H         LINE#         2338
  C:12E6H         LINE#         2343
  C:12E7H         LINE#         2355
  C:12E9H         LINE#         2365
  C:12EAH         LINE#         2366
BL51 BANKED LINKER/LOCATER V6.22                                                      01/10/2019  19:42:26  PAGE 20


  C:12EBH         LINE#         2374
  C:12EEH         LINE#         2375
  C:12EFH         LINE#         2376
  C:12F0H         LINE#         2377
  C:12F1H         LINE#         2378
  C:12F2H         LINE#         2379
  C:12F3H         LINE#         2380
  C:12F4H         LINE#         2381
  C:12F5H         LINE#         2382
  C:12F6H         LINE#         2383
  C:12F7H         LINE#         2384
  C:12F8H         LINE#         2385
  C:12F9H         LINE#         2386
  C:12FBH         LINE#         2387
  C:12FEH         LINE#         2388
  C:1300H         LINE#         2389
  C:1301H         LINE#         2390
  C:1303H         LINE#         2391
  C:1304H         LINE#         2392
  C:1306H         LINE#         2393
  C:1308H         LINE#         2394
  C:1309H         LINE#         2395
  C:130AH         LINE#         2399
  C:130DH         LINE#         2400
  C:130EH         LINE#         2401
  C:130FH         LINE#         2402
  C:1310H         LINE#         2403
  C:1311H         LINE#         2404
  C:1312H         LINE#         2405
  C:1313H         LINE#         2406
  C:1314H         LINE#         2407
  C:1315H         LINE#         2408
  C:1316H         LINE#         2409
  C:1317H         LINE#         2410
  C:1318H         LINE#         2411
  C:131AH         LINE#         2412
  C:131DH         LINE#         2413
  C:131FH         LINE#         2414
  C:1320H         LINE#         2415
  C:1322H         LINE#         2416
  C:1323H         LINE#         2417
  C:1325H         LINE#         2418
  C:1327H         LINE#         2419
  C:1328H         LINE#         2420
  C:1329H         LINE#         2424
  C:132CH         LINE#         2425
  C:132DH         LINE#         2426
  C:132EH         LINE#         2427
  C:132FH         LINE#         2428
  C:1330H         LINE#         2429
  C:1331H         LINE#         2430
  C:1333H         LINE#         2431
  C:1334H         LINE#         2432
  C:1336H         LINE#         2433
  C:1337H         LINE#         2434
  C:1339H         LINE#         2435
  C:133BH         LINE#         2436
BL51 BANKED LINKER/LOCATER V6.22                                                      01/10/2019  19:42:26  PAGE 21


  C:133CH         LINE#         2437
  C:133DH         LINE#         2441
  C:133EH         LINE#         2442
  C:133FH         LINE#         2443
  C:1342H         LINE#         2448
  C:1343H         LINE#         2449
  C:1344H         LINE#         2457
  C:1347H         LINE#         2461
  C:1348H         LINE#         2462
  C:1349H         LINE#         2463
  C:134CH         LINE#         2468
  C:170AH         LINE#         2488
  C:134DH         LINE#         2501
  C:134EH         LINE#         2502
  C:1350H         LINE#         2503
  C:1352H         LINE#         2504
  C:1355H         LINE#         2505
  C:1358H         LINE#         2506
  C:1359H         LINE#         2507
  C:135AH         LINE#         2508
  C:135BH         LINE#         2509
  C:135CH         LINE#         2510
  C:135DH         LINE#         2511
  C:135EH         LINE#         2512
  C:135FH         LINE#         2516
  C:1362H         LINE#         2517
  C:1363H         LINE#         2518
  C:1364H         LINE#         2519
  C:1365H         LINE#         2520
  C:1366H         LINE#         2521
  C:1367H         LINE#         2529
  C:1369H         LINE#         2530
  C:136AH         LINE#         2531
  C:136BH         LINE#         2532
  C:136CH         LINE#         2533
  C:136DH         LINE#         2534
  C:136FH         LINE#         2535
  C:1372H         LINE#         2536
  C:1374H         LINE#         2537
  C:1376H         LINE#         2538
  C:1378H         LINE#         2539
  C:137AH         LINE#         2540
  C:137DH         LINE#         2541
  C:137EH         LINE#         2542
  C:137FH         LINE#         2543
  C:1380H         LINE#         2544
  C:1381H         LINE#         2545
  C:1382H         LINE#         2546
  C:1383H         LINE#         2547
  C:1385H         LINE#         2548
  C:1388H         LINE#         2549
  C:138AH         LINE#         2550
  C:138CH         LINE#         2551
  C:138EH         LINE#         2552
  C:1390H         LINE#         2553
  C:1391H         LINE#         2554
  C:1392H         LINE#         2555
BL51 BANKED LINKER/LOCATER V6.22                                                      01/10/2019  19:42:26  PAGE 22


  C:1393H         LINE#         2556
  C:1394H         LINE#         2557
  C:1395H         LINE#         2558
  C:1396H         LINE#         2559
  C:1397H         LINE#         2560
  C:1398H         LINE#         2561
  C:1399H         LINE#         2562
  C:139AH         LINE#         2563
  C:139BH         LINE#         2564
  C:139CH         LINE#         2565
  C:139DH         LINE#         2566
  C:139EH         LINE#         2567
  C:139FH         LINE#         2568
  C:13A0H         LINE#         2569
  C:13A1H         LINE#         2570
  C:13A2H         LINE#         2571
  C:13A3H         LINE#         2572
  C:13A4H         LINE#         2573
  C:13A5H         LINE#         2574
  C:13A6H         LINE#         2575
  C:13A7H         LINE#         2576
  C:13A8H         LINE#         2581
  C:13FDH         LINE#         2595
  C:1400H         LINE#         2596
  C:1401H         LINE#         2597
  C:1402H         LINE#         2604
  C:1403H         LINE#         2605
  C:1405H         LINE#         2606
  C:1406H         LINE#         2607
  C:1407H         LINE#         2611
  C:1408H         LINE#         2612
  C:140AH         LINE#         2613
  C:140CH         LINE#         2620
  C:140DH         LINE#         2621
  C:1410H         LINE#         2622
  C:1411H         LINE#         2623
  C:1412H         LINE#         2624
  C:1413H         LINE#         2625
  C:1415H         LINE#         2626
  C:1416H         LINE#         2627
  C:1417H         LINE#         2628
  C:1418H         LINE#         2629
  C:1419H         LINE#         2630
  C:141BH         LINE#         2638
  C:141EH         LINE#         2639
  C:141FH         LINE#         2640
  C:1420H         LINE#         2641
  C:1422H         LINE#         2642
  C:1424H         LINE#         2646
  C:1425H         LINE#         2647
  C:1427H         LINE#         2648
  C:1428H         LINE#         2652
  C:1429H         LINE#         2653
  C:142CH         LINE#         2654
  C:142DH         LINE#         2655
  C:142EH         LINE#         2656
  C:142FH         LINE#         2657
BL51 BANKED LINKER/LOCATER V6.22                                                      01/10/2019  19:42:26  PAGE 23


  C:1431H         LINE#         2658
  C:1432H         LINE#         2659
  C:1433H         LINE#         2660
  C:1434H         LINE#         2661
  C:1435H         LINE#         2663
  C:1437H         LINE#         2671
  C:143AH         LINE#         2672
  C:143BH         LINE#         2673
  C:143DH         LINE#         2674
  C:143EH         LINE#         2678
  C:143FH         LINE#         2679
  C:1442H         LINE#         2680
  C:1443H         LINE#         2681
  C:1444H         LINE#         2682
  C:1445H         LINE#         2683
  C:1447H         LINE#         2684
  C:1448H         LINE#         2685
  C:1449H         LINE#         2686
  C:144AH         LINE#         2687
  C:144BH         LINE#         2689
  C:144EH         LINE#         2694
  C:1209H         LINE#         2708
  C:120CH         LINE#         2709
  C:120DH         LINE#         2710
  C:120EH         LINE#         2711
  C:120FH         LINE#         2712
  C:1210H         LINE#         2713
  C:1211H         LINE#         2724
  C:1212H         LINE#         2725
  C:1215H         LINE#         2726
  C:1216H         LINE#         2727
  C:1217H         LINE#         2728
  C:1218H         LINE#         2736
  C:1219H         LINE#         2737
  C:121CH         LINE#         2738
  C:121DH         LINE#         2739
  C:121EH         LINE#         2740
  C:121FH         LINE#         2742
  C:1222H         LINE#         2743
  C:1223H         LINE#         2744
  C:1224H         LINE#         2745
  C:1225H         LINE#         2746
  C:1226H         LINE#         2747
  C:1227H         LINE#         2748
  C:1228H         LINE#         2749
  C:122AH         LINE#         2750
  C:122BH         LINE#         2751
  C:122DH         LINE#         2752
  C:122FH         LINE#         2759
  C:1230H         LINE#         2760
  C:1231H         LINE#         2761
  C:1232H         LINE#         2762
  C:1233H         LINE#         2763
  C:1234H         LINE#         2764
  C:1235H         LINE#         2765
  C:1236H         LINE#         2766
  C:1239H         LINE#         2767
BL51 BANKED LINKER/LOCATER V6.22                                                      01/10/2019  19:42:26  PAGE 24


  C:123CH         LINE#         2768
  C:123FH         LINE#         2769
  C:1242H         LINE#         2770
  C:1243H         LINE#         2771
  C:1244H         LINE#         2772
  C:1245H         LINE#         2773
  C:1248H         LINE#         2777
  C:124BH         LINE#         2778
  C:124CH         LINE#         2779
  C:124DH         LINE#         2780
  C:124EH         LINE#         2781
  C:1250H         LINE#         2782
  C:1253H         LINE#         2783
  C:1254H         LINE#         2784
  C:1255H         LINE#         2785
  C:1256H         LINE#         2787
  C:1258H         LINE#         2792
  C:125BH         LINE#         2796
  C:125EH         LINE#         2797
  C:1261H         LINE#         2801
  C:1264H         LINE#         2802
  C:1265H         LINE#         2803
  C:1266H         LINE#         2804
  C:1267H         LINE#         2805
  C:1269H         LINE#         2806
  C:126CH         LINE#         2807
  C:126DH         LINE#         2808
  C:126EH         LINE#         2809
  C:126FH         LINE#         2811
  C:1270H         LINE#         2812
  C:1273H         LINE#         2813
  C:1274H         LINE#         2814
  C:1276H         LINE#         2815
  C:1279H         LINE#         2816
  C:127AH         LINE#         2817
  C:127CH         LINE#         2818
  C:127EH         LINE#         2822
  C:118CH         LINE#         2838
  C:118FH         LINE#         2839
  C:1190H         LINE#         2840
  C:1191H         LINE#         2841
  C:1192H         LINE#         2842
  C:1193H         LINE#         2843
  C:1194H         LINE#         2854
  C:1195H         LINE#         2855
  C:1198H         LINE#         2856
  C:1199H         LINE#         2857
  C:119AH         LINE#         2858
  C:119BH         LINE#         2866
  C:119CH         LINE#         2867
  C:119FH         LINE#         2868
  C:11A0H         LINE#         2869
  C:11A1H         LINE#         2870
  C:11A2H         LINE#         2872
  C:11A5H         LINE#         2873
  C:11A6H         LINE#         2874
  C:11A7H         LINE#         2875
BL51 BANKED LINKER/LOCATER V6.22                                                      01/10/2019  19:42:26  PAGE 25


  C:11A8H         LINE#         2876
  C:11A9H         LINE#         2877
  C:11AAH         LINE#         2878
  C:11ABH         LINE#         2879
  C:11ADH         LINE#         2880
  C:11AEH         LINE#         2881
  C:11B0H         LINE#         2882
  C:11B2H         LINE#         2889
  C:11B3H         LINE#         2890
  C:11B4H         LINE#         2891
  C:11B5H         LINE#         2892
  C:11B7H         LINE#         2894
  C:11B8H         LINE#         2895
  C:11B9H         LINE#         2896
  C:11BAH         LINE#         2897
  C:11BBH         LINE#         2898
  C:11BCH         LINE#         2899
  C:11BEH         LINE#         2900
  C:11BFH         LINE#         2901
  C:11C2H         LINE#         2902
  C:11C3H         LINE#         2903
  C:11C4H         LINE#         2904
  C:11C5H         LINE#         2905
  C:11C6H         LINE#         2906
  C:11C9H         LINE#         2907
  C:11CCH         LINE#         2908
  C:11CFH         LINE#         2909
  C:11D2H         LINE#         2910
  C:11D3H         LINE#         2911
  C:11D4H         LINE#         2912
  C:11D5H         LINE#         2913
  C:11D8H         LINE#         2917
  C:11DBH         LINE#         2918
  C:11DCH         LINE#         2919
  C:11DDH         LINE#         2920
  C:11DEH         LINE#         2921
  C:11E0H         LINE#         2922
  C:11E3H         LINE#         2923
  C:11E4H         LINE#         2924
  C:11E5H         LINE#         2925
  C:11E6H         LINE#         2927
  C:11E8H         LINE#         2932
  C:11EBH         LINE#         2936
  C:11EEH         LINE#         2937
  C:11F1H         LINE#         2941
  C:11F4H         LINE#         2942
  C:11F5H         LINE#         2943
  C:11F6H         LINE#         2944
  C:11F7H         LINE#         2945
  C:11F9H         LINE#         2946
  C:11FCH         LINE#         2947
  C:11FDH         LINE#         2948
  C:11FEH         LINE#         2949
  C:11FFH         LINE#         2951
  C:1200H         LINE#         2952
  C:1203H         LINE#         2953
  C:1204H         LINE#         2954
BL51 BANKED LINKER/LOCATER V6.22                                                      01/10/2019  19:42:26  PAGE 26


  C:1206H         LINE#         2955
  C:1208H         LINE#         2960
  C:0DB4H         LINE#         2974
  C:0DB7H         LINE#         2975
  C:0DB8H         LINE#         2976
  C:0DB9H         LINE#         2977
  C:0DBAH         LINE#         2978
  C:0DBCH         LINE#         2979
  C:0DBDH         LINE#         2983
  C:0DC0H         LINE#         2984
  C:0DC3H         LINE#         2995
  C:0DC4H         LINE#         2996
  C:0DC7H         LINE#         2997
  C:0DC8H         LINE#         2998
  C:0DC9H         LINE#         2999
  C:0DCAH         LINE#         3007
  C:0DCBH         LINE#         3008
  C:0DCEH         LINE#         3009
  C:0DCFH         LINE#         3010
  C:0DD0H         LINE#         3011
  C:0DD1H         LINE#         3019
  C:0DD2H         LINE#         3020
  C:0DD5H         LINE#         3021
  C:0DD6H         LINE#         3022
  C:0DD7H         LINE#         3023
  C:0DD8H         LINE#         3025
  C:0DDBH         LINE#         3026
  C:0DDCH         LINE#         3027
  C:0DDDH         LINE#         3028
  C:0DDEH         LINE#         3029
  C:0DDFH         LINE#         3030
  C:0DE0H         LINE#         3031
  C:0DE1H         LINE#         3032
  C:0DE3H         LINE#         3033
  C:0DE4H         LINE#         3034
  C:0DE6H         LINE#         3035
  C:0DE8H         LINE#         3042
  C:0DEBH         LINE#         3043
  C:0DECH         LINE#         3044
  C:0DEDH         LINE#         3045
  C:0DEEH         LINE#         3046
  C:0DEFH         LINE#         3047
  C:0DF0H         LINE#         3048
  C:0DF1H         LINE#         3049
  C:0DF3H         LINE#         3050
  C:0DF6H         LINE#         3051
  C:0DF7H         LINE#         3052
  C:0DF8H         LINE#         3053
  C:0DF9H         LINE#         3054
  C:0DFAH         LINE#         3055
  C:0DFBH         LINE#         3056
  C:0DFCH         LINE#         3057
  C:0DFDH         LINE#         3058
  C:0DFEH         LINE#         3059
  C:0DFFH         LINE#         3060
  C:0E00H         LINE#         3061
  C:0E01H         LINE#         3062
BL51 BANKED LINKER/LOCATER V6.22                                                      01/10/2019  19:42:26  PAGE 27


  C:0E04H         LINE#         3063
  C:0E07H         LINE#         3064
  C:0E09H         LINE#         3065
  C:0E0CH         LINE#         3069
  C:0E0FH         LINE#         3070
  C:0E10H         LINE#         3071
  C:0E12H         LINE#         3072
  C:0E13H         LINE#         3073
  C:0E16H         LINE#         3074
  C:0E17H         LINE#         3075
  C:0E19H         LINE#         3076
  C:0E1AH         LINE#         3077
  C:0E1CH         LINE#         3082
  C:0E1FH         LINE#         3086
  C:0E22H         LINE#         3087
  C:0E25H         LINE#         3093
  C:0E26H         LINE#         3094
  C:0E29H         LINE#         3095
  C:0E2AH         LINE#         3096
  C:0E2BH         LINE#         3097
  C:0E2CH         LINE#         3099
  C:0E2FH         LINE#         3100
  C:0E30H         LINE#         3101
  C:0E31H         LINE#         3102
  C:0E32H         LINE#         3103
  C:0E33H         LINE#         3104
  C:0E34H         LINE#         3105
  C:0E35H         LINE#         3106
  C:0E37H         LINE#         3107
  C:0E38H         LINE#         3108
  C:0E3AH         LINE#         3109
  C:0E3CH         LINE#         3116
  C:0E3FH         LINE#         3117
  C:0E40H         LINE#         3118
  C:0E41H         LINE#         3119
  C:0E42H         LINE#         3120
  C:0E43H         LINE#         3121
  C:0E44H         LINE#         3122
  C:0E45H         LINE#         3123
  C:0E47H         LINE#         3124
  C:0E4AH         LINE#         3125
  C:0E51H         LINE#         3130
  C:0E53H         LINE#         3131
  C:0E56H         LINE#         3135
  C:0E59H         LINE#         3136
  C:0E5AH         LINE#         3137
  C:0E5CH         LINE#         3138
  C:0E5DH         LINE#         3139
  C:0E60H         LINE#         3140
  C:0E61H         LINE#         3141
  C:0E63H         LINE#         3142
  C:0E64H         LINE#         3143
  C:0E66H         LINE#         3148
  C:0E69H         LINE#         3152
  C:0E6CH         LINE#         3153
  C:0E6DH         LINE#         3154
  C:0E6EH         LINE#         3155
BL51 BANKED LINKER/LOCATER V6.22                                                      01/10/2019  19:42:26  PAGE 28


  C:0E6FH         LINE#         3156
  C:0E71H         LINE#         3157
  C:0E74H         LINE#         3158
  C:0E75H         LINE#         3159
  C:0E76H         LINE#         3160
  C:0E77H         LINE#         3162
  C:0E78H         LINE#         3163
  C:0E7BH         LINE#         3164
  C:0E7CH         LINE#         3165
  C:0E7EH         LINE#         3166
  C:0E81H         LINE#         3167
  C:0E82H         LINE#         3168
  C:0E84H         LINE#         3169
  C:0E86H         LINE#         3170
  C:0E88H         LINE#         3171
  C:0E8BH         LINE#         3176
  C:0E8EH         LINE#         3177
  C:0E8FH         LINE#         3178
  C:0E90H         LINE#         3179
  C:0E91H         LINE#         3180
  C:0E93H         LINE#         3181
  C:0E96H         LINE#         3182
  C:0E97H         LINE#         3183
  C:0E98H         LINE#         3184
  C:0E99H         LINE#         3186
  C:0E9AH         LINE#         3187
  C:0E9DH         LINE#         3188
  C:0E9EH         LINE#         3189
  C:0EA0H         LINE#         3190
  C:0EA3H         LINE#         3191
  C:0EA4H         LINE#         3192
  C:0EA6H         LINE#         3193
  C:0EA8H         LINE#         3194
  C:0EAAH         LINE#         3195
  C:0EADH         LINE#         3200
  C:0EAEH         LINE#         3216
  C:0EB1H         LINE#         3217
  C:0EB2H         LINE#         3218
  C:0EB3H         LINE#         3219
  C:0EB4H         LINE#         3220
  C:0EB5H         LINE#         3221
  C:0EB6H         LINE#         3232
  C:0EB7H         LINE#         3233
  C:0EB8H         LINE#         3234
  C:0EB9H         LINE#         3235
  C:0EBAH         LINE#         3236
  C:0EBBH         LINE#         3244
  C:0EBCH         LINE#         3245
  C:0EBFH         LINE#         3246
  C:0EC0H         LINE#         3247
  C:0EC1H         LINE#         3248
  C:0EC2H         LINE#         3256
  C:0EC3H         LINE#         3257
  C:0EC6H         LINE#         3258
  C:0EC7H         LINE#         3259
  C:0EC8H         LINE#         3260
  C:0EC9H         LINE#         3262
BL51 BANKED LINKER/LOCATER V6.22                                                      01/10/2019  19:42:26  PAGE 29


  C:0ECCH         LINE#         3263
  C:0ECDH         LINE#         3264
  C:0ECEH         LINE#         3265
  C:0ECFH         LINE#         3266
  C:0ED0H         LINE#         3267
  C:0ED1H         LINE#         3268
  C:0ED2H         LINE#         3269
  C:0ED4H         LINE#         3270
  C:0ED5H         LINE#         3271
  C:0ED7H         LINE#         3272
  C:0ED9H         LINE#         3279
  C:0EDCH         LINE#         3280
  C:0EDDH         LINE#         3281
  C:0EDEH         LINE#         3282
  C:0EDFH         LINE#         3283
  C:0EE0H         LINE#         3284
  C:0EE1H         LINE#         3285
  C:0EE2H         LINE#         3286
  C:0EE3H         LINE#         3287
  C:0EE4H         LINE#         3288
  C:0EE5H         LINE#         3289
  C:0EE6H         LINE#         3290
  C:0EE7H         LINE#         3291
  C:0EE9H         LINE#         3292
  C:0EEBH         LINE#         3293
  C:0EEEH         LINE#         3294
  C:0EF0H         LINE#         3295
  C:0EF3H         LINE#         3296
  C:0EF6H         LINE#         3297
  C:0EF9H         LINE#         3298
  C:0EFCH         LINE#         3299
  C:0EFDH         LINE#         3300
  C:0EFEH         LINE#         3301
  C:0EFFH         LINE#         3302
  C:0F00H         LINE#         3303
  C:0F01H         LINE#         3304
  C:0F02H         LINE#         3305
  C:0F03H         LINE#         3306
  C:0F04H         LINE#         3307
  C:0F07H         LINE#         3311
  C:0F0AH         LINE#         3312
  C:0F0BH         LINE#         3313
  C:0F0DH         LINE#         3314
  C:0F0EH         LINE#         3315
  C:0F11H         LINE#         3316
  C:0F12H         LINE#         3317
  C:0F14H         LINE#         3318
  C:0F15H         LINE#         3319
  C:0F17H         LINE#         3324
  C:0F1AH         LINE#         3330
  C:0F1DH         LINE#         3331
  C:0F20H         LINE#         3337
  C:0F21H         LINE#         3338
  C:0F24H         LINE#         3339
  C:0F25H         LINE#         3340
  C:0F26H         LINE#         3341
  C:0F27H         LINE#         3343
BL51 BANKED LINKER/LOCATER V6.22                                                      01/10/2019  19:42:26  PAGE 30


  C:0F2AH         LINE#         3344
  C:0F2BH         LINE#         3345
  C:0F2CH         LINE#         3346
  C:0F2DH         LINE#         3347
  C:0F2EH         LINE#         3348
  C:0F2FH         LINE#         3349
  C:0F30H         LINE#         3350
  C:0F32H         LINE#         3351
  C:0F33H         LINE#         3352
  C:0F35H         LINE#         3353
  C:0F37H         LINE#         3360
  C:0F3AH         LINE#         3361
  C:0F3BH         LINE#         3362
  C:0F3CH         LINE#         3363
  C:0F3DH         LINE#         3364
  C:0F3EH         LINE#         3365
  C:0F3FH         LINE#         3366
  C:0F40H         LINE#         3367
  C:0F42H         LINE#         3368
  C:0F45H         LINE#         3369
  C:0F4CH         LINE#         3374
  C:0F4EH         LINE#         3375
  C:0F51H         LINE#         3379
  C:0F54H         LINE#         3380
  C:0F55H         LINE#         3381
  C:0F57H         LINE#         3382
  C:0F58H         LINE#         3383
  C:0F5BH         LINE#         3384
  C:0F5CH         LINE#         3385
  C:0F5EH         LINE#         3386
  C:0F5FH         LINE#         3387
  C:0F61H         LINE#         3392
  C:0F64H         LINE#         3393
  C:0F65H         LINE#         3394
  C:0F66H         LINE#         3395
  C:0F67H         LINE#         3396
  C:0F69H         LINE#         3397
  C:0F6CH         LINE#         3398
  C:0F6DH         LINE#         3399
  C:0F6EH         LINE#         3400
  C:0F6FH         LINE#         3402
  C:0F70H         LINE#         3403
  C:0F73H         LINE#         3404
  C:0F74H         LINE#         3405
  C:0F76H         LINE#         3406
  C:0F79H         LINE#         3407
  C:0F7AH         LINE#         3408
  C:0F7CH         LINE#         3409
  C:0F7EH         LINE#         3410
  C:0F80H         LINE#         3411
  C:0F83H         LINE#         3416
  C:0F86H         LINE#         3417
  C:0F87H         LINE#         3418
  C:0F88H         LINE#         3419
  C:0F89H         LINE#         3420
  C:0F8BH         LINE#         3421
  C:0F8EH         LINE#         3422
BL51 BANKED LINKER/LOCATER V6.22                                                      01/10/2019  19:42:26  PAGE 31


  C:0F8FH         LINE#         3423
  C:0F90H         LINE#         3424
  C:0F91H         LINE#         3426
  C:0F92H         LINE#         3427
  C:0F95H         LINE#         3428
  C:0F96H         LINE#         3429
  C:0F98H         LINE#         3430
  C:0F9BH         LINE#         3431
  C:0F9CH         LINE#         3432
  C:0F9EH         LINE#         3433
  C:0FA0H         LINE#         3434
  C:0FA2H         LINE#         3435
  C:0FA5H         LINE#         3439
  C:13A9H         LINE#         3452
  C:13ACH         LINE#         3453
  C:13AFH         LINE#         3460
  C:13B0H         LINE#         3461
  C:13B3H         LINE#         3462
  C:13B4H         LINE#         3463
  C:13B5H         LINE#         3464
  C:13B6H         LINE#         3468
  C:13B9H         LINE#         3469
  C:13BAH         LINE#         3470
  C:13BBH         LINE#         3471
  C:13BCH         LINE#         3473
  C:13BFH         LINE#         3474
  C:13C0H         LINE#         3475
  C:13C1H         LINE#         3476
  C:13C2H         LINE#         3477
  C:13C3H         LINE#         3478
  C:13C4H         LINE#         3479
  C:13C5H         LINE#         3480
  C:13C7H         LINE#         3481
  C:13C8H         LINE#         3482
  C:13CAH         LINE#         3483
  C:13CCH         LINE#         3490
  C:13CEH         LINE#         3491
  C:13D1H         LINE#         3492
  C:13D2H         LINE#         3493
  C:13D3H         LINE#         3494
  C:13D4H         LINE#         3495
  C:13D5H         LINE#         3496
  C:13D6H         LINE#         3497
  C:13D7H         LINE#         3498
  C:13D8H         LINE#         3499
  C:13D9H         LINE#         3500
  C:13DAH         LINE#         3501
  C:13DBH         LINE#         3502
  C:13DCH         LINE#         3503
  C:13DFH         LINE#         3504
  C:13E2H         LINE#         3505
  C:13E4H         LINE#         3506
  C:13E7H         LINE#         3510
  C:13EAH         LINE#         3516
  C:13EDH         LINE#         3517
  C:13EEH         LINE#         3518
  C:13EFH         LINE#         3519
BL51 BANKED LINKER/LOCATER V6.22                                                      01/10/2019  19:42:26  PAGE 32


  C:13F0H         LINE#         3520
  C:13F2H         LINE#         3521
  C:13F5H         LINE#         3522
  C:13F6H         LINE#         3523
  C:13F7H         LINE#         3524
  C:13F8H         LINE#         3526
  C:13FAH         LINE#         3530
  C:149BH         LINE#         3556
  C:149DH         LINE#         3557
  C:149FH         LINE#         3558
  C:14A2H         LINE#         3562
  C:14A4H         LINE#         3563
  C:14A6H         LINE#         3564
  C:14A9H         LINE#         3568
  C:14ABH         LINE#         3569
  C:14ACH         LINE#         3570
  C:14ADH         LINE#         3571
  C:14AEH         LINE#         3572
  C:14B1H         LINE#         3573
  C:14B4H         LINE#         3577
  C:14B5H         LINE#         3578
  C:14B6H         LINE#         3579
  C:14B8H         LINE#         3580
  C:14B9H         LINE#         3581
  C:14BCH         LINE#         3582
  C:14BFH         LINE#         3586
  C:14C0H         LINE#         3587
  C:14C1H         LINE#         3588
  C:14C2H         LINE#         3589
  C:14C4H         LINE#         3590
  C:14C7H         LINE#         3591
  C:14CAH         LINE#         3595
  C:14CCH         LINE#         3596
  C:14CEH         LINE#         3597
  C:14D1H         LINE#         3601
  C:14D4H         LINE#         3602
  C:14D5H         LINE#         3603
  C:14D6H         LINE#         3604
  C:14D7H         LINE#         3605
  C:14D9H         LINE#         3606
  C:14DAH         LINE#         3607
  C:14DBH         LINE#         3608
  C:14DDH         LINE#         3609
  C:14DFH         LINE#         3610
  C:14E1H         LINE#         3611
  C:14E4H         LINE#         3615
  C:144FH         LINE#         3630
  C:1452H         LINE#         3631
  C:1453H         LINE#         3632
  C:1454H         LINE#         3633
  C:1455H         LINE#         3634
  C:1456H         LINE#         3635
  C:1457H         LINE#         3640
  C:1458H         LINE#         3641
  C:145BH         LINE#         3642
  C:145CH         LINE#         3643
  C:145DH         LINE#         3644
BL51 BANKED LINKER/LOCATER V6.22                                                      01/10/2019  19:42:26  PAGE 33


  C:145FH         LINE#         3645
  C:1462H         LINE#         3648
  C:1464H         LINE#         3649
  C:1467H         LINE#         3652
  C:146AH         LINE#         3653
  C:146BH         LINE#         3654
  C:146CH         LINE#         3655
  C:146DH         LINE#         3656
  C:146EH         LINE#         3657
  C:146FH         LINE#         3658
  C:1472H         LINE#         3659
  C:1474H         LINE#         3660
  C:1475H         LINE#         3661
  C:1476H         LINE#         3662
  C:1477H         LINE#         3663
  C:147AH         LINE#         3666
  C:147CH         LINE#         3667
  C:147FH         LINE#         3670
  C:1482H         LINE#         3671
  C:1483H         LINE#         3672
  C:1484H         LINE#         3673
  C:1485H         LINE#         3674
  C:1486H         LINE#         3675
  C:1487H         LINE#         3676
  C:148AH         LINE#         3677
  C:148CH         LINE#         3678
  C:148DH         LINE#         3679
  C:148EH         LINE#         3680
  C:148FH         LINE#         3681
  C:1490H         LINE#         3682
  C:1493H         LINE#         3685
  C:1495H         LINE#         3686
  C:1498H         LINE#         3690
  C:0BA0H         LINE#         3705
  C:0BA1H         LINE#         3706
  C:0BA4H         LINE#         3707
  C:0BA5H         LINE#         3708
  C:0BA6H         LINE#         3709
  C:0BA7H         LINE#         3711
  C:0BA8H         LINE#         3712
  C:0BABH         LINE#         3713
  C:0BACH         LINE#         3714
  C:0BAEH         LINE#         3715
  C:0BB1H         LINE#         3716
  C:0BB2H         LINE#         3717
  C:0BB4H         LINE#         3718
  C:0BB6H         LINE#         3719
  C:0BB8H         LINE#         3720
  C:0BBBH         LINE#         3725
  C:0BBCH         LINE#         3726
  C:0BBFH         LINE#         3727
  C:0BC0H         LINE#         3728
  C:0BC1H         LINE#         3729
  C:0BC2H         LINE#         3731
  C:0BC5H         LINE#         3732
  C:0BC6H         LINE#         3733
  C:0BC7H         LINE#         3734
BL51 BANKED LINKER/LOCATER V6.22                                                      01/10/2019  19:42:26  PAGE 34


  C:0BC8H         LINE#         3735
  C:0BC9H         LINE#         3736
  C:0BCAH         LINE#         3737
  C:0BCBH         LINE#         3738
  C:0BCDH         LINE#         3739
  C:0BCEH         LINE#         3740
  C:0BD0H         LINE#         3741
  C:0BD2H         LINE#         3742
  C:0BD4H         LINE#         3747
  C:0BD5H         LINE#         3748
  C:0BD6H         LINE#         3749
  C:0BD7H         LINE#         3750
  C:0BD8H         LINE#         3751
  C:0BD9H         LINE#         3752
  C:0BDBH         LINE#         3754
  C:0BDCH         LINE#         3755
  C:0BDDH         LINE#         3756
  C:0BDEH         LINE#         3757
  C:0BDFH         LINE#         3758
  C:0BE0H         LINE#         3759
  C:0BE2H         LINE#         3760
  C:0BE3H         LINE#         3761
  C:0BE5H         LINE#         3762
  C:0BE7H         LINE#         3763
  C:0BEAH         LINE#         3764
  C:0BEBH         LINE#         3765
  C:0BECH         LINE#         3766
  C:0BEDH         LINE#         3767
  C:0BEEH         LINE#         3768
  C:0BEFH         LINE#         3769
  C:0BF0H         LINE#         3770
  C:0BF3H         LINE#         3771
  C:0BF6H         LINE#         3772
  C:0BF9H         LINE#         3773
  C:0BFCH         LINE#         3774
  C:0BFDH         LINE#         3775
  C:0BFEH         LINE#         3776
  C:0BFFH         LINE#         3777
  C:0C02H         LINE#         3780
  C:0C05H         LINE#         3781
  C:0C06H         LINE#         3782
  C:0C07H         LINE#         3783
  C:0C08H         LINE#         3784
  C:0C09H         LINE#         3785
  C:0C0BH         LINE#         3787
  C:0C0CH         LINE#         3788
  C:0C0DH         LINE#         3789
  C:0C0EH         LINE#         3790
  C:0C0FH         LINE#         3791
  C:0C10H         LINE#         3792
  C:0C12H         LINE#         3793
  C:0C13H         LINE#         3794
[...]
  C:0562H         LINE#         5747
  C:0564H         LINE#         5748
  C:0565H         LINE#         5749
  C:0566H         LINE#         5750
  C:0567H         LINE#         5751
  C:056AH         LINE#         5752
  C:056DH         LINE#         5753
  C:056EH         LINE#         5754
  C:056FH         LINE#         5755
  C:0570H         LINE#         5756
  C:0572H         LINE#         5757
  C:0573H         LINE#         5758
  C:0576H         LINE#         5762
  C:0578H         LINE#         5766
  C:057BH         LINE#         5770
  C:057DH         LINE#         5771
  C:0580H         LINE#         5775
  C:0582H         LINE#         5777
  C:0585H         LINE#         5781
  C:0587H         LINE#         5783
  C:058AH         LINE#         5787
  C:058CH         LINE#         5789
BL51 BANKED LINKER/LOCATER V6.22                                                      01/10/2019  19:42:26  PAGE 56


  C:058FH         LINE#         5793
  C:0591H         LINE#         5795
  C:0594H         LINE#         5799
  C:0596H         LINE#         5801
  C:0599H         LINE#         5805
  C:059CH         LINE#         5810
  C:059FH         LINE#         5814
  C:05A1H         LINE#         5816
  C:05A4H         LINE#         5820
  C:05A6H         LINE#         5822
  C:05A9H         LINE#         5826
  C:05ABH         LINE#         5828
  C:05AEH         LINE#         5832
  C:05B0H         LINE#         5834
  C:05B3H         LINE#         5838
  C:05B5H         LINE#         5840
  C:05B8H         LINE#         5844
  C:05BAH         LINE#         5846
  C:05BDH         LINE#         5851
  C:05C0H         LINE#         5855
  C:05C2H         LINE#         5857
  C:05C4H         LINE#         5861
  C:05C6H         LINE#         5863
  C:05C9H         LINE#         5868
  C:05CAH         LINE#         5869
  C:05CBH         LINE#         5870
  C:05CCH         LINE#         5871
  C:05CEH         LINE#         5875
  C:05D0H         LINE#         5876
  C:05D2H         LINE#         5880
  C:05D4H         LINE#         5882
  C:05D6H         LINE#         5886
  C:05D8H         LINE#         5888
  C:05DAH         LINE#         5890
  C:05DCH         LINE#         5894
  C:05DEH         LINE#         5896
  C:05E0H         LINE#         5900
  C:05E2H         LINE#         5901
  C:05E4H         LINE#         5903
  C:05E6H         LINE#         5908
  C:05E9H         LINE#         5912
  C:05EBH         LINE#         5914
  C:05EDH         LINE#         5918
  C:05EFH         LINE#         5919
  C:05F1H         LINE#         5921
  C:05F3H         LINE#         5925
  C:05F5H         LINE#         5927
  C:05F7H         LINE#         5931
  C:05F9H         LINE#         5933
  C:05FBH         LINE#         5934
  C:05FDH         LINE#         5935
  C:05FFH         LINE#         5939
  C:0601H         LINE#         5940
  C:0603H         LINE#         5942
  C:0605H         LINE#         5944
  C:0607H         LINE#         5948
  C:0609H         LINE#         5950
BL51 BANKED LINKER/LOCATER V6.22                                                      01/10/2019  19:42:26  PAGE 57


  C:060BH         LINE#         5954
  C:060DH         LINE#         5955
  C:060FH         LINE#         5956
  C:0611H         LINE#         5958
  C:0613H         LINE#         5963
  C:0615H         LINE#         5967
  C:0617H         LINE#         5969
  C:0619H         LINE#         5973
  C:061BH         LINE#         5975
  C:061DH         LINE#         5979
  C:061FH         LINE#         5981
  C:0621H         LINE#         5985
  C:0623H         LINE#         5987
  C:0625H         LINE#         5991
  C:0627H         LINE#         5993
  C:0629H         LINE#         5997
  C:062BH         LINE#         5999
  C:062DH         LINE#         6004
  C:062FH         LINE#         6009
  C:0631H         LINE#         6010
  C:0633H         LINE#         6011
  C:0636H         LINE#         6015
  C:0638H         LINE#         6017
  C:063AH         LINE#         6021
  C:063CH         LINE#         6023
  C:063EH         LINE#         6027
  C:0640H         LINE#         6029
  C:0642H         LINE#         6033
  C:0644H         LINE#         6035
  C:0646H         LINE#         6039
  C:0648H         LINE#         6041
  C:064AH         LINE#         6045
  C:064CH         LINE#         6047
  C:064EH         LINE#         6048
  C:0651H         LINE#         6053
  C:0653H         LINE#         6054
  C:0655H         LINE#         6055
  C:0658H         LINE#         6059
  C:065BH         LINE#         6067
  C:065DH         LINE#         6068
  C:065FH         LINE#         6069
  C:0661H         LINE#         6071
  C:0663H         LINE#         6075
  C:0665H         LINE#         6076
  C:0667H         LINE#         6077
  C:0669H         LINE#         6079
  C:066CH         LINE#         6087
  C:066FH         LINE#         6088
  C:0670H         LINE#         6089
  C:0671H         LINE#         6090
  C:0672H         LINE#         6091
  C:0674H         LINE#         6092
  C:0675H         LINE#         6093
  C:0676H         LINE#         6094
  C:0678H         LINE#         6095
  C:067AH         LINE#         6096
  C:067CH         LINE#         6097
BL51 BANKED LINKER/LOCATER V6.22                                                      01/10/2019  19:42:26  PAGE 58


  C:067FH         LINE#         6101
  C:0682H         LINE#         6109
  C:16EDH         LINE#         6135
  C:16EEH         LINE#         6136
  C:16EFH         LINE#         6138
  C:16F0H         LINE#         6139
  C:16F1H         LINE#         6140
  C:16F4H         LINE#         6144
  C:16F5H         LINE#         6160
  C:16F6H         LINE#         6161
  C:16F7H         LINE#         6163
  C:16F8H         LINE#         6164
  C:16F9H         LINE#         6165
  C:16FCH         LINE#         6169
  C:159FH         LINE#         6182
  C:15A1H         LINE#         6188
  C:15A3H         LINE#         6189
  C:15A6H         LINE#         6193
  C:15A7H         LINE#         6194
  C:15A8H         LINE#         6200
  C:15A9H         LINE#         6201
  C:15ACH         LINE#         6202
  C:15AEH         LINE#         6203
  C:15B0H         LINE#         6207
  C:15B2H         LINE#         6212
  C:15B4H         LINE#         6213
  C:15B7H         LINE#         6214
  C:15B9H         LINE#         6215
  C:15BCH         LINE#         6218
  C:15BDH         LINE#         6219
  C:15BFH         LINE#         6220
  C:15C0H         LINE#         6223
  C:15C1H         LINE#         6224
  C:15C2H         LINE#         6225
  C:15C5H         LINE#         6229
  C:15C7H         LINE#         6232
  C:15EFH         LINE#         6248
  C:15F1H         LINE#         6251
  C:15F4H         LINE#         6253
  C:15F5H         LINE#         6254
  C:15F6H         LINE#         6258
  C:15F7H         LINE#         6264
  C:15F9H         LINE#         6265
  C:15FCH         LINE#         6266
  C:15FDH         LINE#         6267
  C:15FFH         LINE#         6268
  C:1600H         LINE#         6271
  C:1603H         LINE#         6272
  C:1605H         LINE#         6273
  C:1606H         LINE#         6277
  C:1608H         LINE#         6278
  C:160BH         LINE#         6281
  C:160CH         LINE#         6282
  C:160DH         LINE#         6283
  C:1610H         LINE#         6287
  C:1612H         LINE#         6290
  C:1614H         LINE#         6294
BL51 BANKED LINKER/LOCATER V6.22                                                      01/10/2019  19:42:26  PAGE 59


  C:16E4H         LINE#         6309
  C:16E6H         LINE#         6310
  C:16E9H         LINE#         6313
  C:16ECH         LINE#         6317
  C:1615H         LINE#         6338
  C:1616H         LINE#         6339
  C:1617H         LINE#         6340
  C:1618H         LINE#         6342
  C:1619H         LINE#         6343
  C:161AH         LINE#         6344
  C:161BH         LINE#         6345
  C:161CH         LINE#         6346
  C:161DH         LINE#         6347
  C:161FH         LINE#         6351
  C:1620H         LINE#         6352
  C:1621H         LINE#         6353
  C:1622H         LINE#         6357
  C:1623H         LINE#         6358
  C:1626H         LINE#         6359
  C:1627H         LINE#         6361
  C:162AH         LINE#         6362
  C:162DH         LINE#         6364
  C:162EH         LINE#         6365
  C:1631H         LINE#         6366
  C:1632H         LINE#         6368
  C:1634H         LINE#         6372
  C:16FDH         LINE#         6385
  C:16FFH         LINE#         6389
  C:1702H         LINE#         6394
  C:1704H         LINE#         6397
  C:167BH         LINE#         6416
  C:167EH         LINE#         6417
  C:167FH         LINE#         6418
  C:1681H         LINE#         6424
  C:1684H         LINE#         6427
  C:1686H         LINE#         6428
  C:1687H         LINE#         6429
  C:1688H         LINE#         6430
  C:1689H         LINE#         6431
  C:168AH         LINE#         6432
  C:168BH         LINE#         6438
  C:168DH         LINE#         6442
  C:164FH         LINE#         6455
  C:1652H         LINE#         6458
  C:1655H         LINE#         6461
  C:1658H         LINE#         6464
  C:165BH         LINE#         6467
  C:165EH         LINE#         6470
  C:1661H         LINE#         6473
  C:1663H         LINE#         6476
  C:1665H         LINE#         6479
  C:1666H         LINE#         6498
  C:1667H         LINE#         6499
  C:1668H         LINE#         6501
  C:1669H         LINE#         6502
  C:166AH         LINE#         6503
  C:166BH         LINE#         6504
BL51 BANKED LINKER/LOCATER V6.22                                                      01/10/2019  19:42:26  PAGE 60


  C:166DH         LINE#         6507
  C:166EH         LINE#         6510
  C:166FH         LINE#         6514
  C:1671H         LINE#         6518
  C:1673H         LINE#         6525
  C:1675H         LINE#         6530
  C:1677H         LINE#         6533
  C:1678H         LINE#         6534
  C:167AH         LINE#         6536
  C:1635H         LINE#         6554
  C:1638H         LINE#         6569
  C:163BH         LINE#         6570
  C:163EH         LINE#         6571
  C:163FH         LINE#         6572
  C:1640H         LINE#         6575
  C:1643H         LINE#         6578
  C:1644H         LINE#         6579
  C:1645H         LINE#         6580
  C:1648H         LINE#         6583
  C:164AH         LINE#         6584
  C:164DH         LINE#         6590
  C:168EH         LINE#         6606
  C:1691H         LINE#         6607
  C:1692H         LINE#         6608
  C:1693H         LINE#         6613
  C:1694H         LINE#         6615
  C:1696H         LINE#         6619
  C:1698H         LINE#         6621
  C:1699H         LINE#         6623
  C:169BH         LINE#         6625
  C:169CH         LINE#         6627
  C:169EH         LINE#         6629
  C:16A0H         LINE#         6633
  -------         ENDMOD        TEXT1

*** WARNING L1: UNRESOLVED EXTERNAL SYMBOL
    SYMBOL:  ?C_START
    MODULE:  STARTUP.obj (?C_STARTUP)

*** WARNING L2: REFERENCE MADE TO UNRESOLVED EXTERNAL
    SYMBOL:  ?C_START
    MODULE:  STARTUP.obj (?C_STARTUP)
    ADDRESS: 16CCH

*** WARNING L1: UNRESOLVED EXTERNAL SYMBOL
    SYMBOL:  RAND
    MODULE:  Text1.obj (TEXT1)

*** WARNING L1: UNRESOLVED EXTERNAL SYMBOL
    SYMBOL:  ?C?LSTKXDATA
    MODULE:  Text1.obj (TEXT1)

*** WARNING L1: UNRESOLVED EXTERNAL SYMBOL
    SYMBOL:  ?C?ULSHR
    MODULE:  Text1.obj (TEXT1)

*** WARNING L1: UNRESOLVED EXTERNAL SYMBOL
BL51 BANKED LINKER/LOCATER V6.22                                                      01/10/2019  19:42:26  PAGE 61


    SYMBOL:  ?C?LSHL
    MODULE:  Text1.obj (TEXT1)

*** WARNING L1: UNRESOLVED EXTERNAL SYMBOL
    SYMBOL:  ?C?LSTXDATA
    MODULE:  Text1.obj (TEXT1)

*** WARNING L1: UNRESOLVED EXTERNAL SYMBOL
    SYMBOL:  ?C?UIDIV
    MODULE:  Text1.obj (TEXT1)

*** WARNING L1: UNRESOLVED EXTERNAL SYMBOL
    SYMBOL:  ?C?SIDIV
    MODULE:  Text1.obj (TEXT1)

*** WARNING L1: UNRESOLVED EXTERNAL SYMBOL
    SYMBOL:  ?C?FCASTC
    MODULE:  Text1.obj (TEXT1)

*** WARNING L1: UNRESOLVED EXTERNAL SYMBOL
    SYMBOL:  ?C?FCASTI
    MODULE:  Text1.obj (TEXT1)

*** WARNING L1: UNRESOLVED EXTERNAL SYMBOL
    SYMBOL:  ?C?FPDIV
    MODULE:  Text1.obj (TEXT1)

*** WARNING L1: UNRESOLVED EXTERNAL SYMBOL
    SYMBOL:  ?C?CASTF
    MODULE:  Text1.obj (TEXT1)

*** WARNING L1: UNRESOLVED EXTERNAL SYMBOL
    SYMBOL:  ?C?COPY
    MODULE:  Text1.obj (TEXT1)

*** WARNING L1: UNRESOLVED EXTERNAL SYMBOL
    SYMBOL:  ?C?CLDPTR
    MODULE:  Text1.obj (TEXT1)

*** WARNING L2: REFERENCE MADE TO UNRESOLVED EXTERNAL
    SYMBOL:  ?C?LSTKXDATA
    MODULE:  Text1.obj (TEXT1)
    ADDRESS: 154DH

*** WARNING L2: REFERENCE MADE TO UNRESOLVED EXTERNAL
    SYMBOL:  ?C?ULSHR
    MODULE:  Text1.obj (TEXT1)
    ADDRESS: 1296H

*** WARNING L2: REFERENCE MADE TO UNRESOLVED EXTERNAL
    SYMBOL:  ?C?ULSHR
    MODULE:  Text1.obj (TEXT1)
    ADDRESS: 12B5H

*** WARNING L2: REFERENCE MADE TO UNRESOLVED EXTERNAL
    SYMBOL:  ?C?ULSHR
    MODULE:  Text1.obj (TEXT1)
BL51 BANKED LINKER/LOCATER V6.22                                                      01/10/2019  19:42:26  PAGE 62


    ADDRESS: 12FCH

*** WARNING L2: REFERENCE MADE TO UNRESOLVED EXTERNAL
    SYMBOL:  ?C?ULSHR
    MODULE:  Text1.obj (TEXT1)
    ADDRESS: 131BH

*** WARNING L2: REFERENCE MADE TO UNRESOLVED EXTERNAL
    SYMBOL:  ?C?SIDIV
    MODULE:  Text1.obj (TEXT1)
    ADDRESS: 1353H

*** WARNING L2: REFERENCE MADE TO UNRESOLVED EXTERNAL
    SYMBOL:  ?C?LSHL
    MODULE:  Text1.obj (TEXT1)
    ADDRESS: 1370H

*** WARNING L2: REFERENCE MADE TO UNRESOLVED EXTERNAL
    SYMBOL:  ?C?LSHL
    MODULE:  Text1.obj (TEXT1)
    ADDRESS: 1386H

*** WARNING L2: REFERENCE MADE TO UNRESOLVED EXTERNAL
    SYMBOL:  ?C?LSTXDATA
    MODULE:  Text1.obj (TEXT1)
    ADDRESS: 123DH

*** WARNING L2: REFERENCE MADE TO UNRESOLVED EXTERNAL
    SYMBOL:  ?C?LSTXDATA
    MODULE:  Text1.obj (TEXT1)
    ADDRESS: 11CDH

*** WARNING L2: REFERENCE MADE TO UNRESOLVED EXTERNAL
    SYMBOL:  ?C?LSTXDATA
    MODULE:  Text1.obj (TEXT1)
    ADDRESS: 0DC1H

*** WARNING L2: REFERENCE MADE TO UNRESOLVED EXTERNAL
    SYMBOL:  ?C?LSTXDATA
    MODULE:  Text1.obj (TEXT1)
    ADDRESS: 0E05H

*** WARNING L2: REFERENCE MADE TO UNRESOLVED EXTERNAL
    SYMBOL:  ?C?LSTKXDATA
    MODULE:  Text1.obj (TEXT1)
    ADDRESS: 0E4BH

*** WARNING L2: REFERENCE MADE TO UNRESOLVED EXTERNAL
    SYMBOL:  ?C?UIDIV
    MODULE:  Text1.obj (TEXT1)
    ADDRESS: 0EECH

*** WARNING L2: REFERENCE MADE TO UNRESOLVED EXTERNAL
    SYMBOL:  ?C?LSTXDATA
    MODULE:  Text1.obj (TEXT1)
    ADDRESS: 0EF7H

BL51 BANKED LINKER/LOCATER V6.22                                                      01/10/2019  19:42:26  PAGE 63


*** WARNING L2: REFERENCE MADE TO UNRESOLVED EXTERNAL
    SYMBOL:  ?C?LSTKXDATA
    MODULE:  Text1.obj (TEXT1)
    ADDRESS: 0F46H

*** WARNING L2: REFERENCE MADE TO UNRESOLVED EXTERNAL
    SYMBOL:  ?C?LSTXDATA
    MODULE:  Text1.obj (TEXT1)
    ADDRESS: 13ADH

*** WARNING L2: REFERENCE MADE TO UNRESOLVED EXTERNAL
    SYMBOL:  ?C?LSTXDATA
    MODULE:  Text1.obj (TEXT1)
    ADDRESS: 13E0H

*** WARNING L2: REFERENCE MADE TO UNRESOLVED EXTERNAL
    SYMBOL:  ?C?SIDIV
    MODULE:  Text1.obj (TEXT1)
    ADDRESS: 0BE8H

*** WARNING L2: REFERENCE MADE TO UNRESOLVED EXTERNAL
    SYMBOL:  ?C?LSTXDATA
    MODULE:  Text1.obj (TEXT1)
    ADDRESS: 0BF7H

*** WARNING L2: REFERENCE MADE TO UNRESOLVED EXTERNAL
    SYMBOL:  ?C?SIDIV
    MODULE:  Text1.obj (TEXT1)
    ADDRESS: 0C18H

*** WARNING L2: REFERENCE MADE TO UNRESOLVED EXTERNAL
    SYMBOL:  ?C?LSTXDATA
    MODULE:  Text1.obj (TEXT1)
    ADDRESS: 0C2BH

*** WARNING L2: REFERENCE MADE TO UNRESOLVED EXTERNAL
    SYMBOL:  ?C?LSTKXDATA
    MODULE:  Text1.obj (TEXT1)
    ADDRESS: 0C7BH

*** WARNING L2: REFERENCE MADE TO UNRESOLVED EXTERNAL
    SYMBOL:  ?C?LSTKXDATA
    MODULE:  Text1.obj (TEXT1)
    ADDRESS: 0C96H

*** WARNING L2: REFERENCE MADE TO UNRESOLVED EXTERNAL
    SYMBOL:  ?C?SIDIV
    MODULE:  Text1.obj (TEXT1)
    ADDRESS: 0AC5H

*** WARNING L2: REFERENCE MADE TO UNRESOLVED EXTERNAL
    SYMBOL:  ?C?LSTXDATA
    MODULE:  Text1.obj (TEXT1)
    ADDRESS: 0AD4H

*** WARNING L2: REFERENCE MADE TO UNRESOLVED EXTERNAL
    SYMBOL:  ?C?SIDIV
BL51 BANKED LINKER/LOCATER V6.22                                                      01/10/2019  19:42:26  PAGE 64


    MODULE:  Text1.obj (TEXT1)
    ADDRESS: 0AFAH

*** WARNING L2: REFERENCE MADE TO UNRESOLVED EXTERNAL
    SYMBOL:  ?C?LSTXDATA
    MODULE:  Text1.obj (TEXT1)
    ADDRESS: 0B0DH

*** WARNING L2: REFERENCE MADE TO UNRESOLVED EXTERNAL
    SYMBOL:  ?C?LSTKXDATA
    MODULE:  Text1.obj (TEXT1)
    ADDRESS: 0B67H

*** WARNING L2: REFERENCE MADE TO UNRESOLVED EXTERNAL
    SYMBOL:  ?C?LSTKXDATA
    MODULE:  Text1.obj (TEXT1)
    ADDRESS: 0B84H

*** WARNING L2: REFERENCE MADE TO UNRESOLVED EXTERNAL
    SYMBOL:  ?C?SIDIV
    MODULE:  Text1.obj (TEXT1)
    ADDRESS: 099DH

*** WARNING L2: REFERENCE MADE TO UNRESOLVED EXTERNAL
    SYMBOL:  ?C?LSTXDATA
    MODULE:  Text1.obj (TEXT1)
    ADDRESS: 09ACH

*** WARNING L2: REFERENCE MADE TO UNRESOLVED EXTERNAL
    SYMBOL:  ?C?SIDIV
    MODULE:  Text1.obj (TEXT1)
    ADDRESS: 09CFH

*** WARNING L2: REFERENCE MADE TO UNRESOLVED EXTERNAL
    SYMBOL:  ?C?LSTXDATA
    MODULE:  Text1.obj (TEXT1)
    ADDRESS: 09E2H

*** WARNING L2: REFERENCE MADE TO UNRESOLVED EXTERNAL
    SYMBOL:  ?C?LSTKXDATA
    MODULE:  Text1.obj (TEXT1)
    ADDRESS: 0A3EH

*** WARNING L2: REFERENCE MADE TO UNRESOLVED EXTERNAL
    SYMBOL:  ?C?LSTKXDATA
    MODULE:  Text1.obj (TEXT1)
    ADDRESS: 0A5EH

*** WARNING L2: REFERENCE MADE TO UNRESOLVED EXTERNAL
    SYMBOL:  ?C?LSTXDATA
    MODULE:  Text1.obj (TEXT1)
    ADDRESS: 0CEBH

*** WARNING L2: REFERENCE MADE TO UNRESOLVED EXTERNAL
    SYMBOL:  ?C?LSTXDATA
    MODULE:  Text1.obj (TEXT1)
    ADDRESS: 0D12H
BL51 BANKED LINKER/LOCATER V6.22                                                      01/10/2019  19:42:26  PAGE 65



*** WARNING L2: REFERENCE MADE TO UNRESOLVED EXTERNAL
    SYMBOL:  ?C?LSTKXDATA
    MODULE:  Text1.obj (TEXT1)
    ADDRESS: 0D79H

*** WARNING L2: REFERENCE MADE TO UNRESOLVED EXTERNAL
    SYMBOL:  ?C?LSTKXDATA
    MODULE:  Text1.obj (TEXT1)
    ADDRESS: 0D98H

*** WARNING L2: REFERENCE MADE TO UNRESOLVED EXTERNAL
    SYMBOL:  RAND
    MODULE:  Text1.obj (TEXT1)
    ADDRESS: 16B4H

*** WARNING L2: REFERENCE MADE TO UNRESOLVED EXTERNAL
    SYMBOL:  ?C?SIDIV
    MODULE:  Text1.obj (TEXT1)
    ADDRESS: 16BBH

*** WARNING L2: REFERENCE MADE TO UNRESOLVED EXTERNAL
    SYMBOL:  ?C?FCASTC
    MODULE:  Text1.obj (TEXT1)
    ADDRESS: 1119H

*** WARNING L2: REFERENCE MADE TO UNRESOLVED EXTERNAL
    SYMBOL:  ?C?FCASTI
    MODULE:  Text1.obj (TEXT1)
    ADDRESS: 112DH

*** WARNING L2: REFERENCE MADE TO UNRESOLVED EXTERNAL
    SYMBOL:  ?C?FPDIV
    MODULE:  Text1.obj (TEXT1)
    ADDRESS: 1140H

*** WARNING L2: REFERENCE MADE TO UNRESOLVED EXTERNAL
    SYMBOL:  ?C?LSTXDATA
    MODULE:  Text1.obj (TEXT1)
    ADDRESS: 1146H

*** WARNING L2: REFERENCE MADE TO UNRESOLVED EXTERNAL
    SYMBOL:  ?C?CASTF
    MODULE:  Text1.obj (TEXT1)
    ADDRESS: 1176H

*** WARNING L2: REFERENCE MADE TO UNRESOLVED EXTERNAL
    SYMBOL:  ?C?COPY
    MODULE:  Text1.obj (TEXT1)
    ADDRESS: 083FH

*** WARNING L2: REFERENCE MADE TO UNRESOLVED EXTERNAL
    SYMBOL:  ?C?COPY
    MODULE:  Text1.obj (TEXT1)
    ADDRESS: 0852H

*** WARNING L2: REFERENCE MADE TO UNRESOLVED EXTERNAL
BL51 BANKED LINKER/LOCATER V6.22                                                      01/10/2019  19:42:26  PAGE 66


    SYMBOL:  ?C?COPY
    MODULE:  Text1.obj (TEXT1)
    ADDRESS: 0865H

*** WARNING L2: REFERENCE MADE TO UNRESOLVED EXTERNAL
    SYMBOL:  ?C?CLDPTR
    MODULE:  Text1.obj (TEXT1)
    ADDRESS: 167CH

Program Size: data=9.0 xdata=1445 code=5901
LINK/LOCATE RUN COMPLETE.  66 WARNING(S),  0 ERROR(S)
